1783101094 $SYS/broker/publish/messages/dropped 0
1783101094 $SYS/broker/clients/total 8
1783101094 $SYS/broker/clients/inactive 0
1783101094 $SYS/broker/clients/disconnected 0
1783101094 $SYS/broker/clients/active 8
1783101094 $SYS/broker/clients/connected 8
1783101094 $SYS/broker/clients/expired 0
1783101094 $SYS/broker/clients/maximum 8
1783101094 $SYS/broker/messages/stored 51
1783101094 $SYS/broker/messages/received 26
1783101094 $SYS/broker/messages/sent 276
1783101102 $SYS/broker/clients/total 2813
1783101102 $SYS/broker/clients/maximum 2813
1783101102 $SYS/broker/clients/active 2813
1783101102 $SYS/broker/clients/connected 2813
1783101102 $SYS/broker/messages/stored 111
1783101102 $SYS/broker/messages/received 23386
1783101102 $SYS/broker/messages/sent 23764
1783101113 $SYS/broker/clients/total 7682
1783101113 $SYS/broker/clients/maximum 7682
1783101113 $SYS/broker/clients/inactive -1
1783101113 $SYS/broker/clients/disconnected -1
1783101113 $SYS/broker/clients/active 7683
1783101113 $SYS/broker/clients/connected 7683
1783101113 $SYS/broker/messages/stored 8252
1783101113 $SYS/broker/messages/received 136614
1783101113 $SYS/broker/messages/sent 137152
1783101113 $SYS/broker/publish/messages/dropped 3478
1783101124 $SYS/broker/clients/total 10009
1783101124 $SYS/broker/clients/maximum 10009
1783101124 $SYS/broker/clients/inactive 0
1783101124 $SYS/broker/clients/disconnected 0
1783101124 $SYS/broker/clients/active 10009
1783101124 $SYS/broker/clients/connected 10009
1783101124 $SYS/broker/messages/stored 8371
1783101124 $SYS/broker/messages/received 307693
1783101124 $SYS/broker/messages/sent 308292
1783101124 $SYS/broker/publish/messages/dropped 44619
1783101135 $SYS/broker/messages/stored 8328
1783101135 $SYS/broker/messages/received 508484
1783101135 $SYS/broker/messages/sent 509138
1783101135 $SYS/broker/publish/messages/dropped 63901
1783101146 $SYS/broker/messages/stored 6384
1783101146 $SYS/broker/messages/received 710513
1783101146 $SYS/broker/messages/sent 711222
1783101146 $SYS/broker/publish/messages/dropped 83792
1783101157 $SYS/broker/messages/stored 4859
1783101157 $SYS/broker/messages/received 926096
1783101157 $SYS/broker/messages/sent 926860
1783101157 $SYS/broker/publish/messages/dropped 89763
1783101168 $SYS/broker/messages/stored 230
1783101168 $SYS/broker/messages/received 1150598
1783101168 $SYS/broker/messages/sent 1151354
1783101168 $SYS/broker/publish/messages/dropped 89866
1783101179 $SYS/broker/messages/stored 1300
1783101179 $SYS/broker/messages/received 1369542
1783101179 $SYS/broker/messages/sent 1370467
1783101190 $SYS/broker/messages/stored 1477
1783101190 $SYS/broker/messages/received 1589383
1783101190 $SYS/broker/messages/sent 1590362
1783101201 $SYS/broker/messages/stored 583
1783101201 $SYS/broker/messages/received 1810279
1783101201 $SYS/broker/messages/sent 1811312
1783101212 $SYS/broker/messages/stored 2126
1783101212 $SYS/broker/messages/received 2028752
1783101212 $SYS/broker/messages/sent 2029839
1783101223 $SYS/broker/messages/stored 1421
1783101223 $SYS/broker/messages/received 2249448
1783101223 $SYS/broker/messages/sent 2250589
1783101234 $SYS/broker/messages/stored 623
1783101234 $SYS/broker/messages/received 2470260
1783101234 $SYS/broker/messages/sent 2471455
1783101245 $SYS/broker/messages/stored 2152
1783101245 $SYS/broker/messages/received 2688733
1783101245 $SYS/broker/messages/sent 2689982
1783101256 $SYS/broker/messages/stored 2899
1783101256 $SYS/broker/messages/received 2907990
1783101256 $SYS/broker/messages/sent 2909293
1783101267 $SYS/broker/messages/stored 84
1783101267 $SYS/broker/messages/received 3130805
1783101267 $SYS/broker/messages/sent 3132035
1783101278 $SYS/broker/messages/stored 67
1783101278 $SYS/broker/messages/received 3350849
1783101278 $SYS/broker/messages/sent 3352116
1783101289 $SYS/broker/messages/stored 412
1783101289 $SYS/broker/messages/received 3570506
1783101289 $SYS/broker/messages/sent 3571960
1783101300 $SYS/broker/messages/stored 398
1783101300 $SYS/broker/messages/received 3790522
1783101300 $SYS/broker/messages/sent 3792041
1783101311 $SYS/broker/messages/stored 2787
1783101311 $SYS/broker/messages/received 4008181
1783101311 $SYS/broker/messages/sent 4009805
1783101322 $SYS/broker/messages/stored 7584
1783101322 $SYS/broker/messages/received 4220417
1783101322 $SYS/broker/messages/sent 4222095
1783101322 $SYS/broker/publish/messages/dropped 92829
1783101333 $SYS/broker/messages/stored 2862
1783101333 $SYS/broker/messages/received 4443318
1783101333 $SYS/broker/messages/sent 4445051
1783101333 $SYS/broker/publish/messages/dropped 94614
1783101344 $SYS/broker/messages/stored 4316
1783101344 $SYS/broker/messages/received 4661931
1783101344 $SYS/broker/messages/sent 4663719
1783101355 $SYS/broker/messages/stored 1234
1783101355 $SYS/broker/messages/received 4885015
1783101355 $SYS/broker/messages/sent 4886857
1783101366 $SYS/broker/messages/stored 4356
1783101366 $SYS/broker/messages/received 5101897
1783101366 $SYS/broker/messages/sent 5103793
1783101377 $SYS/broker/messages/stored 3663
1783101377 $SYS/broker/messages/received 5322590
1783101377 $SYS/broker/messages/sent 5324540
1783101388 $SYS/broker/messages/stored 1791
1783101388 $SYS/broker/messages/received 5544472
1783101388 $SYS/broker/messages/sent 5546476
1783101399 $SYS/broker/messages/stored 6883
1783101399 $SYS/broker/messages/received 5760678
1783101399 $SYS/broker/messages/sent 5762736
1783101399 $SYS/broker/publish/messages/dropped 94804
1783101410 $SYS/broker/messages/stored 8275
1783101410 $SYS/broker/messages/received 5973667
1783101410 $SYS/broker/messages/sent 5975780
1783101410 $SYS/broker/publish/messages/dropped 105295
1783101421 $SYS/broker/messages/stored 1913
1783101421 $SYS/broker/messages/received 6203214
1783101421 $SYS/broker/messages/sent 6205382
1783101421 $SYS/broker/publish/messages/dropped 105807
1783101432 $SYS/broker/messages/stored 7792
1783101432 $SYS/broker/messages/received 6416521
1783101432 $SYS/broker/messages/sent 6418744
1783101432 $SYS/broker/publish/messages/dropped 106595
1783101443 $SYS/broker/messages/stored 8290
1783101443 $SYS/broker/messages/received 6628805
1783101443 $SYS/broker/messages/sent 6631134
1783101443 $SYS/broker/publish/messages/dropped 113817
1783101454 $SYS/broker/messages/stored 686
1783101454 $SYS/broker/messages/received 6854576
1783101454 $SYS/broker/messages/sent 6856960
1783101454 $SYS/broker/publish/messages/dropped 115652
