procs -----------메모리---------- ---스왑-- ---입출력-- -시스템-- ------CPU----- -----타임스탬프----
 r  b 스왑 가용 버퍼 캐시  입  출   입   출   in   cs us sy id wa st                      KST
 3  0      0   3252     61    838    0    0     1     6    0    0  0  0 99  0  0 2026-07-04 02:51:34
 9  1      0   3221     61    838    0    0     0   180 5617 14073 20  3 76  1  0 2026-07-04 02:51:36
11  1      0   3191     61    841    0    0     0  1570 14333 42388 66 11 22  2  0 2026-07-04 02:51:38
12  1      0   3166     61    844    0    0     0  1948 18069 53445 64 15 20  1  0 2026-07-04 02:51:40
18  1      0   3016     61    849    0    0     0  2478 18955 56997 61 19 19  1  0 2026-07-04 02:51:42
14  1      0   2718     61    854    0    0     0  3256 20386 58673 62 19 18  1  0 2026-07-04 02:51:44
15  0      0   2551     61    877    0    0     0 10610 21691 62001 59 23 17  1  0 2026-07-04 02:51:46
11  1      0   2531     61    885    0    0     0  4452 22216 59692 61 22 17  0  0 2026-07-04 02:51:48
 6  1      0   2496     61    894    0    0     0  3992 22782 60700 61 22 17  1  0 2026-07-04 02:51:50
22  1      0   2451     61    919    0    0     0 12308 24492 69555 58 23 17  1  0 2026-07-04 02:51:52
16  1      0   2436     61    947    0    0     0 13518 25534 70960 57 26 17  0  0 2026-07-04 02:51:54
 8  1      0   2402     61    958    0    0     6  5128 26803 75565 57 27 16  1  0 2026-07-04 02:51:56
 4  1      0   2375     61    983    0    0     0 11856 25527 67887 57 24 18  1  0 2026-07-04 02:51:58
13  0      0   2345     61    993    0    0     0  5230 25537 68096 55 26 18  1  0 2026-07-04 02:52:00
23  1      0   2310     61   1017    0    0     2 11816 24300 66821 56 24 19  1  0 2026-07-04 02:52:02
17  0      0   2295     62   1026    0    0     0  5406 22975 59240 56 25 18  1  0 2026-07-04 02:52:04
15  5      0   2253     62   1051    0    0     0 11964 25328 69197 54 27 15  4  0 2026-07-04 02:52:06
20  0      0   2225     62   1062    0    0     0  5900 24779 69707 52 28 18  2  0 2026-07-04 02:52:08
14  2      0   2202     62   1084    0    0    60 22420 27323 96725 47 31 18  4  0 2026-07-04 02:52:10
10  0      0   2170     62   1088    0    0     2 22772 28218 100012 46 30 17  7  0 2026-07-04 02:52:12
17  1      0   2144     62   1119    0    0     0 14804 26365 83357 49 31 19  1  0 2026-07-04 02:52:14
procs -----------메모리---------- ---스왑-- ---입출력-- -시스템-- ------CPU----- -----타임스탬프----
 r  b 스왑 가용 버퍼 캐시  입  출   입   출   in   cs us sy id wa st                      KST
 8  0      0   2108     62   1130    0    0     0  6206 25076 76160 52 28 20  1  0 2026-07-04 02:52:16
27  0      0   2087     62   1158    0    0     0 13398 26415 82029 51 28 19  1  0 2026-07-04 02:52:18
 9  1      0   2033     62   1185    0    0     0 13738 26296 77688 52 28 19  1  0 2026-07-04 02:52:20
29  0      0   1999     62   1198    0    0     0  6536 26115 83565 51 29 20  1  0 2026-07-04 02:52:22
16  0      0   1958     62   1227    0    0     0 14166 27164 99674 47 32 19  2  0 2026-07-04 02:52:24
17  0      0   1918     62   1256    0    0     0 14238 27943 106790 46 31 21  2  0 2026-07-04 02:52:26
17  1      0   1895     62   1286    0    0     0 14872 27459 94298 48 30 21  1  0 2026-07-04 02:52:28
 7  0      0   1857     62   1302    0    0     0  7958 27180 90747 49 30 20  1  0 2026-07-04 02:52:30
13  1      0   1819     62   1331    0    0     0 14294 28069 105037 48 30 21  1  0 2026-07-04 02:52:32
31  0      0   1785     62   1361    0    0     0 14372 27331 98045 48 30 21  1  0 2026-07-04 02:52:34
16  0      0   1748     62   1390    0    0     0 14658 28264 107493 46 31 21  1  0 2026-07-04 02:52:36
 7  1      0   1713     62   1421    0    0     0 15144 26925 93675 48 31 20  1  0 2026-07-04 02:52:38
15  1      0   1700     62   1436    0    0     0  7478 27440 94253 48 30 20  2  0 2026-07-04 02:52:40
13  2      0   1677     62   1464    0    0     0 18096 28582 109485 47 31 22  1  0 2026-07-04 02:52:42
 7  3      0   1672     62   1470    0    0     2 33576 30206 122196 45 33 15  8  0 2026-07-04 02:52:44
15  0      0   1644     62   1489    0    0     0 28744 32306 148036 36 31 28  5  0 2026-07-04 02:52:46
 3  1      0   1615     62   1523    0    0     0 15596 28275 105569 46 33 20  1  0 2026-07-04 02:52:48
 9  0      0   1601     62   1538    0    0     0  7860 26833 93937 49 29 21  1  0 2026-07-04 02:52:50
 9  0      0   1561     62   1569    0    0     0 15136 28794 112805 46 31 20  3  0 2026-07-04 02:52:52
17  0      0   1526     62   1600    0    0     0 14738 27220 100228 47 31 20  1  0 2026-07-04 02:52:54
12  1      0   1513     62   1630    0    0     0 14762 28359 108555 46 32 20  1  0 2026-07-04 02:52:56
procs -----------메모리---------- ---스왑-- ---입출력-- -시스템-- ------CPU----- -----타임스탬프----
 r  b 스왑 가용 버퍼 캐시  입  출   입   출   in   cs us sy id wa st                      KST
13  0      0   1471     62   1662    0    0     0 14872 28367 106441 46 30 22  1  0 2026-07-04 02:52:58
25  1      0   1437     62   1694    0    0     0 14148 27407 92510 48 32 20  1  0 2026-07-04 02:53:00
21  0      0   1404     62   1709    0    0     0  8664 28138 109476 44 31 22  2  0 2026-07-04 02:53:02
 8  0      0   1389     62   1741    0    0     0 15194 28134 106262 45 34 20  1  0 2026-07-04 02:53:04
29  0      0   1361     62   1770    0    0     0 13950 27534 106762 44 32 23  1  0 2026-07-04 02:53:06
 8  1      0   1332     62   1800    0    0     0 15088 28607 110763 43 32 23  1  0 2026-07-04 02:53:08
15  1      0   1285     62   1832    0    0     0 15028 27224 97223 46 32 21  1  0 2026-07-04 02:53:10
14  1      0   1275     62   1849    0    0     0  8394 26839 96900 47 32 20  1  0 2026-07-04 02:53:12
13  0      0   1250     62   1878    0    0     0 13646 28376 111607 44 31 23  2  0 2026-07-04 02:53:14
 7  0      0   1221     62   1907    0    0     0 14334 28607 106928 48 29 21  1  0 2026-07-04 02:53:16
10  2      0   1216     62   1913    0    0     0 43964 31060 136002 40 31 21  8  0 2026-07-04 02:53:18
19  1      0   1184     62   1935    0    0     0 28016 31973 138203 38 32 23  7  0 2026-07-04 02:53:20
10  1      0   1169     62   1957    0    0     0 18026 31392 134875 40 32 21  7  0 2026-07-04 02:53:22
15  1      0   1164     62   1963    0    0     0 16484 31412 135845 40 32 26  3  0 2026-07-04 02:53:24
29  1      0   1134     62   1990    0    0    42 15814 30231 125731 42 32 22  4  0 2026-07-04 02:53:26
24  0      0   1106     62   2018    0    0     0 16986 29207 114025 44 32 23  1  0 2026-07-04 02:53:28
15  2      0   1074     62   2050    0    0     2 14920 28220 101417 47 31 21  1  0 2026-07-04 02:53:30
24  1      0   1053     62   2063    0    0     0 14416 28657 105650 47 30 22  2  0 2026-07-04 02:53:32
19  0      0   1031     62   2091    0    0     2 16092 29222 106930 48 31 18  3  0 2026-07-04 02:53:34
11  1      0   1001     62   2118    0    0     2 17972 29207 117579 44 32 23  2  0 2026-07-04 02:53:36
20  1      0    969     62   2151    0    0     0 20242 27386 97565 47 32 20  1  0 2026-07-04 02:53:38
procs -----------메모리---------- ---스왑-- ---입출력-- -시스템-- ------CPU----- -----타임스탬프----
 r  b 스왑 가용 버퍼 캐시  입  출   입   출   in   cs us sy id wa st                      KST
12  1      0    960     62   2162    0    0     0  7874 29509 115249 44 31 23  2  0 2026-07-04 02:53:40
20  1      0    928     62   2190    0    0     0 17400 29209 118329 43 33 22  2  0 2026-07-04 02:53:42
16  1      0    898     62   2221    0    0     4 18200 28267 105687 46 32 20  2  0 2026-07-04 02:53:44
14  0      0    888     62   2233    0    0     0 10102 28816 108785 45 30 23  2  0 2026-07-04 02:53:46
13  0      0    839     62   2263    0    0     0 17112 28871 113269 43 32 23  2  0 2026-07-04 02:53:48
19  0      0    829     62   2289    0    0     0 15952 29489 117815 42 34 20  3  0 2026-07-04 02:53:50
 9  2      0    823     62   2297    0    0     0 34192 30936 134626 38 33 21  8  0 2026-07-04 02:53:52
15  1      0    805     62   2306    0    0     0 25304 29554 115889 44 32 19  5  0 2026-07-04 02:53:54
16  0      0    784     62   2334    0    0     0 16108 29764 119328 42 32 23  2  0 2026-07-04 02:53:56
21  0      0    753     62   2365    0    0     2 18660 28572 111368 44 32 22  2  0 2026-07-04 02:53:58
 8  1      0    723     62   2393    0    0     0 16970 29340 111364 45 32 22  2  0 2026-07-04 02:54:00
27  0      0    704     62   2413    0    0     0 13214 26442 95996 47 30 21  1  0 2026-07-04 02:54:02
15  1      0    663     62   2441    0    0     0 17568 29183 115736 45 31 22  3  0 2026-07-04 02:54:04
25  0      0    647     62   2470    0    0     0 16832 28474 110277 45 32 21  2  0 2026-07-04 02:54:06
10  0      0    621     62   2499    0    0     0 17568 29556 115811 43 32 23  2  0 2026-07-04 02:54:08
15  1      0    591     62   2514    0    0     8 11548 27558 97182 47 31 21  1  0 2026-07-04 02:54:10
17  0      0    572     62   2542    0    0     0 16790 27950 110408 46 30 23  1  0 2026-07-04 02:54:12
16  1      0    548     62   2569    0    0     0 16016 29879 117690 45 31 22  2  0 2026-07-04 02:54:14
 8  1      0    516     62   2601    0    0     0 19746 26472 94114 48 31 20  1  0 2026-07-04 02:54:16
 7  1      0    496     62   2614    0    0     0 10940 28560 110933 45 32 22  1  0 2026-07-04 02:54:18
11  1      0    474     62   2642    0    0     0 16790 29578 117261 45 30 24  2  0 2026-07-04 02:54:20
procs -----------메모리---------- ---스왑-- ---입출력-- -시스템-- ------CPU----- -----타임스탬프----
 r  b 스왑 가용 버퍼 캐시  입  출   입   출   in   cs us sy id wa st                      KST
12  1      0    445     63   2670    0    0     0 17000 28889 109471 46 33 20  2  0 2026-07-04 02:54:22
28  3      0    432     63   2684    0    0     0 18982 27584 101457 48 31 19  2  0 2026-07-04 02:54:24
12  1      0    388     63   2702    0    0     4 38220 33492 150161 36 31 24 10  0 2026-07-04 02:54:26
15  1      0    419     63   2711    0    0     0 23258 31318 131607 41 32 22  4  0 2026-07-04 02:54:28
14  1      0    390     63   2740    0    0     0 17276 29417 111274 43 32 23  2  0 2026-07-04 02:54:30
18  2      0    356     63   2769    0    0     0 17308 28289 104480 45 33 20  1  0 2026-07-04 02:54:32
15  1      0    344     63   2783    0    0     0 11330 27492 102329 45 34 20  2  0 2026-07-04 02:54:34
17  0      0    319     63   2811    0    0     0 16612 29740 120632 42 34 22  2  0 2026-07-04 02:54:36
21  1      0    290     63   2839    0    0     0 16758 29715 115205 44 33 22  2  0 2026-07-04 02:54:38
10  1      0    276     63   2854    0    0     0 11926 27661 97895 46 32 20  1  0 2026-07-04 02:54:40
19  1      0    217     63   2883    0    0     0 16954 29438 117980 43 32 22  2  0 2026-07-04 02:54:42
23  0      0    218     63   2911    0    0     0 16024 29611 117524 45 32 20  3  0 2026-07-04 02:54:44
 6  2      0    204     63   2924    0    0     0 29848 29246 117002 44 32 21  3  0 2026-07-04 02:54:46
21  2      0    195     63   2946    0    0     0 21142 31184 130061 41 30 22  7  0 2026-07-04 02:54:48
20  1      0    188     63   2957    0    0   138  5912 29343 111114 45 31 16  8  0 2026-07-04 02:54:50
13  3      0    195     63   2961    0    0    46 12840 29780 124070 43 31 15 10  0 2026-07-04 02:54:52
10  0      0    202     63   2947    0    0   866  6730 27112 95738 49 30 18  3  0 2026-07-04 02:54:54
15  2      0    191     63   2956    0    0   398 12998 28192 104818 47 30 19  3  0 2026-07-04 02:54:56
14  3      0    189     63   2955    0    0    48 23888 29724 122390 38 28 22 13  0 2026-07-04 02:54:58
 9  2      0    201     63   2947    0    0   270 25966 30839 121141 43 32 18  7  0 2026-07-04 02:55:00
27  0      0    203     63   2961    0    0   276 12984 27506 102814 48 31 20  1  0 2026-07-04 02:55:02
procs -----------메모리---------- ---스왑-- ---입출력-- -시스템-- ------CPU----- -----타임스탬프----
 r  b 스왑 가용 버퍼 캐시  입  출   입   출   in   cs us sy id wa st                      KST
16  1      0    203     63   2969    0    0     0 12824 27088 99878 46 32 21  1  0 2026-07-04 02:55:04
23  0      0    190     63   2960    0    0   452 10478 26847 94393 48 30 20  2  0 2026-07-04 02:55:06
18  0      0    196     63   2960    0    0     0 11372 27567 107101 45 32 21  2  0 2026-07-04 02:55:08
18  0      0    196     63   2953    0    0   280 11976 27433 97342 46 31 22  1  0 2026-07-04 02:55:10
22  0      0    198     63   2956    0    0    58 11676 27525 95830 47 32 20  1  0 2026-07-04 02:55:12
10  1      0    198     62   2935    0    0     6 13032 25945 83638 49 32 19  0  0 2026-07-04 02:55:14
18  0      0    188     62   2938    0    0   204  9724 27183 95718 48 31 18  3  0 2026-07-04 02:55:16
10  1      0    188     62   2956    0    0     0 14592 26907 97518 46 33 20  1  0 2026-07-04 02:55:18
13  0      0    192     62   2965    0    0   112 11582 28288 103309 46 32 21  2  0 2026-07-04 02:55:20
15  2      0    198     62   2954    0    0   254 11900 27100 96881 47 32 20  1  0 2026-07-04 02:55:22
20  1      0    187     62   2960    0    0   154 11476 27589 101950 47 32 20  1  0 2026-07-04 02:55:24
13  1      0    184     62   2966    0    0    34 12852 27088 98629 47 30 21  2  0 2026-07-04 02:55:26
36  2      0    198     62   2953    0    0    34 11854 27127 96353 49 30 20  1  0 2026-07-04 02:55:28
20  4      0    193     62   2944    0    0   166 19024 28740 112676 48 30 18  5  0 2026-07-04 02:55:30
27  3      0    194     62   2946    0    0   372 25324 30129 130491 40 30 19 11  0 2026-07-04 02:55:32
14  5      0    201     62   2939    0    0    90 32012 29343 122295 40 31 18 11  0 2026-07-04 02:55:34
16  1      0    211     62   2948    0    0   398 11586 27213 103816 46 31 19  4  0 2026-07-04 02:55:36
19  0      0    184     62   2957    0    0    28 11848 27708 102439 47 30 20  2  0 2026-07-04 02:55:38
13  0      0    195     62   2952    0    0   134 11408 28739 105325 47 31 21  2  0 2026-07-04 02:55:40
14  0      0    198     62   2952    0    0   312 12454 27089 92835 49 30 19  2  0 2026-07-04 02:55:42
16  1      0    196     62   2971    0    0     2 14120 26612 97068 47 31 21  1  0 2026-07-04 02:55:44
procs -----------메모리---------- ---스왑-- ---입출력-- -시스템-- ------CPU----- -----타임스탬프----
 r  b 스왑 가용 버퍼 캐시  입  출   입   출   in   cs us sy id wa st                      KST
17  2      0    193     62   2964    0    0    42 15288 28883 114615 45 31 17  7  0 2026-07-04 02:55:46
18  2      0    210     61   2940    0    0   376 23180 30673 130160 39 31 20 10  0 2026-07-04 02:55:48
18  1      0    204     61   2950    0    0   536 11084 28280 103396 45 32 20  3  0 2026-07-04 02:55:50
27  2      0    200     61   2961    0    0   190 13568 27336 101667 46 34 19  1  0 2026-07-04 02:55:52
11  0      0    195     61   2966    0    0   112 12968 26831 96872 46 33 20  1  0 2026-07-04 02:55:54
10  0      0    200     61   2956    0    0   198  9172 28814 109687 46 31 20  2  0 2026-07-04 02:55:56
11  0      0    183     61   2978    0    0    92 11804 27556 102749 44 33 21  2  0 2026-07-04 02:55:58
20  1      0    201     60   2960    0    0    30 12012 27868 102453 45 32 22  1  0 2026-07-04 02:56:00
13  4      0    205     60   2945    0    0   732 10636 27788 101084 48 31 18  3  0 2026-07-04 02:56:02
17  4      0    198     60   2956    0    0   608 11844 27645 96426 48 31 19  1  0 2026-07-04 02:56:04
11  0      0    200     60   2944    0    0   364 10238 26266 89761 51 29 19  2  0 2026-07-04 02:56:06
13  2      0    190     60   2939    0    0   286 33872 28527 110390 46 31 19  4  0 2026-07-04 02:56:08
14  2      0    210     60   2930    0    0    46 10730 30011 116111 46 30 16  7  0 2026-07-04 02:56:10
12  2      0    197     60   2946    0    0     0 10926 28412 109267 45 31 16  9  0 2026-07-04 02:56:12
18  0      0    204     60   2948    0    0     0  8410 27297 98409 47 30 17  6  0 2026-07-04 02:56:14
 5  2      0    186     60   2965    0    0     6 10666 26887 92440 48 31 19  1  0 2026-07-04 02:56:16
 8  2      0    192     60   2963    0    0   164 13162 31614 145398 40 33 16 11  0 2026-07-04 02:56:18
18  1      0    187     60   2965    0    0    32 16172 28319 111055 45 31 21  3  0 2026-07-04 02:56:20
29  0      0    198     60   2974    0    0     0 13226 26699 93332 47 32 20  2  0 2026-07-04 02:56:22
14  1      0    199     60   2962    0    0    20 15170 29423 119261 43 32 15 10  0 2026-07-04 02:56:24
13  0      0    205     60   2958    0    0     0 11860 27372 97245 47 33 20  1  0 2026-07-04 02:56:26
procs -----------메모리---------- ---스왑-- ---입출력-- -시스템-- ------CPU----- -----타임스탬프----
 r  b 스왑 가용 버퍼 캐시  입  출   입   출   in   cs us sy id wa st                      KST
 9  1      0    196     60   2968    0    0     0 11980 27100 99187 46 33 20  1  0 2026-07-04 02:56:28
17  0      0    194     60   2970    0    0     0 13324 27112 95642 46 33 20  1  0 2026-07-04 02:56:30
13  0      0    195     59   2964    0    0     0  9478 27683 102990 47 32 20  1  0 2026-07-04 02:56:32
21  1      0    196     59   2968    0    0     0 13020 27503 96328 48 31 20  1  0 2026-07-04 02:56:34
10  1      0    188     59   2981    0    0     0 13340 27127 95041 45 33 21  1  0 2026-07-04 02:56:36
10  0      0    203     59   2957    0    0     0 10424 27571 99941 48 31 20  1  0 2026-07-04 02:56:38
14  1      0    190     59   2971    0    0     0 12080 28414 100208 46 32 20  1  0 2026-07-04 02:56:40
24  1      0    185     59   2979    0    0     0 12844 27383 94723 46 30 22  1  0 2026-07-04 02:56:42
14  0      0    195     59   2969    0    0     4 10824 28951 96991 50 30 19  1  0 2026-07-04 02:56:44
16  0      0    200     59   2967    0    0     0 11432 27661 100194 45 32 21  1  0 2026-07-04 02:56:46
19  1      0    187     58   2965    0    0     6 11660 27543 90153 50 30 19  1  0 2026-07-04 02:56:48
17  1      0    187     58   2982    0    0     0 11912 26831 89625 49 31 20  1  0 2026-07-04 02:56:50
15  2      0    189     58   2976    0    0     4 18462 28759 104142 45 30 20  5  0 2026-07-04 02:56:52
20  2      0    192     58   2961    0    0     2 35112 29747 123283 45 31 15  9  0 2026-07-04 02:56:54
11  1      0    191     58   2973    0    0     0 23510 30078 119723 45 31 19  5  0 2026-07-04 02:56:56
14  1      0    193     58   2975    0    0     0 11588 28578 109318 46 31 21  2  0 2026-07-04 02:56:58
12  0      0    211     58   2956    0    0    24 11772 27279 96054 49 31 19  1  0 2026-07-04 02:57:00
24  0      0    201     58   2967    0    0     0 13016 27513 97414 47 32 20  1  0 2026-07-04 02:57:02
22  0      0    192     58   2967    0    0     0 12632 26829 92713 48 32 20  1  0 2026-07-04 02:57:04
23  1      0    198     57   2974    0    0     0 12436 26458 92933 47 33 20  1  0 2026-07-04 02:57:06
18  0      0    189     57   2983    0    0     0 11810 27181 101931 45 33 21  1  0 2026-07-04 02:57:08
procs -----------메모리---------- ---스왑-- ---입출력-- -시스템-- ------CPU----- -----타임스탬프----
 r  b 스왑 가용 버퍼 캐시  입  출   입   출   in   cs us sy id wa st                      KST
 6  1      0    189     57   2983    0    0     0 12764 27197 97960 45 33 20  1  0 2026-07-04 02:57:10
12  1      0    197     57   2973    0    0     0 11286 27351 93527 49 31 19  1  0 2026-07-04 02:57:12
16  1      0    200     57   2971    0    0    10 11372 26899 91949 46 32 21  1  0 2026-07-04 02:57:14
15  1      0    192     57   2977    0    0     0 12332 27316 99843 48 32 19  1  0 2026-07-04 02:57:16
21  1      0    198     57   2975    0    0     0 12276 27091 93163 49 30 19  2  0 2026-07-04 02:57:18
12  1      0    185     57   2977    0    0     0 12652 27399 98746 48 31 20  1  0 2026-07-04 02:57:20
20  1      0    184     57   2986    0    0     0 12298 27037 101693 47 31 20  1  0 2026-07-04 02:57:22
19  0      0    209     56   2961    0    0     0 10366 27527 91844 50 30 19  1  0 2026-07-04 02:57:24
18  3      0    188     56   2981    0    0     0 30692 29552 116618 44 31 23  2  0 2026-07-04 02:57:26
10  3      0    199     56   2972    0    0     2 31694 29449 112769 38 26 20 16  0 2026-07-04 02:57:28
 5  2      0    196     56   2978    0    0     0 16850 28609 103435 48 29 15  8  0 2026-07-04 02:57:30
21  1      0    205     56   2972    0    0     0  7486 27634 101691 47 31 15  7  0 2026-07-04 02:57:32
25  1      0    186     56   2975    0    0     0  7738 27838 101957 47 32 20  1  0 2026-07-04 02:57:34
 1  2      0    213     56   2982    0    0    28 14040 24124 99699 41 26 29  5  0 2026-07-04 02:57:36
 5  0      0    194     56   3007    0    0     0 25428 13304 77459 16  9 61 13  0 2026-07-04 02:57:38
 1  1      0    191     56   3010    0    0     0 17418 13185 70904 35 14 45  6  0 2026-07-04 02:57:40
