1783100627 $SYS/broker/publish/messages/dropped 0
1783100627 $SYS/broker/clients/total 0
1783100627 $SYS/broker/clients/inactive 0
1783100627 $SYS/broker/clients/disconnected 0
1783100627 $SYS/broker/clients/active 0
1783100627 $SYS/broker/clients/connected 0
1783100627 $SYS/broker/clients/expired 0
1783100627 $SYS/broker/messages/stored 50
1783100627 $SYS/broker/messages/received 12
1783100627 $SYS/broker/messages/sent 312
1783100630 $SYS/broker/clients/total 577
1783100630 $SYS/broker/clients/maximum 577
1783100630 $SYS/broker/clients/active 577
1783100630 $SYS/broker/clients/connected 577
1783100630 $SYS/broker/messages/stored 334
1783100630 $SYS/broker/messages/received 2409
1783100630 $SYS/broker/messages/sent 2855
1783100641 $SYS/broker/clients/total 5435
1783100641 $SYS/broker/clients/maximum 5435
1783100641 $SYS/broker/clients/active 5435
1783100641 $SYS/broker/clients/connected 5435
1783100641 $SYS/broker/messages/stored 4211
1783100641 $SYS/broker/messages/received 96997
1783100641 $SYS/broker/messages/sent 97501
1783100641 $SYS/broker/publish/messages/dropped 43207
1783100652 $SYS/broker/clients/total 10005
1783100652 $SYS/broker/clients/maximum 10005
1783100652 $SYS/broker/clients/active 10005
1783100652 $SYS/broker/clients/connected 10005
1783100652 $SYS/broker/messages/received 288477
1783100652 $SYS/broker/messages/sent 289039
1783100652 $SYS/broker/publish/messages/dropped 202773
1783100663 $SYS/broker/messages/received 531428
1783100663 $SYS/broker/messages/sent 532044
1783100663 $SYS/broker/publish/messages/dropped 403166
1783100674 $SYS/broker/messages/received 781395
1783100674 $SYS/broker/messages/sent 782065
1783100674 $SYS/broker/publish/messages/dropped 593261
1783100685 $SYS/broker/messages/received 1039654
1783100685 $SYS/broker/messages/sent 1040378
1783100685 $SYS/broker/publish/messages/dropped 775042
1783100696 $SYS/broker/messages/received 1298577
1783100696 $SYS/broker/messages/sent 1299406
1783100696 $SYS/broker/publish/messages/dropped 956026
1783100707 $SYS/broker/messages/received 1552680
1783100707 $SYS/broker/messages/sent 1553563
1783100707 $SYS/broker/publish/messages/dropped 1141903
1783100718 $SYS/broker/messages/received 1818427
1783100718 $SYS/broker/messages/sent 1819364
1783100718 $SYS/broker/publish/messages/dropped 1316146
1783100729 $SYS/broker/messages/received 2076757
1783100729 $SYS/broker/messages/sent 2077748
1783100729 $SYS/broker/publish/messages/dropped 1497852
1783100740 $SYS/broker/messages/received 2334778
1783100740 $SYS/broker/messages/sent 2335823
1783100740 $SYS/broker/publish/messages/dropped 1679795
1783100751 $SYS/broker/messages/received 2593100
1783100751 $SYS/broker/messages/sent 2594199
1783100751 $SYS/broker/publish/messages/dropped 1861500
1783100762 $SYS/broker/messages/received 2850371
1783100762 $SYS/broker/messages/sent 2851524
1783100762 $SYS/broker/publish/messages/dropped 2044189
1783100773 $SYS/broker/messages/received 3115389
1783100773 $SYS/broker/messages/sent 3116596
1783100773 $SYS/broker/publish/messages/dropped 2219173
1783100784 $SYS/broker/messages/stored 4210
1783100784 $SYS/broker/messages/received 3373544
1783100784 $SYS/broker/messages/sent 3374806
1783100784 $SYS/broker/publish/messages/dropped 2401021
1783100795 $SYS/broker/messages/stored 4211
1783100795 $SYS/broker/messages/received 3635768
1783100795 $SYS/broker/messages/sent 3637085
1783100795 $SYS/broker/publish/messages/dropped 2578788
1783100806 $SYS/broker/messages/received 3891066
1783100806 $SYS/broker/messages/sent 3892437
1783100806 $SYS/broker/publish/messages/dropped 2752106
1783100817 $SYS/broker/messages/received 4149715
1783100817 $SYS/broker/messages/sent 4151140
1783100817 $SYS/broker/publish/messages/dropped 2945074
1783100828 $SYS/broker/messages/received 4405658
1783100828 $SYS/broker/messages/sent 4407188
1783100828 $SYS/broker/publish/messages/dropped 3128909
1783100839 $SYS/broker/messages/received 4663268
1783100839 $SYS/broker/messages/sent 4664852
1783100839 $SYS/broker/publish/messages/dropped 3311309
1783100850 $SYS/broker/messages/received 4920700
1783100850 $SYS/broker/messages/sent 4922338
1783100850 $SYS/broker/publish/messages/dropped 3493879
1783100861 $SYS/broker/messages/received 5186529
1783100861 $SYS/broker/messages/sent 5188221
1783100861 $SYS/broker/publish/messages/dropped 3668044
1783100872 $SYS/broker/messages/received 5448868
1783100872 $SYS/broker/messages/sent 5450614
1783100872 $SYS/broker/publish/messages/dropped 3845716
1783100883 $SYS/broker/messages/received 5713097
1783100883 $SYS/broker/messages/sent 5714897
1783100883 $SYS/broker/publish/messages/dropped 4021483
1783100894 $SYS/broker/messages/received 5974119
1783100894 $SYS/broker/messages/sent 5975973
1783100894 $SYS/broker/publish/messages/dropped 4200461
1783100905 $SYS/broker/messages/received 6231296
1783100905 $SYS/broker/messages/sent 6233204
1783100905 $SYS/broker/publish/messages/dropped 4383290
1783100916 $SYS/broker/messages/received 6488959
1783100916 $SYS/broker/messages/sent 6490921
1783100916 $SYS/broker/publish/messages/dropped 4565633
1783100927 $SYS/broker/messages/received 6750480
1783100927 $SYS/broker/messages/sent 6752496
1783100927 $SYS/broker/publish/messages/dropped 4744106
1783100938 $SYS/broker/messages/received 7013748
1783100938 $SYS/broker/messages/sent 7015818
1783100938 $SYS/broker/publish/messages/dropped 4924944
1783100949 $SYS/broker/messages/received 7280088
1783100949 $SYS/broker/messages/sent 7282263
1783100949 $SYS/broker/publish/messages/dropped 5103482
1783100960 $SYS/broker/messages/received 7544810
1783100960 $SYS/broker/messages/sent 7547039
1783100960 $SYS/broker/publish/messages/dropped 5279849
1783100971 $SYS/broker/messages/stored 4183
1783100971 $SYS/broker/messages/received 7799537
1783100971 $SYS/broker/messages/sent 7801821
1783100971 $SYS/broker/publish/messages/dropped 5437248
1783100982 $SYS/broker/messages/stored 4211
1783100982 $SYS/broker/messages/received 8066014
1783100982 $SYS/broker/messages/sent 8068353
1783100982 $SYS/broker/publish/messages/dropped 5638655
