procs -----------메모리---------- ---스왑-- ---입출력-- -시스템-- ------CPU----- -----타임스탬프----
 r  b 스왑 가용 버퍼 캐시  입  출   입   출   in   cs us sy id wa st                      KST
 4  0      0   3317     57    831    0    0     1     6    0    0  0  0 99  0  0 2026-07-04 02:43:47
11  1      0   3299     57    831    0    0     0    56 3889 9247 12  2 85  1  0 2026-07-04 02:43:49
11  1      0   3262     57    833    0    0     0  1370 15213 39934 66 13 20  2  0 2026-07-04 02:43:51
16  1      0   3231     57    836    0    0     0  2162 18510 46292 63 17 19  1  0 2026-07-04 02:43:53
17  0      0   3165     57    840    0    0     0  2080 20628 50766 61 20 19  1  0 2026-07-04 02:43:55
15  0      0   2962     57    844    0    0    60  2140 20803 49043 60 20 19  1  0 2026-07-04 02:43:57
17  1      0   2804     57    849    0    0     0  2500 22793 50840 58 22 19  1  0 2026-07-04 02:43:59
15  1      0   2765     57    870    0    0     0 10504 23632 50807 58 21 19  1  0 2026-07-04 02:44:01
14  1      0   2758     57    874    0    0     0  2728 24763 51763 57 22 20  1  0 2026-07-04 02:44:03
 6  0      0   2735     57    878    0    0     0  1788 24965 48654 57 21 20  2  0 2026-07-04 02:44:05
 8  1      0   2693     57    880    0    0     0  1346 26253 45481 51 21 25  3  0 2026-07-04 02:44:07
 6  1      0   2583     57    883    0    0     0  1348 25739 45876 51 24 23  2  0 2026-07-04 02:44:09
 5  0      0   2539     57    885    0    0     0  1008 25064 39239 47 20 29  4  0 2026-07-04 02:44:11
 6  1      0   2533     57    886    0    0    10  1606 25951 38322 49 22 27  2  0 2026-07-04 02:44:13
17  1      0   2505     57    908    0    0     0 11120 28005 55121 52 26 21  1  0 2026-07-04 02:44:15
12  0      0   2501     57    911    0    0     0  1826 26200 43475 51 23 24  2  0 2026-07-04 02:44:17
 6  1      0   2479     57    914    0    0     0  1954 26263 50806 47 23 27  3  0 2026-07-04 02:44:19
 8  1      0   2477     57    916    0    0     0 12194 27242 55444 38 22 33  6  0 2026-07-04 02:44:21
 7  1      0   2467     57    919    0    0     0  2184 27860 61117 46 25 27  2  0 2026-07-04 02:44:23
 4  1      0   2448     57    920    0    0     0   832 26808 48091 46 21 29  4  0 2026-07-04 02:44:25
10  0      0   2440     57    924    0    0     0  2328 29749 70586 49 26 22  4  0 2026-07-04 02:44:27
procs -----------메모리---------- ---스왑-- ---입출력-- -시스템-- ------CPU----- -----타임스탬프----
 r  b 스왑 가용 버퍼 캐시  입  출   입   출   in   cs us sy id wa st                      KST
13  1      0   2442     57    946    0    0     0 11518 31670 96345 35 28 33  4  0 2026-07-04 02:44:29
 7  1      0   2437     57    950    0    0     0  2642 31442 91919 33 29 34  5  0 2026-07-04 02:44:31
12  2      0   2432     57    956    0    0     0  3502 31768 96599 35 30 31  4  0 2026-07-04 02:44:33
 4  1      0   2381     57    978    0    0     0 11566 32857 102887 35 32 29  4  0 2026-07-04 02:44:35
10  1      0   2376     57    984    0    0     0  3368 32924 100345 35 33 28  4  0 2026-07-04 02:44:37
 8  1      0   2375     57    988    0    0     0  2504 30691 89444 33 30 33  5  0 2026-07-04 02:44:39
11  1      0   2352     57   1008    0    0     0 10552 32796 105493 29 32 34  5  0 2026-07-04 02:44:41
13  1      0   2331     57   1014    0    0     0  3490 31821 96241 32 31 33  4  0 2026-07-04 02:44:43
 8  1      0   2319     57   1020    0    0     0  3326 31898 94494 37 32 28  3  0 2026-07-04 02:44:45
 4  1      0   2335     57   1024    0    0     0  2574 32380 94280 33 30 32  5  0 2026-07-04 02:44:47
 7  1      0   2302     57   1046    0    0     2 11308 32595 106125 34 29 33  4  0 2026-07-04 02:44:49
10  1      0   2284     57   1050    0    0     0  2794 31876 94445 31 28 35  5  0 2026-07-04 02:44:51
 3  1      0   2270     57   1057    0    0     0 22848 32966 106240 37 30 27  6  0 2026-07-04 02:44:53
 6  1      0   2228     57   1079    0    0     0 11200 33323 108085 32 29 35  5  0 2026-07-04 02:44:55
 2  1      0   2233     57   1084    0    0     0  2844 32619 96187 36 29 30  4  0 2026-07-04 02:44:57
 5  1      0   2220     57   1089    0    0     0  2806 31261 92033 37 27 31  5  0 2026-07-04 02:44:59
 5  2      0   2193     57   1109    0    0    16 10468 30274 84712 39 26 29  6  0 2026-07-04 02:45:01
 4  1      0   2191     57   1115    0    0     0  3330 31581 98407 37 29 30  4  0 2026-07-04 02:45:03
 3  1      0   2173     57   1120    0    0     0  3154 31874 95612 35 30 31  4  0 2026-07-04 02:45:05
13  0      0   2160     57   1124    0    0     2  2662 32753 96514 35 30 30  5  0 2026-07-04 02:45:07
 4  1      0   2125     57   1147    0    0     0 11916 31776 101743 38 31 27  5  0 2026-07-04 02:45:09
procs -----------메모리---------- ---스왑-- ---입출력-- -시스템-- ------CPU----- -----타임스탬프----
 r  b 스왑 가용 버퍼 캐시  입  출   입   출   in   cs us sy id wa st                      KST
 6  1      0   2111     57   1153    0    0     0  3206 31365 91866 37 31 28  3  0 2026-07-04 02:45:11
15  1      0   2086     57   1175    0    0     0 11274 33512 109561 33 33 31  3  0 2026-07-04 02:45:13
15  1      0   2069     57   1182    0    0     0  4100 31711 97624 33 32 32  4  0 2026-07-04 02:45:15
10  1      0   2070     57   1188    0    0     0  3508 33203 99441 36 34 27  3  0 2026-07-04 02:45:17
12  0      0   2038     57   1211    0    0     0 11732 32441 104426 35 31 30  4  0 2026-07-04 02:45:19
 5  1      0   2042     57   1216    0    0     0  3326 32684 100427 31 28 35  5  0 2026-07-04 02:45:21
 8  2      0   2024     57   1220    0    0     2  8530 31957 98652 28 26 38  7  0 2026-07-04 02:45:23
 8  1      0   2002     57   1241    0    0     2 10846 34175 113524 31 30 34  5  0 2026-07-04 02:45:25
11  1      0   1994     57   1248    0    0     0  3876 31986 90549 37 27 32  4  0 2026-07-04 02:45:27
 9  1      0   1989     57   1253    0    0     0  2874 32914 106572 33 28 34  4  0 2026-07-04 02:45:29
 3  1      0   1982     57   1257    0    0     0  2736 32184 99025 28 26 40  6  0 2026-07-04 02:45:31
 2  1      0   1962     57   1278    0    0     0 11094 33268 107985 33 27 33  7  0 2026-07-04 02:45:33
 7  1      0   1949     57   1283    0    0     0 26298 32965 111029 29 26 34 11  0 2026-07-04 02:45:35
17  0      0   1931     57   1288    0    0     0  3362 32969 96060 39 28 29  3  0 2026-07-04 02:45:37
 7  1      0   1917     57   1310    0    0     0 11684 33450 108539 33 29 33  5  0 2026-07-04 02:45:39
 5  1      0   1910     57   1314    0    0     0  2266 31882 98658 27 24 43  6  0 2026-07-04 02:45:41
 3  1      0   1903     57   1319    0    0     0  3176 33348 102806 34 29 32  4  0 2026-07-04 02:45:43
 6  1      0   1878     57   1340    0    0     0 10632 33805 113395 33 30 33  5  0 2026-07-04 02:45:45
13  1      0   1870     57   1346    0    0     0  3464 31852 91938 31 25 38  6  0 2026-07-04 02:45:47
13  1      0   1846     57   1352    0    0     0  3372 32614 99952 35 29 32  4  0 2026-07-04 02:45:49
 2  1      0   1827     58   1374    0    0     6 11338 33857 112359 32 32 32  4  0 2026-07-04 02:45:51
procs -----------메모리---------- ---스왑-- ---입출력-- -시스템-- ------CPU----- -----타임스탬프----
 r  b 스왑 가용 버퍼 캐시  입  출   입   출   in   cs us sy id wa st                      KST
13  1      0   1820     58   1381    0    0     0  3720 32267 97497 31 30 35  5  0 2026-07-04 02:45:53
 4  1      0   1787     58   1388    0    0     0  4204 33664 107886 35 34 28  3  0 2026-07-04 02:45:55
 4  1      0   1777     58   1408    0    0     0 10200 34321 106321 31 30 34  6  0 2026-07-04 02:45:57
 5  1      0   1769     58   1414    0    0     0  3608 30850 92103 29 29 38  5  0 2026-07-04 02:45:59
 5  1      0   1769     58   1419    0    0     0  3084 32847 102271 29 31 35  5  0 2026-07-04 02:46:01
 2  1      0   1756     58   1424    0    0     0  3210 32603 102418 30 30 35  5  0 2026-07-04 02:46:03
 3  1      0   1738     58   1444    0    0     2 10752 32951 101357 28 30 37  5  0 2026-07-04 02:46:05
11  1      0   1721     58   1453    0    0     0 26108 33755 106402 36 34 24  6  0 2026-07-04 02:46:07
10  1      0   1708     58   1476    0    0     0 12014 33115 104676 35 34 27  4  0 2026-07-04 02:46:09
14  1      0   1704     58   1481    0    0     0  2888 33046 103384 31 30 35  5  0 2026-07-04 02:46:11
 5  1      0   1691     58   1487    0    0     0  3574 33100 103451 34 31 32  4  0 2026-07-04 02:46:13
 3  1      0   1669     58   1507    0    0     0 10382 33561 108373 32 30 34  4  0 2026-07-04 02:46:15
 6  1      0   1661     58   1513    0    0     0  3676 33106 97911 33 29 33  5  0 2026-07-04 02:46:17
11  1      0   1663     58   1518    0    0     0  2804 32724 102628 31 30 34  5  0 2026-07-04 02:46:19
 3  1      0   1644     58   1524    0    0     0  3250 33740 112955 34 31 31  4  0 2026-07-04 02:46:21
11  1      0   1629     58   1545    0    0     0 11072 31741 99833 27 25 42  6  0 2026-07-04 02:46:23
 4  0      0   1623     58   1552    0    0     0  3516 33343 101753 35 31 30  4  0 2026-07-04 02:46:25
 1  2      0   1596     58   1576    0    0     2  7872 33836 100925 40 32 25  3  0 2026-07-04 02:46:27
 5  1      0   1594     58   1584    0    0     0  8120 34737 110678 33 29 32  6  0 2026-07-04 02:46:29
 9  1      0   1588     58   1589    0    0     0  3184 32701 99290 34 30 32  5  0 2026-07-04 02:46:31
 2  1      0   1567     58   1611    0    0     0 10808 32642 104406 30 28 37  5  0 2026-07-04 02:46:33
procs -----------메모리---------- ---스왑-- ---입출력-- -시스템-- ------CPU----- -----타임스탬프----
 r  b 스왑 가용 버퍼 캐시  입  출   입   출   in   cs us sy id wa st                      KST
 7  1      0   1563     58   1617    0    0     0  3376 33487 105001 34 29 33  4  0 2026-07-04 02:46:35
 3  2      0   1555     58   1624    0    0     2 10128 33310 99935 38 30 28  4  0 2026-07-04 02:46:37
10  1      0   1524     58   1647    0    0     4 28906 34103 120289 31 28 30 11  0 2026-07-04 02:46:39
 7  0      0   1511     58   1654    0    0     0  3784 31544 99254 31 28 36  5  0 2026-07-04 02:46:41
 2  0      0   1497     58   1662    0    0     0  4398 29082 100853 34 27 35  4  0 2026-07-04 02:46:43
 4  1      0   1463     58   1681    0    0     2  5736 32323 88507 23 27 45  6  0 2026-07-04 02:46:45
 2  1      0   1478     58   1684    0    0    30  6206 31305 84652 28 27 40  5  0 2026-07-04 02:46:47
 3  1      0   1469     58   1691    0    0     0  3512 32874 104310 34 30 32  4  0 2026-07-04 02:46:49
10  1      0   1464     58   1695    0    0    42  2448 32171 97014 29 27 38  6  0 2026-07-04 02:46:51
 7  1      0   1444     58   1716    0    0     0  8970 32113 101390 29 28 39  5  0 2026-07-04 02:46:53
 2  1      0   1431     58   1723    0    0     0  5268 31704 100084 30 27 37  5  0 2026-07-04 02:46:55
 3  1      0   1420     58   1727    0    0     0  2406 33375 94669 31 29 34  5  0 2026-07-04 02:46:57
 4  1      0   1426     58   1732    0    0     0  3132 32483 102945 31 30 34  5  0 2026-07-04 02:46:59
 3  1      0   1412     58   1753    0    0     0 10814 33516 105595 31 28 35  5  0 2026-07-04 02:47:01
 2  1      0   1405     58   1759    0    0     0  3598 32440 100357 33 30 32  4  0 2026-07-04 02:47:03
 7  1      0   1402     58   1762    0    0     0  2438 32642 100878 28 27 39  6  0 2026-07-04 02:47:05
 4  0      0   1392     58   1771    0    0     0  2800 32690 95538 34 31 31  4  0 2026-07-04 02:47:07
 4  1      0   1378     58   1788    0    0     2 11192 33516 106948 30 29 36  5  0 2026-07-04 02:47:09
 2  1      0   1370     58   1793    0    0     4 23106 32539 103638 27 27 36 10  0 2026-07-04 02:47:11
10  1      0   1364     58   1799    0    0     0  3300 32872 100831 34 31 32  4  0 2026-07-04 02:47:13
 7  1      0   1346     58   1820    0    0     0 11220 33383 108491 31 29 36  5  0 2026-07-04 02:47:15
procs -----------메모리---------- ---스왑-- ---입출력-- -시스템-- ------CPU----- -----타임스탬프----
 r  b 스왑 가용 버퍼 캐시  입  출   입   출   in   cs us sy id wa st                      KST
 5  1      0   1334     58   1825    0    0     0  2864 33233 98613 34 30 32  4  0 2026-07-04 02:47:17
10  1      0   1324     58   1831    0    0     0  3336 33394 109267 32 31 33  5  0 2026-07-04 02:47:19
 2  1      0   1310     58   1851    0    0     0 10328 32492 102887 28 28 38  6  0 2026-07-04 02:47:21
 2  1      0   1301     58   1858    0    0     0  3972 32235 98981 34 31 32  4  0 2026-07-04 02:47:23
 6  1      0   1296     58   1863    0    0     0  3154 33521 105136 34 30 32  4  0 2026-07-04 02:47:25
12  1      0   1281     58   1867    0    0     0  2500 33390 98001 32 30 34  5  0 2026-07-04 02:47:27
 3  1      0   1271     58   1889    0    0     0 11210 33341 104702 33 30 33  4  0 2026-07-04 02:47:29
 4  1      0   1269     58   1894    0    0     0  3162 33021 105414 33 30 33  4  0 2026-07-04 02:47:31
 2  2      0   1262     58   1900    0    0     0  3566 32596 101595 36 30 31  4  0 2026-07-04 02:47:33
 6  2      0   1225     58   1939    0    0     0 20150 33439 110187 30 28 33  9  0 2026-07-04 02:47:35
 5  1      0   1218     58   1942    0    0     0  9612 35480 129072 30 32 28  9  0 2026-07-04 02:47:37
 4  1      0   1182     58   1970    0    0     0 22288 31518 92464 36 30 30  4  0 2026-07-04 02:47:39
 2  2      0   1183     58   1976    0    0     0 10764 33550 112759 31 30 33  6  0 2026-07-04 02:47:41
 6  1      0   1163     58   1984    0    0     2 22384 33762 109843 35 32 26  8  0 2026-07-04 02:47:43
 4  1      0   1155     58   2004    0    0     0 10746 33942 111373 30 30 34  5  0 2026-07-04 02:47:45
 6  1      0   1146     58   2012    0    0   202  6026 32668 94534 33 30 33  4  0 2026-07-04 02:47:47
 7  1      0   1142     58   2015    0    0     0  3598 32520 96624 33 30 33  4  0 2026-07-04 02:47:49
 2  1      0   1120     58   2039    0    0     2 13130 33686 111580 33 31 31  4  0 2026-07-04 02:47:51
11  0      0   1111     58   2046    0    0     0  6220 33016 106564 32 30 34  4  0 2026-07-04 02:47:53
 3  1      0   1106     58   2053    0    0     0  5384 32461 101164 36 31 29  4  0 2026-07-04 02:47:55
 7  1      0   1076     58   2078    0    0     0 13672 33803 110966 34 33 30  3  0 2026-07-04 02:47:57
procs -----------메모리---------- ---스왑-- ---입출력-- -시스템-- ------CPU----- -----타임스탬프----
 r  b 스왑 가용 버퍼 캐시  입  출   입   출   in   cs us sy id wa st                      KST
19  0      0   1046     58   2082    0    0     0  3562 31717 92938 27 26 41  6  0 2026-07-04 02:47:59
 8  1      0   1069     58   2088    0    0     0  5284 32932 105456 34 30 32  4  0 2026-07-04 02:48:01
14  1      0   1047     58   2111    0    0     0 12730 34030 113982 33 33 30  4  0 2026-07-04 02:48:03
 4  1      0   1035     58   2118    0    0     0  5732 32044 96748 34 29 33  4  0 2026-07-04 02:48:05
 4  1      0   1021     58   2124    0    0    68  4348 33483 101605 35 30 31  4  0 2026-07-04 02:48:07
 3  2      0   1015     58   2144    0    0    32 11188 33602 109677 29 30 35  7  0 2026-07-04 02:48:09
 6  1      0   1008     58   2151    0    0     0  5820 32340 97757 32 29 34  4  0 2026-07-04 02:48:11
 6  2      0   1001     58   2157    0    0     0 10742 33737 112583 32 31 31  5  0 2026-07-04 02:48:13
 2  2      0    979     58   2180    0    0     0 30936 33248 109814 31 29 28 13  0 2026-07-04 02:48:15
 5  1      0    972     58   2187    0    0     0  6486 33082 103734 32 31 32  5  0 2026-07-04 02:48:17
 9  0      0    959     58   2192    0    0     0  3850 33820 104348 30 29 36  5  0 2026-07-04 02:48:19
 2  1      0    959     58   2197    0    0     0  3752 31424 98040 28 27 39  6  0 2026-07-04 02:48:21
 5  1      0    937     58   2220    0    0     0 13946 33503 110906 34 30 31  4  0 2026-07-04 02:48:23
13  0      0    932     58   2226    0    0     2  4058 32835 102540 31 31 34  4  0 2026-07-04 02:48:25
 6  0      0    912     58   2229    0    0     0  3474 32897 98071 31 28 35  6  0 2026-07-04 02:48:27
 2  1      0    904     58   2252    0    0     0 12538 33560 102071 32 29 33  6  0 2026-07-04 02:48:29
 4  1      0    902     58   2254    0    0     0  2672 31980 95602 27 26 41  6  0 2026-07-04 02:48:31
 4  1      0    895     58   2261    0    0     0  5664 32898 107387 35 32 30  4  0 2026-07-04 02:48:33
 4  1      0    872     58   2283    0    0     2 12116 34230 118123 34 31 30  5  0 2026-07-04 02:48:35
 2  2      0    870     58   2290    0    0     0  5490 32693 99261 34 29 31  6  0 2026-07-04 02:48:37
 2  1      0    862     58   2296    0    0     0  4716 33085 101953 30 28 35  7  0 2026-07-04 02:48:39
procs -----------메모리---------- ---스왑-- ---입출력-- -시스템-- ------CPU----- -----타임스탬프----
 r  b 스왑 가용 버퍼 캐시  입  출   입   출   in   cs us sy id wa st                      KST
24  1      0    817     58   2319    0    0    28 12192 32370 117988 32 30 31  6  0 2026-07-04 02:48:41
 3  1      0    832     58   2325    0    0     2  5840 32324 93128 30 30 35  5  0 2026-07-04 02:48:43
10  1      0    823     58   2331    0    0     0  6602 32568 103279 33 30 33  5  0 2026-07-04 02:48:45
 9  2      0    795     58   2353    0    0     4 33140 33863 113907 33 30 27 11  0 2026-07-04 02:48:47
 7  1      0    795     58   2360    0    0     0  6050 32835 99881 33 27 35  5  0 2026-07-04 02:48:49
 9  1      0    787     58   2367    0    0     0  5464 32695 103194 34 30 32  4  0 2026-07-04 02:48:51
14  0      0    765     58   2389    0    0     2 12768 33249 104991 34 30 31  5  0 2026-07-04 02:48:53
 3  1      0    760     58   2394    0    0     0  4154 32524 101224 32 25 37  5  0 2026-07-04 02:48:55
11  1      0    730     58   2399    0    0     0  3884 32745 97605 31 28 36  5  0 2026-07-04 02:48:57
 5  1      0    749     58   2405    0    0     0  4644 32920 95219 37 29 30  4  0 2026-07-04 02:48:59
 7  1      0    715     58   2428    0    0     0 13762 32652 107145 32 29 34  4  0 2026-07-04 02:49:01
 9  1      0    723     58   2433    0    0     0  4380 32659 99028 34 29 32  4  0 2026-07-04 02:49:03
 9  1      0    698     58   2456    0    0     0 12862 33406 109717 33 32 31  4  0 2026-07-04 02:49:05
 3  1      0    691     58   2463    0    0     0  5666 32285 100889 32 27 37  5  0 2026-07-04 02:49:07
 3  1      0    689     58   2466    0    0     0  3248 33597 97446 31 28 36  4  0 2026-07-04 02:49:09
 2  1      0    684     58   2471    0    0     0  3900 32727 102479 30 26 38  6  0 2026-07-04 02:49:11
 8  1      0    640     59   2494    0    0    16 13212 33275 107671 34 30 30  6  0 2026-07-04 02:49:13
 7  1      0    654     59   2499    0    0     0  4866 31484 100990 31 28 36  5  0 2026-07-04 02:49:15
 2  1      0    645     59   2506    0    0     0  5674 32614 105904 34 29 32  5  0 2026-07-04 02:49:17
 5  2      0    631     59   2523    0    0     4 31450 35809 123343 31 28 28 13  0 2026-07-04 02:49:19
11  1      0    607     59   2536    0    0     0 10172 32195 100848 38 30 28  4  0 2026-07-04 02:49:21
procs -----------메모리---------- ---스왑-- ---입출력-- -시스템-- ------CPU----- -----타임스탬프----
 r  b 스왑 가용 버퍼 캐시  입  출   입   출   in   cs us sy id wa st                      KST
 8  1      0    595     59   2557    0    0     0 11944 33359 112253 31 30 34  5  0 2026-07-04 02:49:23
 9  1      0    585     59   2566    0    0     0  7012 32347 100213 36 30 31  3  0 2026-07-04 02:49:25
 6  1      0    562     59   2572    0    0     0  4504 31176 96578 31 27 39  4  0 2026-07-04 02:49:27
 5  1      0    560     59   2593    0    0     0 11886 33416 98440 35 29 31  5  0 2026-07-04 02:49:29
 2  1      0    550     59   2602    0    0    10  7548 29278 108518 35 29 31  4  0 2026-07-04 02:49:31
 2  0      0    544     59   2604    0    0     0  1194 31204 76461 19 24 52  4  0 2026-07-04 02:49:33
 2  1      0    549     59   2608    0    0     0  3482 32646 96667 30 26 37  6  0 2026-07-04 02:49:35
12  1      0    525     59   2629    0    0     0 12522 32985 106594 31 27 36  6  0 2026-07-04 02:49:37
12  1      0    505     59   2636    0    0    52  5308 32881 102879 34 29 32  5  0 2026-07-04 02:49:39
 4  1      0    511     59   2641    0    0     0  4196 31772 97431 30 28 37  5  0 2026-07-04 02:49:41
12  1      0    490     59   2663    0    0     0 12644 32981 107287 31 29 35  5  0 2026-07-04 02:49:43
 5  1      0    486     59   2669    0    0     0  4594 33006 101407 32 30 33  4  0 2026-07-04 02:49:45
 4  1      0    476     59   2675    0    0     0  5212 33142 105218 34 31 31  4  0 2026-07-04 02:49:47
 1  0      0    494     59   2693    0    0     0 12516 29543 121548 28 27 40  5  0 2026-07-04 02:49:49
