1783099193 $SYS/broker/publish/messages/dropped 0
1783099193 $SYS/broker/clients/total 0
1783099193 $SYS/broker/clients/inactive 0
1783099193 $SYS/broker/clients/disconnected 0
1783099193 $SYS/broker/clients/active 0
1783099193 $SYS/broker/clients/connected 0
1783099193 $SYS/broker/clients/expired 0
1783099193 $SYS/broker/messages/stored 50
1783099193 $SYS/broker/messages/received 6
1783099193 $SYS/broker/messages/sent 156
1783099200 $SYS/broker/clients/total 9
1783099200 $SYS/broker/clients/maximum 9
1783099200 $SYS/broker/clients/active 9
1783099200 $SYS/broker/clients/connected 9
1783099200 $SYS/broker/messages/stored 51
1783099200 $SYS/broker/messages/received 26
1783099200 $SYS/broker/messages/sent 242
1783099211 $SYS/broker/messages/received 28
1783099211 $SYS/broker/messages/sent 297
1783099222 $SYS/broker/messages/received 30
1783099222 $SYS/broker/messages/sent 352
1783099233 $SYS/broker/messages/received 32
1783099233 $SYS/broker/messages/sent 407
1783099244 $SYS/broker/messages/received 34
1783099244 $SYS/broker/messages/sent 462
1783099255 $SYS/broker/messages/received 43
1783099255 $SYS/broker/messages/sent 524
1783099266 $SYS/broker/messages/received 47
1783099266 $SYS/broker/messages/sent 581
1783099277 $SYS/broker/messages/received 49
1783099277 $SYS/broker/messages/sent 636
1783099288 $SYS/broker/messages/received 53
1783099288 $SYS/broker/messages/sent 744
1783099299 $SYS/broker/messages/received 55
1783099299 $SYS/broker/messages/sent 799
1783099310 $SYS/broker/messages/received 57
1783099310 $SYS/broker/messages/sent 854
1783099321 $SYS/broker/messages/received 68
1783099321 $SYS/broker/messages/sent 918
1783099332 $SYS/broker/messages/received 70
1783099332 $SYS/broker/messages/sent 973
1783099343 $SYS/broker/messages/received 72
1783099343 $SYS/broker/messages/sent 1028
1783099354 $SYS/broker/messages/received 74
1783099354 $SYS/broker/messages/sent 1083
1783099365 $SYS/broker/messages/received 76
1783099365 $SYS/broker/messages/sent 1138
1783099376 $SYS/broker/messages/received 87
1783099376 $SYS/broker/messages/sent 1202
1783099387 $SYS/broker/messages/received 89
1783099387 $SYS/broker/messages/sent 1257
1783099398 $SYS/broker/messages/received 91
1783099398 $SYS/broker/messages/sent 1312
1783099409 $SYS/broker/messages/received 93
1783099409 $SYS/broker/messages/sent 1367
1783099420 $SYS/broker/messages/received 97
1783099420 $SYS/broker/messages/sent 1475
1783099431 $SYS/broker/messages/received 99
1783099431 $SYS/broker/messages/sent 1530
1783099442 $SYS/broker/messages/received 110
1783099442 $SYS/broker/messages/sent 1594
1783099453 $SYS/broker/messages/received 112
1783099453 $SYS/broker/messages/sent 1649
1783099464 $SYS/broker/messages/received 114
1783099464 $SYS/broker/messages/sent 1704
1783099475 $SYS/broker/messages/received 116
1783099475 $SYS/broker/messages/sent 1759
1783099486 $SYS/broker/messages/received 118
1783099486 $SYS/broker/messages/sent 1814
1783099497 $SYS/broker/messages/received 129
1783099497 $SYS/broker/messages/sent 1878
1783099508 $SYS/broker/messages/received 131
1783099508 $SYS/broker/messages/sent 1933
1783099519 $SYS/broker/messages/received 133
1783099519 $SYS/broker/messages/sent 1988
1783099530 $SYS/broker/messages/received 135
1783099530 $SYS/broker/messages/sent 2043
1783099541 $SYS/broker/messages/received 137
1783099541 $SYS/broker/messages/sent 2098
1783099552 $SYS/broker/messages/received 141
1783099552 $SYS/broker/messages/sent 2206
