procs -----------메모리---------- ---스왑-- ---입출력-- -시스템-- ------CPU----- -----타임스탬프----
 r  b 스왑 가용 버퍼 캐시  입  출   입   출   in   cs us sy id wa st                      KST
10  0      0   3506     51    825    0    0     1     6    0    0  0  0 99  0  0 2026-07-04 02:19:53
 0  0      0   3486     51    825    0    0     0   114 3137 6502  7  1 91  0  0 2026-07-04 02:19:55
 2  0      0   3387     51    825    0    0    12   164 3816 8736 14  2 84  0  0 2026-07-04 02:19:57
 0  0      0   3369     51    825    0    0     0    24 2950 5952  3  2 95  0  0 2026-07-04 02:19:59
 1  0      0   3366     51    825    0    0     0    68 2818 5576  2  1 96  0  0 2026-07-04 02:20:01
 0  0      0   3357     51    825    0    0     0    32 2845 6111  3  1 96  0  0 2026-07-04 02:20:03
 0  1      0   3362     51    825    0    0     0    38 3421 7249  3  1 95  0  0 2026-07-04 02:20:05
 8  0      0   3169     51    826    0    0     0   180 10289 21049 56  5 38  1  0 2026-07-04 02:20:07
10  0      0   3095     51    831    0    0     0  1230 14972 20933 67  8 24  0  0 2026-07-04 02:20:09
21  0      0   3000     51    839    0    0   100  2200 13634 21981 68 10 22  0  0 2026-07-04 02:20:11
13  0      0   2795     51    846    0    0     0  2700 13858 22741 66 12 22  0  0 2026-07-04 02:20:13
35  1      0   2689     51    869    0    0     0 11126 14757 24611 65 13 22  0  0 2026-07-04 02:20:15
26  0      0   2674     51    877    0    0     0  3452 14511 24082 67 12 20  1  0 2026-07-04 02:20:17
45  0      0   2499     51    883    0    0     0  2992 14835 24077 66 13 21  0  0 2026-07-04 02:20:19
12  0      0   2481     51    904    0    0     0 10746 15412 25369 66 12 19  2  0 2026-07-04 02:20:21
43  0      0   2454     51    911    0    0     0  4774 15398 24998 66 13 21  0  0 2026-07-04 02:20:23
84  1      0   2389     51    918    0    0     0  3280 15478 24681 64 13 22  0  0 2026-07-04 02:20:25
 9  0      0   2380     51    940    0    0     0 11546 16145 24801 65 14 20  1  0 2026-07-04 02:20:27
46  0      0   2367     51    947    0    0     0  3400 16487 26028 65 13 21  0  0 2026-07-04 02:20:29
18  0      0   2334     51    970    0    0     0  3264 16378 25074 66 14 21  0  0 2026-07-04 02:20:31
24  1      0   2317     51    977    0    0     0 11670 16837 26072 67 14 17  1  0 2026-07-04 02:20:33
procs -----------메모리---------- ---스왑-- ---입출력-- -시스템-- ------CPU----- -----타임스탬프----
 r  b 스왑 가용 버퍼 캐시  입  출   입   출   in   cs us sy id wa st                      KST
49  1      0   2293     51    985    0    0    16  4016 16296 23153 65 14 21  0  0 2026-07-04 02:20:35
51  1      0   2264     51   1006    0    0     0 11050 17131 24348 64 14 21  1  0 2026-07-04 02:20:37
17  0      0   2251     51   1012    0    0     2 27212 18466 27153 64 16 14  7  0 2026-07-04 02:20:39
40  1      0   2228     51   1037    0    0     0 12178 18371 26387 63 16 21  0  0 2026-07-04 02:20:41
18  0      0   2211     51   1047    0    0     2  5146 17916 25583 63 16 20  1  0 2026-07-04 02:20:43
55  1      0   2172     51   1072    0    0     0 12958 18725 27414 63 16 20  0  0 2026-07-04 02:20:45
15  0      0   2145     51   1086    0    0     0  5294 17820 24162 63 15 22  0  0 2026-07-04 02:20:47
25  0      0   2114     51   1110    0    0     0 12342 19467 27490 63 15 21  1  0 2026-07-04 02:20:49
13  0      0   2111     51   1123    0    0     0  5960 17778 26846 62 16 21  0  0 2026-07-04 02:20:51
10  0      0   2078     51   1146    0    0     0 12510 17706 29265 63 13 22  1  0 2026-07-04 02:20:53
 9  1      0   2038     51   1171    0    0     0 12354 18499 32095 60 14 24  1  0 2026-07-04 02:20:55
 8  1      0   2020     51   1181    0    0     0  5588 18406 30867 63 13 23  1  0 2026-07-04 02:20:57
13  1      0   1992     51   1206    0    0     0 12126 19947 36774 61 14 24  1  0 2026-07-04 02:20:59
 8  0      0   1958     51   1218    0    0     0  5832 19101 32214 62 16 21  1  0 2026-07-04 02:21:01
13  0      0   1910     51   1241    0    0     0 11888 19110 35335 61 13 25  1  0 2026-07-04 02:21:03
11  1      0   1910     51   1250    0    0     0  4696 19967 39775 61 15 23  1  0 2026-07-04 02:21:05
 8  0      0   1859     51   1274    0    0     0 12098 20650 39224 59 16 24  1  0 2026-07-04 02:21:07
13  1      0   1832     51   1305    0    0     0 14552 20629 40964 56 19 25  1  0 2026-07-04 02:21:09
 8  1      0   1808     51   1309    0    0     2 38128 22694 44846 56 16 18 10  0 2026-07-04 02:21:11
 6  1      0   1766     51   1340    0    0     0 17660 22322 46948 55 18 24  2  0 2026-07-04 02:21:13
40  0      0   1736     51   1356    0    0     0  7246 22356 45866 55 19 24  1  0 2026-07-04 02:21:15
procs -----------메모리---------- ---스왑-- ---입출력-- -시스템-- ------CPU----- -----타임스탬프----
 r  b 스왑 가용 버퍼 캐시  입  출   입   출   in   cs us sy id wa st                      KST
17  0      0   1703     51   1382    0    0     0 13090 22482 46623 57 17 24  1  0 2026-07-04 02:21:17
 9  1      0   1650     51   1409    0    0     0 14196 22723 50839 55 19 25  2  0 2026-07-04 02:21:19
11  2      0   1602     51   1440    0    0     0 15402 22304 48999 53 20 25  1  0 2026-07-04 02:21:21
 9  0      0   1595     51   1453    0    0     0  6590 24040 56578 51 20 25  3  0 2026-07-04 02:21:23
 8  1      0   1577     51   1482    0    0     0 14588 24882 59409 50 21 27  2  0 2026-07-04 02:21:25
18  0      0   1548     51   1509    0    0     2 13556 23979 54630 53 20 26  1  0 2026-07-04 02:21:27
10  1      0   1515     51   1542    0    0     0 15188 24268 56241 50 22 27  1  0 2026-07-04 02:21:29
13  0      0   1494     51   1557    0    0     0  8100 24229 56454 52 22 26  1  0 2026-07-04 02:21:31
 8  6      0   1442     51   1581    0    0   144 14904 22821 55317 46 20 22 12  0 2026-07-04 02:21:33
 4  9      0   1442     51   1588    0    0   704 21284 26063 65541 49 20 16 15  0 2026-07-04 02:21:35
 1  2      0   1450     51   1607    0    0   454 26810 8650 18254 13  6 37 44  0 2026-07-04 02:21:37
 8  1      0   1428     51   1622    0    0   416  7250 23560 53300 51 19 27  3  0 2026-07-04 02:21:39
10  0      0   1383     51   1652    0    0    60 15278 24402 54471 51 22 26  1  0 2026-07-04 02:21:41
 8  0      0   1378     51   1681    0    0     2 14814 24393 58349 48 24 26  2  0 2026-07-04 02:21:43
 9  0      0   1341     51   1714    0    0     0 15156 24405 57480 50 21 28  1  0 2026-07-04 02:21:45
11  0      0   1309     51   1745    0    0     0 14830 24207 54865 51 22 26  1  0 2026-07-04 02:21:47
10  1      0   1260     51   1776    0    0     0 16276 23782 53711 51 22 26  1  0 2026-07-04 02:21:49
14  0      0   1261     51   1788    0    0     0  6138 24280 58925 52 21 26  1  0 2026-07-04 02:21:51
11  0      0   1226     51   1823    0    0     0 14696 24964 60158 50 21 27  2  0 2026-07-04 02:21:53
11  1      0   1187     51   1858    0    0    48 15242 24564 58553 49 22 26  3  0 2026-07-04 02:21:55
 5  0      0   1163     51   1885    0    0   102 13930 24079 57441 49 22 28  2  0 2026-07-04 02:21:57
procs -----------메모리---------- ---스왑-- ---입출력-- -시스템-- ------CPU----- -----타임스탬프----
 r  b 스왑 가용 버퍼 캐시  입  출   입   출   in   cs us sy id wa st                      KST
 5  1      0   1143     51   1902    0    0     0  7938 24057 55282 51 21 26  1  0 2026-07-04 02:21:59
14  2      0   1120     51   1925    0    0    22 16424 26254 68810 49 20 24  6  0 2026-07-04 02:22:01
 7  1      0   1099     51   1946    0    0     0 25092 26014 66181 46 23 27  4  0 2026-07-04 02:22:03
 8  0      0   1073     51   1970    0    0     0 20286 25918 62894 49 21 28  2  0 2026-07-04 02:22:05
11  0      0   1039     51   1997    0    0     0 17038 25294 61887 50 21 24  5  0 2026-07-04 02:22:07
 5  3      0   1001     51   2026    0    0     6 33388 25227 61801 49 21 23  7  0 2026-07-04 02:22:09
10  0      0   1013     51   2029    0    0     0 36752 26883 71615 47 21 22 10  0 2026-07-04 02:22:11
10  1      0    985     51   2059    0    0     2 19844 24518 58322 50 21 27  2  0 2026-07-04 02:22:13
 7  2      0    976     51   2063    0    0   100  6266 25779 63877 48 21 21  9  0 2026-07-04 02:22:15
 5  1      0    950     51   2090    0    0     0 22282 25143 58055 50 23 24  3  0 2026-07-04 02:22:17
10  0      0    916     51   2104    0    0     0 12188 24075 55204 51 21 26  1  0 2026-07-04 02:22:19
10  1      0    905     51   2130    0    0     2 17130 24205 59247 50 20 27  2  0 2026-07-04 02:22:21
 9  0      0    880     51   2158    0    0     2 16948 24627 59413 49 21 26  3  0 2026-07-04 02:22:23
 4  1      0    851     51   2187    0    0     2 18400 25121 59989 49 23 27  1  0 2026-07-04 02:22:25
 9  0      0    837     51   2201    0    0     0 12152 24004 55903 50 21 27  2  0 2026-07-04 02:22:27
20  0      0    790     51   2234    0    0     0 18916 24763 58443 52 20 25  3  0 2026-07-04 02:22:29
 8  0      0    771     51   2265    0    0     0 17908 24662 59442 49 22 27  2  0 2026-07-04 02:22:31
 7  1      0    740     52   2293    0    0     0 18164 24665 60156 50 21 27  2  0 2026-07-04 02:22:33
13  2      0    708     52   2327    0    0    46 18966 24513 55168 52 22 25  2  0 2026-07-04 02:22:35
10  0      0    695     52   2339    0    0     0 10424 25054 59811 51 22 26  2  0 2026-07-04 02:22:37
14  0      0    635     52   2366    0    0    32 17486 24921 57373 50 21 27  2  0 2026-07-04 02:22:39
procs -----------메모리---------- ---스왑-- ---입출력-- -시스템-- ------CPU----- -----타임스탬프----
 r  b 스왑 가용 버퍼 캐시  입  출   입   출   in   cs us sy id wa st                      KST
11  1      0    637     52   2394    0    0     0 17538 24712 57514 51 21 26  2  0 2026-07-04 02:22:41
 7  2      0    611     52   2424    0    0     0 19196 24302 56281 50 22 26  1  0 2026-07-04 02:22:43
 5  0      0    599     52   2439    0    0     0 10900 24670 59819 50 22 27  2  0 2026-07-04 02:22:45
 7  2      0    560     52   2461    0    0     8 31436 26501 69269 47 20 24  8  0 2026-07-04 02:22:47
 5  1      0    572     52   2465    0    0     2 29672 26320 67602 49 20 24  7  0 2026-07-04 02:22:49
 6  1      0    539     52   2497    0    0     0 17512 24525 57637 49 23 26  2  0 2026-07-04 02:22:51
10  0      0    523     52   2510    0    0     0 11466 24697 56048 50 22 26  2  0 2026-07-04 02:22:53
 7  2      0    504     52   2531    0    0     0 18016 26055 64308 49 22 23  6  0 2026-07-04 02:22:55
12  1      0    494     52   2540    0    0     2 17320 25468 62902 50 21 25  5  0 2026-07-04 02:22:57
 9  0      0    443     52   2574    0    0     0 17726 24833 57923 52 20 27  2  0 2026-07-04 02:22:59
10  0      0    430     52   2605    0    0     0 17910 24645 56974 50 21 26  2  0 2026-07-04 02:23:01
 6  0      0    398     52   2634    0    0     0 18970 24499 57192 49 21 28  2  0 2026-07-04 02:23:03
 7  2      0    372     52   2661    0    0     0 19938 24456 55510 50 22 27  1  0 2026-07-04 02:23:05
17  1      0    338     52   2678    0    0     0 10084 24854 61357 49 22 27  2  0 2026-07-04 02:23:07
 9  0      0    322     52   2712    0    0     0 17916 24711 59475 50 21 27  2  0 2026-07-04 02:23:09
15  1      0    288     52   2745    0    0     2 18452 25040 60955 49 21 28  2  0 2026-07-04 02:23:11
 8  1      0    263     52   2770    0    0     0 18068 24583 59859 50 21 27  1  0 2026-07-04 02:23:13
 8  0      0    248     52   2785    0    0    96 11806 24398 56835 52 21 26  2  0 2026-07-04 02:23:15
13  0      0    219     52   2813    0    0     0 17018 24641 57561 51 20 27  2  0 2026-07-04 02:23:17
 6  2      0    204     52   2835    0    0    12 17272 25298 60301 50 22 25  3  0 2026-07-04 02:23:19
 8  1      0    184     52   2860    0    0    26 18664 24373 55456 51 22 26  1  0 2026-07-04 02:23:21
procs -----------메모리---------- ---스왑-- ---입출력-- -시스템-- ------CPU----- -----타임스탬프----
 r  b 스왑 가용 버퍼 캐시  입  출   입   출   in   cs us sy id wa st                      KST
10  3      0    187     52   2848    0    0   144 11744 25709 65888 47 22 23  7  0 2026-07-04 02:23:23
13  3      0    198     52   2846    0    0    86 43104 26280 65643 48 22 19 11  0 2026-07-04 02:23:25
13  3      0    185     52   2843    0    0   364 16390 25658 64916 49 19 22 10  0 2026-07-04 02:23:27
 9  1      0    198     52   2828    0    0   632  6014 24789 56376 52 20 19  9  0 2026-07-04 02:23:29
10  2      0    202     52   2836    0    0   476  7360 24748 58931 50 21 18 11  0 2026-07-04 02:23:31
13  1      0    197     52   2840    0    0     2  8562 23675 55534 50 22 26  2  0 2026-07-04 02:23:33
 5  2      0    209     52   2835    0    0   182 18098 25385 59651 48 22 21  9  0 2026-07-04 02:23:35
 9  2      0    197     52   2830    0    0   420 16332 26088 63196 50 21 24  6  0 2026-07-04 02:23:37
 9  2      0    197     52   2835    0    0   284 24304 25435 59737 48 22 27  3  0 2026-07-04 02:23:39
 5  0      0    218     52   2832    0    0   546 13680 25036 59084 50 22 24  4  0 2026-07-04 02:23:41
13  2      0    187     52   2841    0    0   180 11828 24445 58818 50 22 27  2  0 2026-07-04 02:23:43
 5  0      0    199     52   2835    0    0   756 10610 24531 57587 49 22 26  2  0 2026-07-04 02:23:45
 6  1      0    186     52   2851    0    0     0 12608 24187 54812 49 23 26  1  0 2026-07-04 02:23:47
 9  1      0    199     52   2860    0    0     6 11584 24216 56550 50 21 27  2  0 2026-07-04 02:23:49
14  0      0    187     51   2839    0    0  1146  9298 25331 60186 50 22 21  7  0 2026-07-04 02:23:51
13  1      0    184     51   2854    0    0     0 12906 23714 54402 51 21 26  1  0 2026-07-04 02:23:53
 7  0      0    199     51   2857    0    0     2 12676 24651 56593 51 22 25  2  0 2026-07-04 02:23:55
 9  3      0    190     51   2840    0    0     6 30692 25786 65515 49 21 24  6  0 2026-07-04 02:23:57
 9  2      0    212     51   2827    0    0   426 24412 25387 60848 51 19 15 15  0 2026-07-04 02:23:59
 8  1      0    198     51   2843    0    0   208 19282 24886 58341 50 23 23  5  0 2026-07-04 02:24:01
 8  1      0    184     51   2861    0    0     0 13144 23923 55387 52 21 26  1  0 2026-07-04 02:24:03
procs -----------메모리---------- ---스왑-- ---입출력-- -시스템-- ------CPU----- -----타임스탬프----
 r  b 스왑 가용 버퍼 캐시  입  출   입   출   in   cs us sy id wa st                      KST
19  0      0    192     51   2842    0    0     0 12120 24382 54151 53 21 25  1  0 2026-07-04 02:24:05
 9  0      0    185     51   2856    0    0    36 12852 23932 56870 53 20 26  1  0 2026-07-04 02:24:07
 8  0      0    184     51   2854    0    0    62 12376 24235 56999 52 22 25  1  0 2026-07-04 02:24:09
10  0      0    205     51   2833    0    0    28 11154 24061 55423 50 22 25  3  0 2026-07-04 02:24:11
10  0      0    199     51   2850    0    0     0 13036 23488 52671 52 21 26  1  0 2026-07-04 02:24:13
10  2      0    194     51   2842    0    0     2 13482 24233 54786 52 22 25  1  0 2026-07-04 02:24:15
11  0      0    213     51   2832    0    0    98 10200 24212 58802 51 21 27  2  0 2026-07-04 02:24:17
 9  1      0    200     50   2843    0    0     2 14212 23324 53261 52 21 26  1  0 2026-07-04 02:24:19
 8  0      0    198     50   2838    0    0     6 12306 24108 53649 52 22 24  2  0 2026-07-04 02:24:21
 7  0      0    207     50   2839    0    0    60 10812 24174 56143 52 21 24  2  0 2026-07-04 02:24:23
12  1      0    186     50   2856    0    0    16 12580 24467 56981 53 20 25  1  0 2026-07-04 02:24:25
11  0      0    187     50   2854    0    0    48 11604 24484 57826 50 22 27  1  0 2026-07-04 02:24:27
 8  1      0    201     50   2856    0    0     0 12682 23689 54340 51 23 25  1  0 2026-07-04 02:24:29
 8  2      0    193     50   2849    0    0     4 20510 25022 60825 50 21 24  5  0 2026-07-04 02:24:31
25  3      0    197     50   2840    0    0    58 40780 26190 67343 48 21 20 11  0 2026-07-04 02:24:33
 7  2      0    187     50   2843    0    0   370 19362 25275 62883 49 22 22  7  0 2026-07-04 02:24:35
 6  2      0    188     50   2847    0    0   762 10070 23971 57569 50 21 21  8  0 2026-07-04 02:24:37
 9  1      0    191     50   2859    0    0   172 11876 24375 57319 51 21 25  3  0 2026-07-04 02:24:39
 9  0      0    196     49   2853    0    0    60 10934 24600 54289 50 23 25  2  0 2026-07-04 02:24:41
 9  2      0    189     49   2861    0    0   346 12694 24142 57340 50 20 26  3  0 2026-07-04 02:24:43
 8  2      0    191     49   2854    0    0  1904 19346 26170 65084 49 21 18 12  0 2026-07-04 02:24:45
procs -----------메모리---------- ---스왑-- ---입출력-- -시스템-- ------CPU----- -----타임스탬프----
 r  b 스왑 가용 버퍼 캐시  입  출   입   출   in   cs us sy id wa st                      KST
 8  2      0    192     49   2848    0    0   122  7638 24069 54803 53 21 16 10  0 2026-07-04 02:24:47
 7  0      0    197     49   2838    0    0     0  7814 23909 54971 49 24 22  6  0 2026-07-04 02:24:49
 4  1      0    200     49   2854    0    0     0  7546 24333 53785 52 22 25  1  0 2026-07-04 02:24:51
 4  2      0    184     49   2857    0    0     2 22708 24528 58329 49 22 25  5  0 2026-07-04 02:24:53
 7  1      0    189     49   2853    0    0     0 32696 26350 66234 48 21 28  3  0 2026-07-04 02:24:55
12  0      0    187     49   2856    0    0    62 23136 25208 62958 49 21 28  2  0 2026-07-04 02:24:57
 4  0      0    197     49   2849    0    0     0 17938 23792 52198 51 22 26  2  0 2026-07-04 02:24:59
13  0      0    191     49   2857    0    0     0 13000 23941 52192 53 21 25  1  0 2026-07-04 02:25:01
 6  1      0    187     49   2857    0    0     0 13786 23668 52862 53 20 25  1  0 2026-07-04 02:25:03
 8  3      0    198     49   2838    0    0     0 15256 24111 56011 52 23 24  1  0 2026-07-04 02:25:05
 7  5      0    199     49   2843    0    0     4 35538 26087 64354 48 20 21 10  0 2026-07-04 02:25:07
 4  4      0    201     49   2846    0    0    64  9944 26170 65403 49 20 14 16  0 2026-07-04 02:25:09
19  1      0    190     49   2851    0    0     0 12958 24407 55952 51 22 26  1  0 2026-07-04 02:25:11
 9  0      0    186     49   2874    0    0   128 12848 24352 56294 51 22 26  2  0 2026-07-04 02:25:13
 7  1      0    189     49   2868    0    0     0 13744 24684 57789 51 21 27  1  0 2026-07-04 02:25:15
 7  1      0    192     49   2862    0    0     0 14046 23806 53376 51 22 26  1  0 2026-07-04 02:25:17
11  1      0    188     49   2857    0    0     0 12526 24516 55370 51 22 26  2  0 2026-07-04 02:25:19
11  0      0    187     49   2866    0    0     0 12024 25227 56331 51 22 26  1  0 2026-07-04 02:25:21
 6  1      0    198     49   2878    0    0     0 14478 24173 59012 52 21 25  1  0 2026-07-04 02:25:23
 8  0      0    195     48   2887    0    0     0 18772 19174 76791 42 19 36  3  0 2026-07-04 02:25:25
10  0      0    200     48   2899    0    0     0 21474 13222 71956 36 16 43  5  0 2026-07-04 02:25:27
procs -----------메모리---------- ---스왑-- ---입출력-- -시스템-- ------CPU----- -----타임스탬프----
 r  b 스왑 가용 버퍼 캐시  입  출   입   출   in   cs us sy id wa st                      KST
 2  1      0    201     48   2903    0    0     0 21758 12506 71524 36 16 42  5  0 2026-07-04 02:25:29
 7  1      0    183     48   2914    0    0     0 19300 12683 75643 30 13 50  7  0 2026-07-04 02:25:31
 3  1      0    205     48   2900    0    0   106 18076 12880 72413 33 14 46  6  0 2026-07-04 02:25:33
 3  1      0    184     48   2917    0    0     0 24430 12450 71607 36 16 43  5  0 2026-07-04 02:25:35
 1  1      0    186     48   2918    0    0     0 17518 13170 75240 28 14 52  6  0 2026-07-04 02:25:37
 3  1      0    184     48   2900    0    0     2 25334 11726 65289 41 14 37  8  0 2026-07-04 02:25:39
 6  0      0    188     48   2917    0    0    20 16950 12866 73712 30 14 50  6  0 2026-07-04 02:25:41
 3  3      0    192     47   2909    0    0     0 35568 13362 78060 19 10 53 18  0 2026-07-04 02:25:43
 2  3      0    203     47   2901    0    0     0 34034 14264 81850 18  9 44 28  0 2026-07-04 02:25:45
 2  2      0    186     48   2916    0    0     4 31658 14001 82341 18  9 50 24  0 2026-07-04 02:25:47
 3  1      0    206     48   2876    0    0     0 11148 13090 74343 34 15 37 14  0 2026-07-04 02:25:49
 3  2      0    197     48   2902    0    0     0 16200 13133 74466 32 14 45  9  0 2026-07-04 02:25:51
 6  0      0    196     48   2903    0    0    52 15790 12712 73902 27 12 53  9  0 2026-07-04 02:25:53
 1  0      0    203     48   2895    0    0     0  7528 13577 80795 23 10 65  2  0 2026-07-04 02:25:55
 6  0      0    196     48   2895    0    0     0   230 13303 78695 11  7 82  1  0 2026-07-04 02:25:57
