1783094742 $SYS/broker/publish/messages/dropped 0
1783094742 $SYS/broker/clients/total 1
1783094742 $SYS/broker/clients/inactive 0
1783094742 $SYS/broker/clients/disconnected 0
1783094742 $SYS/broker/clients/active 1
1783094742 $SYS/broker/clients/connected 1
1783094742 $SYS/broker/clients/expired 0
1783094742 $SYS/broker/clients/maximum 1
1783094742 $SYS/broker/messages/stored 51
1783094742 $SYS/broker/messages/received 38
1783094742 $SYS/broker/messages/sent 901
1783094752 $SYS/broker/clients/total 3676
1783094752 $SYS/broker/clients/maximum 3676
1783094752 $SYS/broker/clients/active 3676
1783094752 $SYS/broker/clients/connected 3676
1783094752 $SYS/broker/messages/stored 1084
1783094752 $SYS/broker/messages/received 35401
1783094752 $SYS/broker/messages/sent 36352
1783094752 $SYS/broker/publish/messages/dropped 1404
1783094763 $SYS/broker/clients/total 8550
1783094763 $SYS/broker/clients/maximum 8550
1783094763 $SYS/broker/clients/active 8550
1783094763 $SYS/broker/clients/connected 8550
1783094763 $SYS/broker/messages/stored 1091
1783094763 $SYS/broker/messages/received 144831
1783094763 $SYS/broker/messages/sent 145841
1783094763 $SYS/broker/publish/messages/dropped 36133
1783094774 $SYS/broker/clients/total 10002
1783094774 $SYS/broker/clients/maximum 10002
1783094774 $SYS/broker/clients/active 10002
1783094774 $SYS/broker/clients/connected 10002
1783094774 $SYS/broker/messages/received 293910
1783094774 $SYS/broker/messages/sent 294978
1783094774 $SYS/broker/publish/messages/dropped 105190
1783094785 $SYS/broker/messages/stored 1085
1783094785 $SYS/broker/messages/received 468513
1783094785 $SYS/broker/messages/sent 469636
1783094785 $SYS/broker/publish/messages/dropped 150617
1783094796 $SYS/broker/messages/stored 445
1783094796 $SYS/broker/messages/received 653662
1783094796 $SYS/broker/messages/sent 654840
1783094796 $SYS/broker/publish/messages/dropped 186144
1783094807 $SYS/broker/messages/stored 1091
1783094807 $SYS/broker/messages/received 838558
1783094807 $SYS/broker/messages/sent 839791
1783094807 $SYS/broker/publish/messages/dropped 221125
1783094818 $SYS/broker/clients/total 10003
1783094818 $SYS/broker/clients/maximum 10003
1783094818 $SYS/broker/clients/active 10003
1783094818 $SYS/broker/clients/connected 10003
1783094818 $SYS/broker/messages/received 1028311
1783094818 $SYS/broker/messages/sent 1029688
1783094818 $SYS/broker/publish/messages/dropped 252090
1783094829 $SYS/broker/clients/total 10002
1783094829 $SYS/broker/clients/active 10002
1783094829 $SYS/broker/clients/connected 10002
1783094829 $SYS/broker/messages/stored 1020
1783094829 $SYS/broker/messages/received 1213310
1783094829 $SYS/broker/messages/sent 1214753
1783094829 $SYS/broker/publish/messages/dropped 287438
1783094840 $SYS/broker/messages/stored 1084
1783094840 $SYS/broker/messages/received 1397606
1783094840 $SYS/broker/messages/sent 1399104
1783094840 $SYS/broker/publish/messages/dropped 323130
1783094851 $SYS/broker/messages/stored 1004
1783094851 $SYS/broker/messages/received 1588346
1783094851 $SYS/broker/messages/sent 1589899
1783094851 $SYS/broker/publish/messages/dropped 352420
1783094862 $SYS/broker/messages/stored 881
1783094862 $SYS/broker/messages/received 1776082
1783094862 $SYS/broker/messages/sent 1777690
1783094862 $SYS/broker/publish/messages/dropped 384811
1783094873 $SYS/broker/messages/stored 1091
1783094873 $SYS/broker/messages/received 1971979
1783094873 $SYS/broker/messages/sent 1973642
1783094873 $SYS/broker/publish/messages/dropped 408779
1783094884 $SYS/broker/messages/received 2159568
1783094884 $SYS/broker/messages/sent 2161285
1783094884 $SYS/broker/publish/messages/dropped 441232
1783094895 $SYS/broker/messages/stored 622
1783094895 $SYS/broker/messages/received 2351635
1783094895 $SYS/broker/messages/sent 2353407
1783094895 $SYS/broker/publish/messages/dropped 469708
1783094906 $SYS/broker/messages/stored 1091
1783094906 $SYS/broker/messages/received 2540016
1783094906 $SYS/broker/messages/sent 2541843
1783094906 $SYS/broker/publish/messages/dropped 500876
1783094917 $SYS/broker/messages/received 2733365
1783094917 $SYS/broker/messages/sent 2735246
1783094917 $SYS/broker/publish/messages/dropped 527509
1783094928 $SYS/broker/messages/received 2922148
1783094928 $SYS/broker/messages/sent 2924083
1783094928 $SYS/broker/publish/messages/dropped 558729
1783094939 $SYS/broker/messages/stored 137
1783094939 $SYS/broker/messages/received 3111929
1783094939 $SYS/broker/messages/sent 3113919
1783094939 $SYS/broker/publish/messages/dropped 589904
1783094950 $SYS/broker/messages/stored 1091
1783094950 $SYS/broker/messages/received 3310047
1783094950 $SYS/broker/messages/sent 3312143
1783094950 $SYS/broker/publish/messages/dropped 610874
1783094961 $SYS/broker/messages/stored 1090
1783094961 $SYS/broker/messages/received 3502583
1783094961 $SYS/broker/messages/sent 3504734
1783094961 $SYS/broker/publish/messages/dropped 638405
1783094972 $SYS/broker/messages/stored 1091
1783094972 $SYS/broker/messages/received 3693976
1783094972 $SYS/broker/messages/sent 3696182
1783094972 $SYS/broker/publish/messages/dropped 667031
1783094983 $SYS/broker/messages/stored 1084
1783094983 $SYS/broker/messages/received 3881943
1783094983 $SYS/broker/messages/sent 3884204
1783094983 $SYS/broker/publish/messages/dropped 699134
1783094994 $SYS/broker/messages/stored 1087
1783094994 $SYS/broker/messages/received 4077201
1783094994 $SYS/broker/messages/sent 4079517
1783094994 $SYS/broker/publish/messages/dropped 723941
1783095005 $SYS/broker/messages/stored 1091
1783095005 $SYS/broker/messages/received 4267892
1783095005 $SYS/broker/messages/sent 4270263
1783095005 $SYS/broker/publish/messages/dropped 753320
1783095016 $SYS/broker/messages/stored 1090
1783095016 $SYS/broker/messages/received 4460161
1783095016 $SYS/broker/messages/sent 4462587
1783095016 $SYS/broker/publish/messages/dropped 781492
1783095027 $SYS/broker/messages/stored 1019
1783095027 $SYS/broker/messages/received 4656118
1783095027 $SYS/broker/messages/sent 4658599
1783095027 $SYS/broker/publish/messages/dropped 806544
1783095038 $SYS/broker/messages/stored 1091
1783095038 $SYS/broker/messages/received 4844259
1783095038 $SYS/broker/messages/sent 4846795
1783095038 $SYS/broker/publish/messages/dropped 838677
1783095049 $SYS/broker/messages/stored 1008
1783095049 $SYS/broker/messages/received 5035264
1783095049 $SYS/broker/messages/sent 5037855
1783095049 $SYS/broker/publish/messages/dropped 870240
1783095060 $SYS/broker/messages/stored 1083
1783095060 $SYS/broker/messages/received 5236144
1783095060 $SYS/broker/messages/sent 5238790
1783095060 $SYS/broker/publish/messages/dropped 894005
1783095071 $SYS/broker/messages/stored 1078
1783095071 $SYS/broker/messages/received 5427176
1783095071 $SYS/broker/messages/sent 5429877
1783095071 $SYS/broker/publish/messages/dropped 925568
1783095082 $SYS/broker/messages/stored 1091
1783095082 $SYS/broker/messages/received 5614937
1783095082 $SYS/broker/messages/sent 5617744
1783095082 $SYS/broker/publish/messages/dropped 957844
1783095093 $SYS/broker/messages/received 5809410
1783095093 $SYS/broker/messages/sent 5812271
1783095093 $SYS/broker/publish/messages/dropped 983431
1783095104 $SYS/broker/clients/total 2
1783095104 $SYS/broker/clients/active 2
1783095104 $SYS/broker/clients/connected 2
1783095104 $SYS/broker/messages/stored 51
1783095104 $SYS/broker/messages/received 5984170
1783095104 $SYS/broker/messages/sent 5987069
1783095104 $SYS/broker/publish/messages/dropped 1013792
1783095115 $SYS/broker/messages/received 5984172
1783095115 $SYS/broker/messages/sent 5987125
