procs -----------메모리---------- ---스왑-- ---입출력-- -시스템-- ------CPU----- -----타임스탬프----
 r  b 스왑 가용 버퍼 캐시  입  출   입   출   in   cs us sy id wa st                      KST
 4  3      0   3258     73    921    0    0     1     6    0    0  0  0 99  0  0 2026-07-04 01:05:42
 7  1      0   3246     73    922    0    0   262   150 5393 13783 17  3 77  3  0 2026-07-04 01:05:44
15  0      0   3211     73    924    0    0    76  1414 13845 41352 65 12 22  2  0 2026-07-04 01:05:46
11  0      0   3176     73    927    0    0    18  1896 16240 48528 62 16 21  2  0 2026-07-04 01:05:48
 8  1      0   3046     73    932    0    0     0  2404 18100 54083 62 16 20  2  0 2026-07-04 01:05:50
13  1      0   2809     73    937    0    0     0  2344 19497 55886 60 19 20  1  0 2026-07-04 01:05:52
10  1      0   2609     73    942    0    0     0  2492 20968 59403 59 20 19  1  0 2026-07-04 01:05:54
14  0      0   2554     73    964    0    0     0 11910 21718 63927 60 18 20  2  0 2026-07-04 01:05:56
14  1      0   2545     73    970    0    0    42  2828 22773 62595 57 21 20  2  0 2026-07-04 01:05:58
10  1      0   2535     73    977    0    0     0  3178 23816 68806 56 21 21  1  0 2026-07-04 01:06:00
 9  1      0   2512     73    999    0    0    10 11326 24053 70031 55 22 22  2  0 2026-07-04 01:06:02
 9  1      0   2473     73   1005    0    0     0  2932 24546 67273 53 24 21  2  0 2026-07-04 01:06:04
 8  0      0   2453     73   1010    0    0     0  2540 24763 63755 54 22 21  2  0 2026-07-04 01:06:06
15  0      0   2449     73   1015    0    0     0  2972 23469 61191 57 20 21  2  0 2026-07-04 01:06:08
 7  1      0   2412     73   1038    0    0    92 11652 24428 72565 53 23 22  2  0 2026-07-04 01:06:10
 5  1      0   2400     73   1045    0    0     0  3590 25134 79742 51 22 25  2  0 2026-07-04 01:06:12
 9  4      0   2370     73   1067    0    0     0 11142 25309 80302 50 24 22  4  0 2026-07-04 01:06:14
10  1      0   2360     73   1075    0    0     6  5324 25832 81648 51 23 23  3  0 2026-07-04 01:06:16
13  0      0   2332     73   1082    0    0     0  4068 26521 87748 50 24 24  2  0 2026-07-04 01:06:18
12  0      0   2299     73   1102    0    0     2 33304 29620 122744 44 28 19  9  0 2026-07-04 01:06:20
 8  1      0   2257     73   1133    0    0     0 15540 27279 104618 43 27 28  2  0 2026-07-04 01:06:22
procs -----------메모리---------- ---스왑-- ---입출력-- -시스템-- ------CPU----- -----타임스탬프----
 r  b 스왑 가용 버퍼 캐시  입  출   입   출   in   cs us sy id wa st                      KST
 8  1      0   2226     73   1145    0    0     0  5874 29473 120005 40 28 28  3  0 2026-07-04 01:06:24
 6  0      0   2205     73   1170    0    0     0 12880 30672 127770 40 30 28  3  0 2026-07-04 01:06:26
 8  0      0   2185     73   1181    0    0    64  5648 28442 104663 42 29 27  3  0 2026-07-04 01:06:28
12  1      0   2137     73   1208    0    0     0 13676 29592 122183 40 29 28  3  0 2026-07-04 01:06:30
 6  1      0   2119     73   1234    0    0     0 13422 29187 120144 40 29 29  3  0 2026-07-04 01:06:32
 9  1      0   2100     73   1244    0    0     0  5452 29588 120160 40 30 28  3  0 2026-07-04 01:06:34
11  0      0   2064     73   1268    0    0    82 11954 30472 130804 41 27 29  3  0 2026-07-04 01:06:36
15  1      0   2030     73   1281    0    0     0  6794 28722 108015 44 27 27  2  0 2026-07-04 01:06:38
10  1      0   1989     73   1308    0    0     0 13728 29536 121090 41 29 27  3  0 2026-07-04 01:06:40
10  0      0   1978     73   1318    0    0     0  4664 27931 102068 46 26 25  2  0 2026-07-04 01:06:42
16  1      0   1929     73   1346    0    0     0 13954 29781 128069 41 29 27  3  0 2026-07-04 01:06:44
12  0      0   1908     73   1370    0    0     0 12702 30748 130280 41 27 29  3  0 2026-07-04 01:06:46
13  0      0   1890     73   1382    0    0     0  6130 29363 112034 43 27 28  2  0 2026-07-04 01:06:48
15  0      0   1869     73   1409    0    0     0 13816 30493 129755 41 28 28  3  0 2026-07-04 01:06:50
10  2      0   1840     73   1416    0    0     6 45642 32746 146373 40 30 24  7  0 2026-07-04 01:06:52
12  0      0   1810     73   1449    0    0     0 17296 29483 119902 42 28 27  2  0 2026-07-04 01:06:54
 9  1      0   1771     73   1478    0    0    20 14586 30464 126624 41 29 27  3  0 2026-07-04 01:06:56
 7  1      0   1757     73   1486    0    0     0  4472 27665 99151 45 27 26  2  0 2026-07-04 01:06:58
10  1      0   1719     73   1514    0    0     0 13708 29412 124830 41 29 28  3  0 2026-07-04 01:07:00
 5  1      0   1689     73   1539    0    0    56 12780 30579 130804 40 29 28  3  0 2026-07-04 01:07:02
 9  1      0   1670     73   1551    0    0     0  5956 27757 106077 44 27 27  2  0 2026-07-04 01:07:04
procs -----------메모리---------- ---스왑-- ---입출력-- -시스템-- ------CPU----- -----타임스탬프----
 r  b 스왑 가용 버퍼 캐시  입  출   입   출   in   cs us sy id wa st                      KST
 4  1      0   1655     73   1579    0    0     0 13924 30143 128230 41 29 28  3  0 2026-07-04 01:07:06
11  0      0   1648     73   1588    0    0     0  4536 28802 105310 43 29 26  3  0 2026-07-04 01:07:08
 8  1      0   1614     73   1615    0    0    28 13738 30698 128770 40 29 28  3  0 2026-07-04 01:07:10
11  1      0   1573     73   1642    0    0     0 12580 28967 114022 40 29 28  3  0 2026-07-04 01:07:12
10  1      0   1547     73   1653    0    0     0  5756 29350 120237 41 29 27  3  0 2026-07-04 01:07:14
13  1      0   1528     73   1680    0    0     0 13500 29564 125095 41 27 29  2  0 2026-07-04 01:07:16
 8  1      0   1514     73   1691    0    0     0  5196 29051 110468 43 27 27  3  0 2026-07-04 01:07:18
12  1      0   1471     73   1719    0    0     2 13818 29320 123383 42 27 28  3  0 2026-07-04 01:07:20
 6  1      0   1458     73   1745    0    0     0 11550 29726 126939 41 28 29  3  0 2026-07-04 01:07:22
 6  3      0   1453     73   1755    0    0     8 33926 31246 135926 40 29 25  6  0 2026-07-04 01:07:24
12  0      0   1421     73   1786    0    0     0 31112 30319 124741 41 29 27  4  0 2026-07-04 01:07:26
 4  1      0   1394     73   1814    0    0    46 14502 28788 107207 43 28 27  2  0 2026-07-04 01:07:28
11  1      0   1376     73   1828    0    0   408  5894 29716 126877 40 29 27  4  0 2026-07-04 01:07:30
 9  0      0   1331     73   1853    0    0   180 12104 31034 136835 37 31 28  4  0 2026-07-04 01:07:32
 7  1      0   1318     73   1866    0    0     0  7044 28264 109271 42 27 29  2  0 2026-07-04 01:07:34
 5  1      0   1290     73   1895    0    0    60 13792 29937 126748 39 30 28  3  0 2026-07-04 01:07:36
 7  1      0   1263     73   1919    0    0     0 12404 29509 114153 42 30 26  2  0 2026-07-04 01:07:38
12  1      0   1240     73   1931    0    0     0  6178 29264 119443 41 29 27  3  0 2026-07-04 01:07:40
 4  1      0   1226     73   1957    0    0     0 13194 30373 133206 40 27 30  3  0 2026-07-04 01:07:42
10  1      0   1215     73   1969    0    0     0  5936 28915 115300 40 28 29  2  0 2026-07-04 01:07:44
 8  1      0   1180     73   1996    0    0     0 13576 30523 128748 39 28 29  3  0 2026-07-04 01:07:46
procs -----------메모리---------- ---스왑-- ---입출력-- -시스템-- ------CPU----- -----타임스탬프----
 r  b 스왑 가용 버퍼 캐시  입  출   입   출   in   cs us sy id wa st                      KST
 8  1      0   1163     74   2022    0    0     0 12310 30540 128062 38 29 29  3  0 2026-07-04 01:07:48
 5  2      0   1138     74   2043    0    0     0 17608 32773 150120 37 30 25  8  0 2026-07-04 01:07:50
 6  2      0   1115     74   2068    0    0     0 25368 31938 145601 38 29 28  4  0 2026-07-04 01:07:52
12  2      0   1071     74   2102    0    0     0 21620 28542 113532 41 29 27  3  0 2026-07-04 01:07:54
 6  2      0   1069     74   2113    0    0     6 24798 30739 130457 41 28 25  6  0 2026-07-04 01:07:56
 8  1      0   1031     74   2136    0    0    64 42080 33158 146757 40 29 23  8  0 2026-07-04 01:07:58
 8  2      0   1007     74   2169    0    0     0 21010 27881 105800 45 27 26  2  0 2026-07-04 01:08:00
 6  1      0    976     74   2203    0    0     0 21720 29080 117327 43 27 27  3  0 2026-07-04 01:08:02
11  1      0    963     74   2216    0    0     0 10544 29799 122721 39 30 29  3  0 2026-07-04 01:08:04
 8  1      0    936     74   2243    0    0     2 16230 30803 129322 40 29 27  3  0 2026-07-04 01:08:06
 6  1      0    926     74   2254    0    0     0  8024 29466 114450 43 28 27  2  0 2026-07-04 01:08:08
12  1      0    880     74   2283    0    0    40 17570 30893 126784 39 30 27  3  0 2026-07-04 01:08:10
 7  0      0    873     74   2309    0    0     0 15420 30490 130497 39 29 29  3  0 2026-07-04 01:08:12
11  1      0    859     74   2322    0    0     0 10516 29453 123492 40 28 29  3  0 2026-07-04 01:08:14
13  1      0    830     74   2350    0    0     0 16770 30431 125601 41 28 27  4  0 2026-07-04 01:08:16
10  1      0    804     74   2376    0    0     0 14668 31080 130354 40 28 29  3  0 2026-07-04 01:08:18
10  1      0    789     74   2390    0    0     0 11172 29639 120518 41 29 28  3  0 2026-07-04 01:08:20
 5  1      0    760     74   2418    0    0     0 16650 30603 128641 41 28 28  2  0 2026-07-04 01:08:22
13  2      0    732     74   2445    0    0    32 16008 30216 128764 40 29 28  3  0 2026-07-04 01:08:24
19  1      0    701     74   2458    0    0     0  9972 30000 122093 42 28 28  2  0 2026-07-04 01:08:26
 7  0      0    676     74   2484    0    0     0 15366 30401 120317 41 29 27  3  0 2026-07-04 01:08:28
procs -----------메모리---------- ---스왑-- ---입출력-- -시스템-- ------CPU----- -----타임스탬프----
 r  b 스왑 가용 버퍼 캐시  입  출   입   출   in   cs us sy id wa st                      KST
11  2      0    688     74   2491    0    0     2 36930 32467 149832 38 31 20 11  0 2026-07-04 01:08:30
 9  1      0    660     74   2516    0    0     0 32188 32461 142181 40 28 26  6  0 2026-07-04 01:08:32
12  0      0    627     74   2551    0    0     0 21472 29117 117189 43 28 27  2  0 2026-07-04 01:08:34
14  1      0    592     74   2583    0    0     2 20052 29408 120189 41 29 27  2  0 2026-07-04 01:08:36
14  1      0    582     74   2595    0    0     0  9400 29799 115791 41 30 26  2  0 2026-07-04 01:08:38
 5  2      0    546     74   2622    0    0     0 15964 31110 135581 38 30 28  4  0 2026-07-04 01:08:40
11  1      0    526     74   2635    0    0     0  9836 29691 122137 41 29 28  3  0 2026-07-04 01:08:42
11  1      0    511     74   2664    0    0     0 16988 30357 129032 41 29 28  2  0 2026-07-04 01:08:44
 9  1      0    485     74   2690    0    0     0 15474 30372 132486 40 28 29  3  0 2026-07-04 01:08:46
10  1      0    472     74   2701    0    0     0  9148 28688 105308 43 30 26  2  0 2026-07-04 01:08:48
 6  1      0    444     74   2730    0    0     0 17320 30490 128395 39 30 27  4  0 2026-07-04 01:08:50
 8  1      0    418     74   2755    0    0     2 15404 31446 134345 39 30 29  3  0 2026-07-04 01:08:52
 6  1      0    407     74   2767    0    0     0  9694 29121 117474 42 28 28  2  0 2026-07-04 01:08:54
 3  1      0    379     74   2795    0    0     0 16928 30146 125677 40 28 28  3  0 2026-07-04 01:08:56
11  1      0    363     74   2806    0    0     0  8088 29606 118320 42 26 29  3  0 2026-07-04 01:08:58
15  0      0    342     74   2834    0    0    28 16694 31057 128960 40 31 27  2  0 2026-07-04 01:09:00
 4  2      0    315     74   2859    0    0     0 20242 30334 132242 39 30 27  4  0 2026-07-04 01:09:02
13  3      0    312     74   2862    0    0   420 33964 32988 153674 36 28 23 13  0 2026-07-04 01:09:04
14  2      0    296     74   2876    0    0  2114 18078 31957 142262 40 28 17 15  0 2026-07-04 01:09:06
 6  2      0    265     74   2903    0    0   960 15388 32030 141623 40 29 22 10  0 2026-07-04 01:09:08
 7  3      0    248     74   2919    0    0  1184  9908 30449 125331 42 28 18 12  0 2026-07-04 01:09:10
procs -----------메모리---------- ---스왑-- ---입출력-- -시스템-- ------CPU----- -----타임스탬프----
 r  b 스왑 가용 버퍼 캐시  입  출   입   출   in   cs us sy id wa st                      KST
13  0      0    228     74   2945    0    0   252 14690 31972 142989 38 28 24  9  0 2026-07-04 01:09:12
18  0      0    196     74   2977    0    0     2 20232 29974 123807 42 28 28  2  0 2026-07-04 01:09:14
11  1      0    197     74   3002    0    0    36 19536 29532 119101 43 28 26  3  0 2026-07-04 01:09:16
13  2      0    204     74   2987    0    0     2 28976 29224 115329 41 29 26  4  0 2026-07-04 01:09:18
 7  3      0    190     74   2999    0    0   632 15266 30128 125818 42 29 20  9  0 2026-07-04 01:09:20
11  2      0    202     74   3004    0    0    88  8556 28940 119542 42 27 21  9  0 2026-07-04 01:09:22
 8  1      0    196     74   3008    0    0   532  7380 29176 117805 40 29 27  4  0 2026-07-04 01:09:24
10  2      0    187     74   3007    0    0   140  4992 30065 123591 40 28 27  5  0 2026-07-04 01:09:26
10  1      0    193     74   3006    0    0   250 23716 33060 148160 38 31 22  9  0 2026-07-04 01:09:28
 7  1      0    197     74   3009    0    0    10 26388 31592 134755 41 29 26  3  0 2026-07-04 01:09:30
 8  0      0    206     74   3003    0    0   212 12444 28598 109147 44 27 25  4  0 2026-07-04 01:09:32
18  1      0    189     74   3014    0    0     0 10338 29284 123554 41 28 29  3  0 2026-07-04 01:09:34
 6  3      0    198     73   3016    0    0     0 12278 29815 125177 39 28 29  3  0 2026-07-04 01:09:36
 8  1      0    198     72   2999    0    0    36 33530 30861 127263 41 29 21  9  0 2026-07-04 01:09:38
12  1      0    193     72   3007    0    0     0 11704 29092 117990 41 28 28  2  0 2026-07-04 01:09:40
20  0      0    200     72   3008    0    0     4  8574 30127 124583 39 29 29  3  0 2026-07-04 01:09:42
 5  1      0    195     72   3005    0    0    52  8426 29674 124382 41 28 27  4  0 2026-07-04 01:09:44
10  1      0    199     72   3001    0    0    22  9296 30466 127942 39 29 28  3  0 2026-07-04 01:09:46
10  2      0    188     72   3004    0    0   208  9400 30427 123828 40 29 27  4  0 2026-07-04 01:09:48
14  1      0    201     72   3003    0    0  1116  7696 30818 135832 41 29 20 10  0 2026-07-04 01:09:50
10  3      0    197     72   3011    0    0   904 10700 29893 127782 40 29 25  6  0 2026-07-04 01:09:52
procs -----------메모리---------- ---스왑-- ---입출력-- -시스템-- ------CPU----- -----타임스탬프----
 r  b 스왑 가용 버퍼 캐시  입  출   입   출   in   cs us sy id wa st                      KST
11  0      0    202     72   3015    0    0   436  9098 30923 135977 39 28 23  9  0 2026-07-04 01:09:54
17  1      0    183     71   3013    0    0   364  9672 30086 125825 41 28 24  7  0 2026-07-04 01:09:56
 3  2      0    197     71   3015    0    0   522  9002 29909 124189 42 27 27  5  0 2026-07-04 01:09:58
12  0      0    195     71   3016    0    0   688  8740 30546 132481 41 29 25  5  0 2026-07-04 01:10:00
10  2      0    199     70   3005    0    0   280  9190 30149 126984 41 27 26  6  0 2026-07-04 01:10:02
13  1      0    185     70   3005    0    0   192  9506 29183 119724 40 29 28  3  0 2026-07-04 01:10:04
10  1      0    193     70   3010    0    0     0  9488 29810 129203 41 27 29  3  0 2026-07-04 01:10:06
 5  2      0    202     70   2995    0    0   294  7810 29777 117204 41 29 27  3  0 2026-07-04 01:10:08
 5  3      0    191     70   3002    0    0   216 37694 32166 142963 42 27 22  9  0 2026-07-04 01:10:10
 9  0      0    191     70   3017    0    0    44 15014 29549 121344 41 29 26  4  0 2026-07-04 01:10:12
 9  1      0    196     70   3014    0    0   234 10012 30498 128170 40 29 27  4  0 2026-07-04 01:10:14
 9  1      0    196     70   3011    0    0   434  9196 30360 125069 40 30 26  5  0 2026-07-04 01:10:16
12  1      0    193     70   3006    0    0     4  8260 29778 120130 41 28 28  3  0 2026-07-04 01:10:18
 6  3      0    202     70   2999    0    0   184  7304 31186 134870 39 29 25  7  0 2026-07-04 01:10:20
11  3      0    196     70   2997    0    0   378 20110 31121 148138 37 27 18 17  0 2026-07-04 01:10:22
 5  0      0    217     69   3007    0    0    22 23384 32562 149831 39 29 22 10  0 2026-07-04 01:10:24
10  1      0    197     69   3021    0    0    34 15782 28216 108437 42 28 26  4  0 2026-07-04 01:10:26
11  2      0    208     68   2989    0    0   122 10854 28596 107504 44 28 24  4  0 2026-07-04 01:10:28
 9  1      0    184     68   3007    0    0     0  9452 29595 129017 40 28 30  3  0 2026-07-04 01:10:30
10  1      0    201     68   3007    0    0    46  8898 30126 126384 40 28 27  6  0 2026-07-04 01:10:32
13  1      0    201     68   3005    0    0   166  8428 29656 122206 41 28 25  6  0 2026-07-04 01:10:34
procs -----------메모리---------- ---스왑-- ---입출력-- -시스템-- ------CPU----- -----타임스탬프----
 r  b 스왑 가용 버퍼 캐시  입  출   입   출   in   cs us sy id wa st                      KST
 9  1      0    185     68   3018    0    0     8  8878 29902 126507 39 28 29  4  0 2026-07-04 01:10:36
19  0      0    191     68   3002    0    0   134  9012 29876 122817 41 29 27  3  0 2026-07-04 01:10:38
 9  1      0    202     67   2999    0    0   446  8948 30343 129244 41 28 21  9  0 2026-07-04 01:10:40
 4  1      0    197     67   3018    0    0    12  8414 30839 124969 41 29 27  3  0 2026-07-04 01:10:42
10  1      0    190     67   3033    0    0     0  9764 29598 126186 39 30 28  3  0 2026-07-04 01:10:44
 8  1      0    206     67   3011    0    0    52  8084 29914 119024 41 28 25  5  0 2026-07-04 01:10:46
20  1      0    200     67   3010    0    0    26  8524 29866 120152 41 28 28  3  0 2026-07-04 01:10:48
10  0      0    194     67   3013    0    0    90  8896 30316 125147 40 28 28  4  0 2026-07-04 01:10:50
12  7      0    200     67   3005    0    0   298 22468 34002 165056 35 30 16 18  0 2026-07-04 01:10:52
13  3      0    193     66   3005    0    0   476 23652 33769 155571 37 28 18 17  0 2026-07-04 01:10:54
10  2      0    194     67   3023    0    0    24  9842 30109 120417 42 29 21  8  0 2026-07-04 01:10:56
 8  1      0    211     67   3005    0    0    16  7498 29647 116307 42 28 19 10  0 2026-07-04 01:10:58
 6  2      0    199     67   3013    0    0    82 13696 29916 116927 43 28 21  8  0 2026-07-04 01:11:00
12  1      0    191     67   3020    0    0    64 17060 31839 136361 40 29 25  5  0 2026-07-04 01:11:02
 9  1      0    187     67   3027    0    0     4 18776 29305 118480 42 28 27  3  0 2026-07-04 01:11:04
12  1      0    194     67   3020    0    0    52  8288 29674 119619 41 29 25  5  0 2026-07-04 01:11:06
 7  1      0    195     66   3012    0    0    44  8570 29532 122131 40 28 27  5  0 2026-07-04 01:11:08
12  1      0    196     66   3022    0    0    26  8404 30505 128702 39 29 28  3  0 2026-07-04 01:11:10
 5  2      0    189     66   3023    0    0    28  7776 29735 116635 41 29 26  4  0 2026-07-04 01:11:12
 8  0      0    189     66   3029    0    0    70  8940 30209 127794 41 28 28  3  0 2026-07-04 01:11:14
19  1      0    189     66   3012    0    0    76  7956 29640 123158 40 29 27  3  0 2026-07-04 01:11:16
procs -----------메모리---------- ---스왑-- ---입출력-- -시스템-- ------CPU----- -----타임스탬프----
 r  b 스왑 가용 버퍼 캐시  입  출   입   출   in   cs us sy id wa st                      KST
 4  1      0    203     66   3013    0    0   322  7388 29661 118737 41 29 26  4  0 2026-07-04 01:11:18
12  1      0    196     66   3020    0    0   276  8848 30316 125563 40 30 26  4  0 2026-07-04 01:11:20
 9  2      0    197     66   3015    0    0   308  7790 29395 122336 42 28 26  4  0 2026-07-04 01:11:22
10  1      0    185     66   3028    0    0    12  9044 29744 126370 41 28 28  3  0 2026-07-04 01:11:24
10  0      0    191     66   3023    0    0   322  8732 30375 130896 40 28 27  5  0 2026-07-04 01:11:26
10  2      0    188     66   3007    0    0   534  7938 29384 117179 43 28 21  8  0 2026-07-04 01:11:28
 9  0      0    198     66   3014    0    0    60  9084 30312 126725 39 31 26  4  0 2026-07-04 01:11:30
 6  3      0    192     66   3019    0    0     8 17920 31831 142529 40 28 25  8  0 2026-07-04 01:11:32
 8  1      0    197     65   3014    0    0     6 39320 32255 144002 40 29 23  8  0 2026-07-04 01:11:34
14  1      0    190     65   3033    0    0     0 15492 27947 106380 42 28 27  2  0 2026-07-04 01:11:36
22  1      0    194     65   3009    0    0    86  8262 29936 120238 41 28 25  5  0 2026-07-04 01:11:38
19  0      0    187     65   3020    0    0     0  7802 29965 123924 43 27 27  3  0 2026-07-04 01:11:40
 7  1      0    188     65   3033    0    0    26  8718 30685 125377 40 28 29  3  0 2026-07-04 01:11:42
 1  0      0    214     65   3021    0    0    26  4982 27534 131629 31 22 44  3  0 2026-07-04 01:11:44
 2  0      0    222     65   3021    0    0    20   128 14062 82674 10  6 83  0  0 2026-07-04 01:11:46
 1  0      0    221     65   3021    0    0     0    64 14133 81457 11  7 82  1  0 2026-07-04 01:11:48
 2  0      0    223     65   3021    0    0    20   132 15007 83678 14  7 79  0  0 2026-07-04 01:11:50
 1  0      0    217     65   3021    0    0     0   156 13998 81127 11  7 83  0  0 2026-07-04 01:11:52
 5  0      0    215     65   3021    0    0     0     0 14184 83022 10  7 83  0  0 2026-07-04 01:11:54
 1  0      0    218     65   3021    0    0    38   140 13538 81525 13  8 79  0  0 2026-07-04 01:11:56
 1  0      0    216     65   3021    0    0     0    92 13769 81235 10  7 82  0  0 2026-07-04 01:11:58
procs -----------메모리---------- ---스왑-- ---입출력-- -시스템-- ------CPU----- -----타임스탬프----
 r  b 스왑 가용 버퍼 캐시  입  출   입   출   in   cs us sy id wa st                      KST
 1  0      0    219     65   3021    0    0     0   128 13785 82036 15  8 78  0  0 2026-07-04 01:12:00
 2  0      0    215     65   3021    0    0     0   186 13309 79255 11  7 82  0  0 2026-07-04 01:12:02
 1  0      0    221     65   3021    0    0     2   714 13472 80611  9  7 83  0  0 2026-07-04 01:12:04
