1783096529 $SYS/broker/publish/messages/dropped 0
1783096529 $SYS/broker/clients/total 4
1783096529 $SYS/broker/clients/inactive 0
1783096529 $SYS/broker/clients/disconnected 0
1783096529 $SYS/broker/clients/active 4
1783096529 $SYS/broker/clients/connected 4
1783096529 $SYS/broker/clients/expired 0
1783096529 $SYS/broker/clients/maximum 4
1783096529 $SYS/broker/messages/stored 51
1783096529 $SYS/broker/messages/received 24
1783096529 $SYS/broker/messages/sent 426
1783096537 $SYS/broker/clients/total 697
1783096537 $SYS/broker/clients/maximum 697
1783096537 $SYS/broker/clients/active 697
1783096537 $SYS/broker/clients/connected 697
1783096537 $SYS/broker/messages/stored 55
1783096537 $SYS/broker/messages/received 2588
1783096537 $SYS/broker/messages/sent 3062
1783096548 $SYS/broker/clients/total 5574
1783096548 $SYS/broker/clients/maximum 5574
1783096548 $SYS/broker/clients/active 5574
1783096548 $SYS/broker/clients/connected 5574
1783096548 $SYS/broker/messages/stored 4211
1783096548 $SYS/broker/messages/received 72491
1783096548 $SYS/broker/messages/sent 73099
1783096548 $SYS/broker/publish/messages/dropped 4496
1783096559 $SYS/broker/clients/total 10005
1783096559 $SYS/broker/clients/maximum 10005
1783096559 $SYS/broker/clients/active 10005
1783096559 $SYS/broker/clients/connected 10005
1783096559 $SYS/broker/messages/stored 4198
1783096559 $SYS/broker/messages/received 215502
1783096559 $SYS/broker/messages/sent 216169
1783096559 $SYS/broker/publish/messages/dropped 46221
1783096570 $SYS/broker/messages/stored 4211
1783096570 $SYS/broker/messages/received 386838
1783096570 $SYS/broker/messages/sent 387560
1783096570 $SYS/broker/publish/messages/dropped 94940
1783096581 $SYS/broker/messages/stored 4183
1783096581 $SYS/broker/messages/received 573859
1783096581 $SYS/broker/messages/sent 574687
1783096581 $SYS/broker/publish/messages/dropped 128055
1783096592 $SYS/broker/messages/stored 4159
1783096592 $SYS/broker/messages/received 777858
1783096592 $SYS/broker/messages/sent 778741
1783096592 $SYS/broker/publish/messages/dropped 144127
1783096603 $SYS/broker/messages/stored 93
1783096603 $SYS/broker/messages/received 988015
1783096603 $SYS/broker/messages/sent 988915
1783096603 $SYS/broker/publish/messages/dropped 158150
1783096614 $SYS/broker/messages/stored 4184
1783096614 $SYS/broker/messages/received 1189229
1783096614 $SYS/broker/messages/sent 1190222
1783096614 $SYS/broker/publish/messages/dropped 172931
1783096625 $SYS/broker/messages/stored 4204
1783096625 $SYS/broker/messages/received 1391461
1783096625 $SYS/broker/messages/sent 1392509
1783096625 $SYS/broker/publish/messages/dropped 190767
1783096636 $SYS/broker/messages/stored 999
1783096636 $SYS/broker/messages/received 1599239
1783096636 $SYS/broker/messages/sent 1600342
1783096636 $SYS/broker/publish/messages/dropped 206272
1783096647 $SYS/broker/messages/stored 1702
1783096647 $SYS/broker/messages/received 1812562
1783096647 $SYS/broker/messages/sent 1813720
1783096647 $SYS/broker/publish/messages/dropped 212346
1783096658 $SYS/broker/messages/stored 2207
1783096658 $SYS/broker/messages/received 2020123
1783096658 $SYS/broker/messages/sent 2021336
1783096658 $SYS/broker/publish/messages/dropped 224353
1783096669 $SYS/broker/messages/stored 71
1783096669 $SYS/broker/messages/received 2231597
1783096669 $SYS/broker/messages/sent 2232805
1783096669 $SYS/broker/publish/messages/dropped 235099
1783096680 $SYS/broker/messages/stored 4020
1783096680 $SYS/broker/messages/received 2439251
1783096680 $SYS/broker/messages/sent 2440574
1783096680 $SYS/broker/publish/messages/dropped 243586
1783096691 $SYS/broker/messages/stored 3061
1783096691 $SYS/broker/messages/received 2646957
1783096691 $SYS/broker/messages/sent 2648335
1783096691 $SYS/broker/publish/messages/dropped 256911
1783096702 $SYS/broker/messages/stored 2953
1783096702 $SYS/broker/messages/received 2853129
1783096702 $SYS/broker/messages/sent 2854562
1783096702 $SYS/broker/publish/messages/dropped 270943
1783096713 $SYS/broker/messages/stored 4202
1783096713 $SYS/broker/messages/received 3058025
1783096713 $SYS/broker/messages/sent 3059564
1783096713 $SYS/broker/publish/messages/dropped 284907
1783096724 $SYS/broker/messages/stored 3606
1783096724 $SYS/broker/messages/received 3267939
1783096724 $SYS/broker/messages/sent 3269533
1783096724 $SYS/broker/publish/messages/dropped 295643
1783096735 $SYS/broker/messages/stored 1703
1783096735 $SYS/broker/messages/received 3477585
1783096735 $SYS/broker/messages/sent 3479234
1783096735 $SYS/broker/publish/messages/dropped 307954
1783096746 $SYS/broker/messages/stored 4074
1783096746 $SYS/broker/messages/received 3687923
1783096746 $SYS/broker/messages/sent 3689627
1783096746 $SYS/broker/publish/messages/dropped 315373
1783096757 $SYS/broker/messages/stored 4164
1783096757 $SYS/broker/messages/received 3886085
1783096757 $SYS/broker/messages/sent 3887844
1783096757 $SYS/broker/publish/messages/dropped 337177
1783096768 $SYS/broker/messages/stored 4143
1783096768 $SYS/broker/messages/received 4085462
1783096768 $SYS/broker/messages/sent 4087276
1783096768 $SYS/broker/publish/messages/dropped 357939
1783096779 $SYS/broker/messages/stored 4154
1783096779 $SYS/broker/messages/received 4296331
1783096779 $SYS/broker/messages/sent 4298200
1783096779 $SYS/broker/publish/messages/dropped 367106
1783096790 $SYS/broker/messages/stored 4165
1783096790 $SYS/broker/messages/received 4486248
1783096790 $SYS/broker/messages/sent 4488172
1783096790 $SYS/broker/publish/messages/dropped 397298
1783096801 $SYS/broker/messages/stored 3103
1783096801 $SYS/broker/messages/received 4683019
1783096801 $SYS/broker/messages/sent 4684998
1783096801 $SYS/broker/publish/messages/dropped 421649
1783096812 $SYS/broker/messages/stored 4082
1783096812 $SYS/broker/messages/received 4895794
1783096812 $SYS/broker/messages/sent 4897828
1783096812 $SYS/broker/publish/messages/dropped 427995
1783096823 $SYS/broker/messages/stored 1431
1783096823 $SYS/broker/messages/received 5099899
1783096823 $SYS/broker/messages/sent 5101988
1783096823 $SYS/broker/publish/messages/dropped 446617
1783096834 $SYS/broker/messages/stored 4002
1783096834 $SYS/broker/messages/received 5301287
1783096834 $SYS/broker/messages/sent 5303431
1783096834 $SYS/broker/publish/messages/dropped 462753
1783096845 $SYS/broker/messages/stored 4203
1783096845 $SYS/broker/messages/received 5505876
1783096845 $SYS/broker/messages/sent 5508075
1783096845 $SYS/broker/publish/messages/dropped 482320
1783096856 $SYS/broker/messages/stored 785
1783096856 $SYS/broker/messages/received 5717091
1783096856 $SYS/broker/messages/sent 5719386
1783096856 $SYS/broker/publish/messages/dropped 499524
1783096867 $SYS/broker/messages/stored 2240
1783096867 $SYS/broker/messages/received 5922240
1783096867 $SYS/broker/messages/sent 5924600
1783096867 $SYS/broker/publish/messages/dropped 513810
1783096878 $SYS/broker/messages/stored 4174
1783096878 $SYS/broker/messages/received 6121136
1783096878 $SYS/broker/messages/sent 6123551
1783096878 $SYS/broker/publish/messages/dropped 533048
1783096889 $SYS/broker/messages/stored 1304
1783096889 $SYS/broker/messages/received 6325751
1783096889 $SYS/broker/messages/sent 6328221
1783096889 $SYS/broker/publish/messages/dropped 551415
1783096900 $SYS/broker/clients/total 5
1783096900 $SYS/broker/clients/active 5
1783096900 $SYS/broker/clients/connected 5
1783096900 $SYS/broker/messages/stored 51
1783096900 $SYS/broker/messages/received 6438756
1783096900 $SYS/broker/messages/sent 6441204
1783096900 $SYS/broker/publish/messages/dropped 557062
1783096911 $SYS/broker/messages/received 6438758
1783096911 $SYS/broker/messages/sent 6441260
1783096922 $SYS/broker/messages/received 6438760
1783096922 $SYS/broker/messages/sent 6441315
