procs -----------메모리---------- ---스왑-- ---입출력-- -시스템-- ------CPU----- -----타임스탬프----
 r  b 스왑 가용 버퍼 캐시  입  출   입   출   in   cs us sy id wa st                      KST
 3  2      0   3180     61   1014    0    0     1     6    0    0  0  0 99  0  0 2026-07-04 01:35:29
 0  0      0   3178     61   1017    0    0  1156     4 4263 9305  4  2 90  4  0 2026-07-04 01:35:31
 1  0      0   3186     61   1017    0    0    60   194 2399 4533  3  1 96  1  0 2026-07-04 01:35:33
 4  0      0   3182     61   1017    0    0     0    10 2835 6552  3  1 96  0  0 2026-07-04 01:35:35
 5  1      0   3153     61   1019    0    0    54   946 10925 31007 53  8 37  1  0 2026-07-04 01:35:37
 9  0      0   3118     61   1021    0    0    24  1676 16245 47340 65 14 19  1  0 2026-07-04 01:35:39
 5  1      0   3075     61   1025    0    0    18  2134 18149 51378 63 16 19  1  0 2026-07-04 01:35:41
 9  0      0   2811     61   1031    0    0     0  3132 20682 59528 61 20 18  1  0 2026-07-04 01:35:43
12  1      0   2602     61   1036    0    0     0  2650 21234 60422 60 20 19  1  0 2026-07-04 01:35:45
10  0      0   2567     61   1059    0    0    10 10810 22794 63568 59 22 18  1  0 2026-07-04 01:35:47
13  1      0   2540     61   1065    0    0     0  3256 22415 58207 60 21 18  1  0 2026-07-04 01:35:49
20  0      0   2464     61   1072    0    0     0  3096 24510 66318 58 23 17  1  0 2026-07-04 01:35:51
13  0      0   2430     61   1097    0    0     0 12156 25061 70790 57 24 18  1  0 2026-07-04 01:35:53
10  0      0   2386     61   1106    0    0     0  4240 25471 74380 55 24 20  1  0 2026-07-04 01:35:55
10  3      0   2340     61   1128    0    0     4 11540 27153 78427 55 25 19  2  0 2026-07-04 01:35:57
 6  1      0   2321     61   1138    0    0     0  5296 23708 63227 57 22 20  2  0 2026-07-04 01:35:59
13  0      0   2304     61   1145    0    0     0  3708 24482 69120 53 23 22  1  0 2026-07-04 01:36:01
16  1      0   2279     61   1169    0    0     0 12476 25266 74258 53 26 20  1  0 2026-07-04 01:36:03
12  1      0   2255     61   1176    0    0     0  3840 23770 67320 53 24 22  2  0 2026-07-04 01:36:05
13  1      0   2224     61   1201    0    0     0 12842 25675 81336 49 27 22  2  0 2026-07-04 01:36:07
13  2      0   2189     61   1207    0    0     2 23854 27577 92278 52 27 15  6  0 2026-07-04 01:36:09
procs -----------메모리---------- ---스왑-- ---입출력-- -시스템-- ------CPU----- -----타임스탬프----
 r  b 스왑 가용 버퍼 캐시  입  출   입   출   in   cs us sy id wa st                      KST
15  0      0   2162     61   1231    0    0     0 17376 28168 94522 50 27 20  3  0 2026-07-04 01:36:11
13  0      0   2127     61   1246    0    0    10  6820 25162 75261 53 26 20  1  0 2026-07-04 01:36:13
 8  1      0   2065     61   1273    0    0     2 13830 27433 94637 51 28 21  1  0 2026-07-04 01:36:15
13  1      0   2024     61   1296    0    0     0 11886 28569 107074 46 30 22  2  0 2026-07-04 01:36:17
15  1      0   2013     61   1311    0    0     0  7444 26607 92265 48 27 23  1  0 2026-07-04 01:36:19
 9  1      0   2000     61   1340    0    0     0 14518 29659 118109 43 31 22  3  0 2026-07-04 01:36:21
13  1      0   1965     61   1366    0    0     2 12662 30865 123890 44 30 23  2  0 2026-07-04 01:36:23
14  1      0   1931     61   1398    0    0     0 15732 28700 114057 45 31 22  2  0 2026-07-04 01:36:25
10  0      0   1887     61   1412    0    0     0  6992 30563 121136 45 31 22  2  0 2026-07-04 01:36:27
14  1      0   1846     61   1441    0    0   112 14626 28888 102456 46 29 21  4  0 2026-07-04 01:36:29
 8  0      0   1815     61   1467    0    0     0 12570 31132 130839 42 32 23  3  0 2026-07-04 01:36:31
17  1      0   1766     61   1500    0    0     0 16160 28441 107693 45 32 21  2  0 2026-07-04 01:36:33
14  1      0   1749     61   1514    0    0     0  6948 28895 112422 46 29 23  2  0 2026-07-04 01:36:35
 9  1      0   1708     61   1543    0    0     0 14202 30498 127770 43 32 22  3  0 2026-07-04 01:36:37
16  0      0   1684     61   1569    0    0     0 12716 28965 111796 44 31 23  2  0 2026-07-04 01:36:39
20  2      0   1652     61   1583    0    0     2 18864 30317 126013 44 32 21  3  0 2026-07-04 01:36:41
12  1      0   1631     61   1603    0    0    14 42628 33193 157225 38 33 20 10  0 2026-07-04 01:36:43
 3  1      0   1597     61   1637    0    0     4 22416 30202 116918 43 30 24  3  0 2026-07-04 01:36:45
11  0      0   1590     61   1653    0    0     0  7782 28176 112624 45 30 23  1  0 2026-07-04 01:36:47
15  0      0   1548     61   1684    0    0     0 14872 29341 107522 49 29 21  1  0 2026-07-04 01:36:49
 9  0      0   1512     61   1716    0    0    60 15244 29861 122796 44 32 23  1  0 2026-07-04 01:36:51
procs -----------메모리---------- ---스왑-- ---입출력-- -시스템-- ------CPU----- -----타임스탬프----
 r  b 스왑 가용 버퍼 캐시  입  출   입   출   in   cs us sy id wa st                      KST
15  1      0   1472     61   1748    0    0     0 16242 29554 122230 45 30 23  2  0 2026-07-04 01:36:53
11  1      0   1450     61   1780    0    0    66 15234 29625 118562 45 31 22  2  0 2026-07-04 01:36:55
 4  1      0   1432     61   1810    0    0     0 14410 30204 123075 45 31 22  2  0 2026-07-04 01:36:57
10  0      0   1399     61   1826    0    0     0  7858 28299 107640 48 30 22  1  0 2026-07-04 01:36:59
18  1      0   1352     61   1856    0    0     0 14642 30340 119463 44 31 23  2  0 2026-07-04 01:37:01
14  1      0   1332     62   1884    0    0     0 13670 30543 123236 43 32 24  2  0 2026-07-04 01:37:03
11  1      0   1303     62   1913    0    0     0 12746 27826 99517 47 30 21  2  0 2026-07-04 01:37:05
13  0      0   1285     62   1927    0    0     0  8122 29654 114433 44 31 24  2  0 2026-07-04 01:37:07
18  0      0   1231     62   1956    0    0    24 13978 29808 117314 45 31 22  2  0 2026-07-04 01:37:09
 4  1      0   1233     62   1983    0    0     2 13366 30144 118888 44 31 23  2  0 2026-07-04 01:37:11
10  1      0   1215     62   1998    0    0     0  7714 28182 109593 45 31 23  2  0 2026-07-04 01:37:13
 9  2      0   1193     62   2020    0    0     8 29912 33316 152749 40 32 22  6  0 2026-07-04 01:37:15
15  0      0   1187     62   2026    0    0     4 40322 31182 140016 41 29 23  7  0 2026-07-04 01:37:17
22  0      0   1156     62   2055    0    0     0 14214 29923 123780 45 29 23  2  0 2026-07-04 01:37:19
10  1      0   1124     62   2086    0    0     0 15322 29441 115568 44 32 22  2  0 2026-07-04 01:37:21
14  1      0   1089     62   2120    0    0     0 15704 29050 111627 45 31 23  1  0 2026-07-04 01:37:23
 6  2      0   1068     62   2141    0    0     2 17844 32939 155655 38 32 21  9  0 2026-07-04 01:37:25
15  1      0   1063     62   2149    0    0     0 16846 31041 136095 40 31 25  4  0 2026-07-04 01:37:27
 9  0      0   1024     62   2179    0    0     0 18802 29032 116193 45 30 22  2  0 2026-07-04 01:37:29
11  0      0    993     62   2209    0    0     2 18260 30069 125009 44 30 24  2  0 2026-07-04 01:37:31
10  0      0    968     62   2239    0    0     0 17908 30647 121549 44 30 22  3  0 2026-07-04 01:37:33
procs -----------메모리---------- ---스왑-- ---입출력-- -시스템-- ------CPU----- -----타임스탬프----
 r  b 스왑 가용 버퍼 캐시  입  출   입   출   in   cs us sy id wa st                      KST
 8  0      0    936     62   2269    0    0    40 19246 30321 122658 45 31 21  3  0 2026-07-04 01:37:35
11  2      0    906     62   2303    0    0     2 20654 28461 107172 47 30 21  1  0 2026-07-04 01:37:37
 7  1      0    874     62   2315    0    0     0 10308 29296 116211 44 31 23  2  0 2026-07-04 01:37:39
16  1      0    867     62   2340    0    0     0 14948 31836 137003 43 31 24  2  0 2026-07-04 01:37:41
 9  1      0    836     62   2370    0    0     0 18130 29857 118135 45 31 22  2  0 2026-07-04 01:37:43
 7  2      0    803     62   2404    0    0     0 21396 28980 112617 45 31 22  1  0 2026-07-04 01:37:45
14  1      0    776     62   2417    0    0     0 10000 30855 129514 43 31 22  3  0 2026-07-04 01:37:47
 1  2      0    764     62   2440    0    0     8 29232 32855 149134 40 32 22  6  0 2026-07-04 01:37:49
 2  1      0    762     62   2444    0    0     4 37958 32414 152060 38 31 21 10  0 2026-07-04 01:37:51
 7  2      0    733     62   2474    0    0     0 17854 29665 117747 43 32 24  2  0 2026-07-04 01:37:53
 7  1      0    696     62   2509    0    0     0 21458 28233 109940 45 30 23  2  0 2026-07-04 01:37:55
 9  0      0    684     62   2521    0    0     0  8398 30757 133291 44 32 22  2  0 2026-07-04 01:37:57
17  0      0    639     62   2550    0    0    22 17124 30225 119646 44 31 21  3  0 2026-07-04 01:37:59
 5  3      0    626     62   2581    0    0     0 17972 30707 120789 45 31 22  2  0 2026-07-04 01:38:01
 9  1      0    609     62   2597    0    0     0 12138 29033 114819 46 30 23  2  0 2026-07-04 01:38:03
10  0      0    575     62   2627    0    0     0 17480 29546 119637 44 31 23  2  0 2026-07-04 01:38:05
18  1      0    547     62   2657    0    0     0 18770 30848 128383 44 31 21  3  0 2026-07-04 01:38:07
18  0      0    517     62   2687    0    0    62 18664 29698 114693 46 31 21  2  0 2026-07-04 01:38:09
10  1      0    485     62   2718    0    0     2 19146 30658 121907 45 32 21  2  0 2026-07-04 01:38:11
14  0      0    470     62   2733    0    0     0 10602 29545 116195 45 30 23  2  0 2026-07-04 01:38:13
13  1      0    442     62   2762    0    0     2 18364 29673 117291 46 30 23  2  0 2026-07-04 01:38:15
procs -----------메모리---------- ---스왑-- ---입출력-- -시스템-- ------CPU----- -----타임스탬프----
 r  b 스왑 가용 버퍼 캐시  입  출   입   출   in   cs us sy id wa st                      KST
16  1      0    411     62   2792    0    0     0 18540 30527 124387 43 32 21  4  0 2026-07-04 01:38:17
13  1      0    383     62   2821    0    0     0 18430 30130 115848 46 31 21  1  0 2026-07-04 01:38:19
10  1      0    334     62   2854    0    0     4 20408 28936 101538 48 30 21  2  0 2026-07-04 01:38:21
 8  2      0    345     62   2860    0    0     4 33636 33818 153014 42 32 21  4  0 2026-07-04 01:38:23
14  0      0    338     62   2866    0    0     0 31372 31871 142364 41 30 20  9  0 2026-07-04 01:38:25
11  1      0    309     62   2894    0    0     0 18048 28197 104833 48 30 21  2  0 2026-07-04 01:38:27
 5  1      0    273     62   2923    0    0     0 17640 27405 98696 51 29 19  1  0 2026-07-04 01:38:29
11  1      0    256     62   2939    0    0     0 11856 28431 97046 50 29 21  1  0 2026-07-04 01:38:31
20  0      0    229     62   2965    0    0     2 15094 31309 131110 45 30 23  2  0 2026-07-04 01:38:33
13  1      0    199     62   2995    0    0     0 18542 30242 125854 46 31 22  2  0 2026-07-04 01:38:35
 8  1      0    197     62   3024    0    0     0 17862 29357 115649 44 32 23  2  0 2026-07-04 01:38:37
15  2      0    196     62   3020    0    0   210 21418 28591 111434 45 32 22  1  0 2026-07-04 01:38:39
11  0      0    204     62   3019    0    0   162  8040 31582 130539 43 32 22  3  0 2026-07-04 01:38:41
16  0      0    187     62   3038    0    0   774 15706 30799 121816 43 30 24  3  0 2026-07-04 01:38:43
15  2      0    192     61   3023    0    0   194 24024 30100 123361 44 30 23  3  0 2026-07-04 01:38:45
12  3      0    196     61   3008    0    0   884 26946 33851 156652 38 32 20 10  0 2026-07-04 01:38:47
15  1      0    200     61   3019    0    0   130  8660 29285 119200 46 30 18  7  0 2026-07-04 01:38:49
11  0      0    187     62   3034    0    0   686  8648 29312 109672 46 31 16  7  0 2026-07-04 01:38:51
14  1      0    194     61   3029    0    0   176  9032 28054 96764 47 30 21  1  0 2026-07-04 01:38:53
10  2      0    193     61   3027    0    0    60 27150 33418 148410 41 32 20  7  0 2026-07-04 01:38:55
15  3      0    205     61   3010    0    0    10 28686 33215 156977 37 30 22 11  0 2026-07-04 01:38:57
procs -----------메모리---------- ---스왑-- ---입출력-- -시스템-- ------CPU----- -----타임스탬프----
 r  b 스왑 가용 버퍼 캐시  입  출   입   출   in   cs us sy id wa st                      KST
18  4      0    198     61   3003    0    0   360 12724 29565 124396 43 30 21  6  0 2026-07-04 01:38:59
12  0      0    195     61   3017    0    0   250 10640 29241 109380 46 31 18  4  0 2026-07-04 01:39:01
16  3      0    204     61   3012    0    0   408 11366 29771 120471 44 30 20  5  0 2026-07-04 01:39:03
16  3      0    198     61   3018    0    0  2018  8848 31127 128308 43 31 17 10  0 2026-07-04 01:39:05
14  2      0    203     60   3015    0    0  1380  9564 30087 117789 43 31 18  8  0 2026-07-04 01:39:07
12  3      0    202     60   3028    0    0  1368 10296 29272 112298 45 31 16  8  0 2026-07-04 01:39:09
11  4      0    199     60   3026    0    0  1322 10952 28630 102508 47 29 18  6  0 2026-07-04 01:39:11
13  1      0    208     60   3015    0    0     2 11488 28675 110313 48 29 22  1  0 2026-07-04 01:39:13
18  0      0    196     60   3036    0    0     0 12792 29247 112480 46 31 22  2  0 2026-07-04 01:39:15
10  1      0    183     59   3045    0    0     4 14112 28764 109756 46 30 23  1  0 2026-07-04 01:39:17
11  2      0    197     59   3009    0    0   390 12058 29493 116620 45 32 20  3  0 2026-07-04 01:39:19
16  0      0    201     59   3023    0    0    66 13218 28173 98999 46 31 21  2  0 2026-07-04 01:39:21
 8  0      0    197     59   3040    0    0     0 13724 28871 112131 46 30 23  1  0 2026-07-04 01:39:23
12  2      0    191     59   3025    0    0   454 10632 30433 122774 44 31 20  5  0 2026-07-04 01:39:25
12  0      0    209     58   3023    0    0   266 12098 29396 114048 46 31 21  2  0 2026-07-04 01:39:27
11  3      0    190     58   3027    0    0     0 26242 31454 130932 45 30 20  6  0 2026-07-04 01:39:29
 7  2      0    194     58   3023    0    0    22 36592 32991 151971 40 31 19  9  0 2026-07-04 01:39:31
 9  0      0    184     58   3021    0    0     0 19026 30397 126819 43 31 23  3  0 2026-07-04 01:39:33
15  1      0    190     58   3035    0    0     0 12548 30888 119962 45 31 22  2  0 2026-07-04 01:39:35
14  1      0    209     58   3015    0    0    44 11940 29337 108814 46 31 22  1  0 2026-07-04 01:39:37
13  1      0    195     58   3031    0    0     0 12706 29321 112555 45 31 23  1  0 2026-07-04 01:39:39
procs -----------메모리---------- ---스왑-- ---입출력-- -시스템-- ------CPU----- -----타임스탬프----
 r  b 스왑 가용 버퍼 캐시  입  출   입   출   in   cs us sy id wa st                      KST
15  1      0    188     58   3048    0    0    10 13462 29305 109567 45 31 22  2  0 2026-07-04 01:39:41
 9  1      0    191     57   3036    0    0    36 13084 28492 102657 46 31 22  1  0 2026-07-04 01:39:43
14  1      0    193     57   3033    0    0     0 13040 27003 95048 48 29 21  1  0 2026-07-04 01:39:45
12  1      0    186     57   3030    0    0    26 12658 29068 106953 47 30 22  1  0 2026-07-04 01:39:47
16  1      0    191     56   3031    0    0    12 12722 27774 98153 47 30 22  1  0 2026-07-04 01:39:49
 4  1      0    192     56   3031    0    0    24 14238 28086 99745 46 31 20  3  0 2026-07-04 01:39:51
19  0      0    198     56   3041    0    0     0 14108 28647 107413 46 30 23  2  0 2026-07-04 01:39:53
15  0      0    186     56   3035    0    0     4 11982 28368 103190 47 30 22  1  0 2026-07-04 01:39:55
12  0      0    194     56   3052    0    0    38 11962 29585 117703 45 31 23  2  0 2026-07-04 01:39:57
20  1      0    190     55   3042    0    0     0 15044 28519 103024 44 32 23  1  0 2026-07-04 01:39:59
 6  2      0    205     55   3035    0    0    18 26590 31138 125281 44 32 21  3  0 2026-07-04 01:40:01
14  4      0    196     55   3040    0    0    80 37386 33405 157606 38 31 24  7  0 2026-07-04 01:40:03
 7  5      0    189     55   3032    0    0   328  8870 32439 144510 41 30 18 10  0 2026-07-04 01:40:05
 7  3      0    188     55   3041    0    0   576  4766 30987 130420 43 30 18  9  0 2026-07-04 01:40:07
14  1      0    196     55   3047    0    0   368  8568 30037 120590 44 32 20  5  0 2026-07-04 01:40:09
13  1      0    195     55   3040    0    0  1430  7368 29625 111566 45 30 18  7  0 2026-07-04 01:40:11
16  0      0    186     55   3046    0    0    94 11690 30602 124834 44 31 21  4  0 2026-07-04 01:40:13
15  0      0    184     55   3057    0    0     2 14660 28716 110510 45 30 23  2  0 2026-07-04 01:40:15
16  0      0    188     55   3044    0    0   104 14366 29613 107526 45 31 21  3  0 2026-07-04 01:40:17
 9  1      0    201     55   3045    0    0   144 13996 27932 98651 48 30 20  2  0 2026-07-04 01:40:19
 6  4      0    196     55   3045    0    0     0 17900 30679 123298 43 32 20  5  0 2026-07-04 01:40:21
procs -----------메모리---------- ---스왑-- ---입출력-- -시스템-- ------CPU----- -----타임스탬프----
 r  b 스왑 가용 버퍼 캐시  입  출   입   출   in   cs us sy id wa st                      KST
 9  1      0    210     55   3034    0    0     2 31850 31078 135894 43 31 19  7  0 2026-07-04 01:40:23
21  0      0    198     54   3047    0    0     0 14376 28882 110296 45 31 22  2  0 2026-07-04 01:40:25
21  0      0    193     54   3044    0    0    68 13502 29502 112913 44 32 22  2  0 2026-07-04 01:40:27
12  0      0    183     54   3043    0    0     4 10906 30020 112210 46 31 22  2  0 2026-07-04 01:40:29
10  0      0    191     54   3055    0    0     8 13564 29033 106155 45 31 22  1  0 2026-07-04 01:40:31
11  2      0    189     54   3057    0    0   728 12474 30260 122589 45 31 17  7  0 2026-07-04 01:40:33
11  2      0    186     54   3044    0    0  1234 10392 30595 123178 43 31 13 12  0 2026-07-04 01:40:35
18  1      0    187     54   3061    0    0    24 13636 29057 103467 47 30 20  3  0 2026-07-04 01:40:37
18  1      0    188     53   3050    0    0   384 12384 29832 109693 47 30 20  3  0 2026-07-04 01:40:39
15  1      0    194     53   3036    0    0   328 11552 29156 105300 46 30 21  3  0 2026-07-04 01:40:41
17  1      0    192     53   3047    0    0    48 10504 30108 116916 45 31 23  2  0 2026-07-04 01:40:43
13  1      0    187     53   3060    0    0     0 10806 30356 121869 43 32 24  1  0 2026-07-04 01:40:45
14  0      0    198     53   3047    0    0   312  9548 29613 108373 45 30 21  3  0 2026-07-04 01:40:47
16  1      0    185     53   3050    0    0   168 10208 29689 114650 43 32 23  3  0 2026-07-04 01:40:49
11  1      0    194     52   3048    0    0     2 10136 30289 116897 43 33 22  2  0 2026-07-04 01:40:51
16  1      0    203     52   3044    0    0    40  9280 29255 109974 45 30 23  2  0 2026-07-04 01:40:53
11  3      0    185     52   3047    0    0    38 32858 32202 142185 41 32 19  7  0 2026-07-04 01:40:55
11  1      0    194     52   3053    0    0     0 37424 33618 154549 39 31 20 10  0 2026-07-04 01:40:57
12  0      0    183     52   3050    0    0    76 12590 27507 96814 48 29 20  3  0 2026-07-04 01:40:59
10  1      0    190     52   3064    0    0   150 12776 28738 110288 45 31 22  2  0 2026-07-04 01:41:01
17  1      0    186     52   3065    0    0     2 12986 29656 114773 44 32 23  2  0 2026-07-04 01:41:03
procs -----------메모리---------- ---스왑-- ---입출력-- -시스템-- ------CPU----- -----타임스탬프----
 r  b 스왑 가용 버퍼 캐시  입  출   입   출   in   cs us sy id wa st                      KST
15  0      0    182     51   3062    0    0    46 13260 28500 101014 48 29 21  1  0 2026-07-04 01:41:05
14  2      0    194     51   3056    0    0    16 23120 32657 143435 42 32 18  8  0 2026-07-04 01:41:07
12  1      0    186     51   3035    0    0    26 14828 28824 106175 45 31 22  2  0 2026-07-04 01:41:09
13  2      0    184     51   3059    0    0    26 14320 27407 101024 48 29 21  2  0 2026-07-04 01:41:11
16  1      0    183     51   3067    0    0    26  9364 30892 123847 43 31 23  3  0 2026-07-04 01:41:13
22  0      0    186     50   3047    0    0   118 10712 28670 107394 44 31 23  2  0 2026-07-04 01:41:15
15  1      0    186     50   3063    0    0    58 10040 29680 113652 44 31 23  2  0 2026-07-04 01:41:17
11  1      0    184     50   3054    0    0     0 10136 29892 116808 44 32 22  2  0 2026-07-04 01:41:19
16  1      0    211     50   3039    0    0    48  9388 29927 106318 48 30 21  1  0 2026-07-04 01:41:21
12  1      0    191     50   3058    0    0     0 10746 30350 118392 45 31 22  2  0 2026-07-04 01:41:23
 6  1      0    196     50   3057    0    0     0 10814 30023 117863 43 32 23  2  0 2026-07-04 01:41:25
18  0      0    202     49   3049    0    0    22  9176 29411 109185 45 32 22  2  0 2026-07-04 01:41:27
17  2      0    187     49   3063    0    0    50 40532 32673 148661 42 31 21  6  0 2026-07-04 01:41:29
10  1      0    191     49   3057    0    0    46  7056 30616 118289 44 31 17  8  0 2026-07-04 01:41:31
11  2      0    190     49   3056    0    0    22 10412 29248 113852 45 29 14 11  0 2026-07-04 01:41:33
 8  1      0    199     49   3048    0    0    36  8704 30648 122262 45 32 19  4  0 2026-07-04 01:41:35
 1  0      0    211     49   3062    0    0    12  4158 16172 92606 25 14 59  2  0 2026-07-04 01:41:37
 1  0      0    207     49   3062    0    0    44   118 13445 80164 14  8 77  1  0 2026-07-04 01:41:39
 3  0      0    202     49   3062    0    0     2   710 13153 78236 10  6 84  0  0 2026-07-04 01:41:41
 1  0      0    199     49   3062    0    0     0     8 13893 82739 14  7 79  0  0 2026-07-04 01:41:43
 1  0      0    205     49   3062    0    0     0    56 14462 83169 10  7 83  0  0 2026-07-04 01:41:45
procs -----------메모리---------- ---스왑-- ---입출력-- -시스템-- ------CPU----- -----타임스탬프----
 r  b 스왑 가용 버퍼 캐시  입  출   입   출   in   cs us sy id wa st                      KST
 1  0      0    209     49   3062    0    0    14     4 13525 79202 10  8 82  0  0 2026-07-04 01:41:47
 2  0      0    206     49   3062    0    0     0     4 14082 81832 14  7 78  0  0 2026-07-04 01:41:49
 2  0      0    199     49   3062    0    0    54    44 13950 81956 10  7 82  1  0 2026-07-04 01:41:51
 5  0      0    194     49   3063    0    0    50     0 14337 82770 13  8 79  0  0 2026-07-04 01:41:53
 1  0      0    198     49   3062    0    0     0     0 13636 82811 11  7 82  0  0 2026-07-04 01:41:55
 1  0      0    218     49   3058    0    0     0    44 14378 83008 11  7 82  0  0 2026-07-04 01:41:57
 1  0      0    221     49   3046    0    0     0     0 13182 77769 14  7 79  0  0 2026-07-04 01:41:59
 1  0      0    217     49   3046    0    0     0    28 13225 77821 10  7 83  0  0 2026-07-04 01:42:01
 1  1      0    218     49   3046    0    0     4  6380 14022 81869 11  7 81  1  0 2026-07-04 01:42:03
 2  0      0    221     49   3046    0    0     0  2332 12884 76103 17  8 74  1  0 2026-07-04 01:42:05
 1  0      0    216     49   3046    0    0     0    60 14384 82862 11  7 81  1  0 2026-07-04 01:42:07
