1783099872 $SYS/broker/publish/messages/dropped 0
1783099872 $SYS/broker/clients/total 0
1783099872 $SYS/broker/clients/inactive 0
1783099872 $SYS/broker/clients/disconnected 0
1783099872 $SYS/broker/clients/active 0
1783099872 $SYS/broker/clients/connected 0
1783099872 $SYS/broker/clients/expired 0
1783099872 $SYS/broker/messages/stored 50
1783099872 $SYS/broker/messages/received 6
1783099872 $SYS/broker/messages/sent 156
1783099875 $SYS/broker/clients/total 721
1783099875 $SYS/broker/clients/maximum 721
1783099875 $SYS/broker/clients/active 721
1783099875 $SYS/broker/clients/connected 721
1783099875 $SYS/broker/messages/stored 420
1783099875 $SYS/broker/messages/received 3409
1783099875 $SYS/broker/messages/sent 3785
1783099886 $SYS/broker/clients/total 5602
1783099886 $SYS/broker/clients/maximum 5602
1783099886 $SYS/broker/clients/active 5602
1783099886 $SYS/broker/clients/connected 5602
1783099886 $SYS/broker/messages/stored 8371
1783099886 $SYS/broker/messages/received 110729
1783099886 $SYS/broker/messages/sent 111163
1783099886 $SYS/broker/publish/messages/dropped 33242
1783099897 $SYS/broker/clients/total 10009
1783099897 $SYS/broker/clients/maximum 10009
1783099897 $SYS/broker/clients/active 10009
1783099897 $SYS/broker/clients/connected 10009
1783099897 $SYS/broker/messages/received 327200
1783099897 $SYS/broker/messages/sent 327692
1783099897 $SYS/broker/publish/messages/dropped 178282
1783099908 $SYS/broker/messages/received 570914
1783099908 $SYS/broker/messages/sent 571460
1783099908 $SYS/broker/publish/messages/dropped 374476
1783099919 $SYS/broker/messages/received 816285
1783099919 $SYS/broker/messages/sent 816885
1783099919 $SYS/broker/publish/messages/dropped 568951
1783099930 $SYS/broker/messages/received 1081329
1783099930 $SYS/broker/messages/sent 1081983
1783099930 $SYS/broker/publish/messages/dropped 743959
1783099941 $SYS/broker/messages/received 1353136
1783099941 $SYS/broker/messages/sent 1353844
1783099941 $SYS/broker/publish/messages/dropped 912527
1783099952 $SYS/broker/messages/received 1623039
1783099952 $SYS/broker/messages/sent 1623801
1783099952 $SYS/broker/publish/messages/dropped 1082338
1783099963 $SYS/broker/messages/received 1891425
1783099963 $SYS/broker/messages/sent 1892241
1783099963 $SYS/broker/publish/messages/dropped 1253986
1783099974 $SYS/broker/messages/stored 8346
1783099974 $SYS/broker/messages/received 2166533
1783099974 $SYS/broker/messages/sent 2167404
1783099974 $SYS/broker/publish/messages/dropped 1418855
1783099985 $SYS/broker/messages/stored 8371
1783099985 $SYS/broker/messages/received 2434486
1783099985 $SYS/broker/messages/sent 2435463
1783099985 $SYS/broker/publish/messages/dropped 1590885
1783099996 $SYS/broker/messages/received 2705216
1783099996 $SYS/broker/messages/sent 2706247
1783099996 $SYS/broker/publish/messages/dropped 1760192
1783100007 $SYS/broker/messages/received 2969703
1783100007 $SYS/broker/messages/sent 2970788
1783100007 $SYS/broker/publish/messages/dropped 1935779
1783100018 $SYS/broker/messages/received 3242294
1783100018 $SYS/broker/messages/sent 3243433
1783100018 $SYS/broker/publish/messages/dropped 2103214
1783100029 $SYS/broker/messages/received 3517096
1783100029 $SYS/broker/messages/sent 3518289
1783100029 $SYS/broker/publish/messages/dropped 2268430
1783100040 $SYS/broker/messages/received 3787543
1783100040 $SYS/broker/messages/sent 3788790
1783100040 $SYS/broker/publish/messages/dropped 2438011
1783100051 $SYS/broker/messages/received 4061256
1783100051 $SYS/broker/messages/sent 4062557
1783100051 $SYS/broker/publish/messages/dropped 2604368
1783100062 $SYS/broker/messages/received 4343265
1783100062 $SYS/broker/messages/sent 4344620
1783100062 $SYS/broker/publish/messages/dropped 2762326
1783100073 $SYS/broker/messages/received 4613855
1783100073 $SYS/broker/messages/sent 4615264
1783100073 $SYS/broker/publish/messages/dropped 2931810
1783100084 $SYS/broker/messages/received 4884864
1783100084 $SYS/broker/messages/sent 4886327
1783100084 $SYS/broker/publish/messages/dropped 3100791
1783100095 $SYS/broker/messages/received 5153985
1783100095 $SYS/broker/messages/sent 5155502
1783100095 $SYS/broker/publish/messages/dropped 3271692
1783100106 $SYS/broker/clients/total 10010
1783100106 $SYS/broker/clients/maximum 10010
1783100106 $SYS/broker/clients/active 10010
1783100106 $SYS/broker/clients/connected 10010
1783100106 $SYS/broker/messages/received 5424389
1783100106 $SYS/broker/messages/sent 5426049
1783100106 $SYS/broker/publish/messages/dropped 3441264
1783100117 $SYS/broker/clients/total 10009
1783100117 $SYS/broker/clients/active 10009
1783100117 $SYS/broker/clients/connected 10009
1783100117 $SYS/broker/messages/received 5692724
1783100117 $SYS/broker/messages/sent 5694449
1783100117 $SYS/broker/publish/messages/dropped 3612984
1783100128 $SYS/broker/messages/received 5957534
1783100128 $SYS/broker/messages/sent 5959313
1783100128 $SYS/broker/publish/messages/dropped 3788214
1783100139 $SYS/broker/messages/received 6220636
1783100139 $SYS/broker/messages/sent 6222469
1783100139 $SYS/broker/publish/messages/dropped 3965198
1783100150 $SYS/broker/messages/received 6490389
1783100150 $SYS/broker/messages/sent 6492276
1783100150 $SYS/broker/publish/messages/dropped 4135531
1783100161 $SYS/broker/messages/received 6761131
1783100161 $SYS/broker/messages/sent 6763072
1783100161 $SYS/broker/publish/messages/dropped 4304741
1783100172 $SYS/broker/messages/received 7026195
1783100172 $SYS/broker/messages/sent 7028190
1783100172 $SYS/broker/publish/messages/dropped 4479551
1783100183 $SYS/broker/messages/received 7306309
1783100183 $SYS/broker/messages/sent 7308358
1783100183 $SYS/broker/publish/messages/dropped 4643593
1783100194 $SYS/broker/messages/received 7581669
1783100194 $SYS/broker/messages/sent 7583772
1783100194 $SYS/broker/publish/messages/dropped 4812926
1783100205 $SYS/broker/messages/received 7850741
1783100205 $SYS/broker/messages/sent 7852898
1783100205 $SYS/broker/publish/messages/dropped 4984626
1783100216 $SYS/broker/messages/received 8122721
1783100216 $SYS/broker/messages/sent 8124932
1783100216 $SYS/broker/publish/messages/dropped 5153022
1783100227 $SYS/broker/messages/received 8393627
1783100227 $SYS/broker/messages/sent 8395892
1783100227 $SYS/broker/publish/messages/dropped 5321464
1783100238 $SYS/broker/clients/total 9
1783100238 $SYS/broker/clients/active 9
1783100238 $SYS/broker/clients/connected 9
1783100238 $SYS/broker/messages/stored 51
1783100238 $SYS/broker/messages/received 8553437
1783100238 $SYS/broker/messages/sent 8555600
1783100238 $SYS/broker/publish/messages/dropped 5405105
