procs -----------메모리---------- ---스왑-- ---입출력-- -시스템-- ------CPU----- -----타임스탬프----
 r  b 스왑 가용 버퍼 캐시  입  출   입   출   in   cs us sy id wa st                      KST
 4  0      0   3382     51    810    0    0     1     6    0    0  0  0 99  0  0 2026-07-04 02:31:12
 9  1      0   3346     51    811    0    0    58   262 5944 15255 24  4 71  1  0 2026-07-04 02:31:14
19  0      0   3323     51    813    0    0     0  1460 16588 44572 67 12 20  1  0 2026-07-04 02:31:16
13  1      0   3276     51    818    0    0     0  2594 18655 49004 65 16 18  1  0 2026-07-04 02:31:18
18  0      0   3063     51    823    0    0     0  2594 20405 51886 62 20 18  1  0 2026-07-04 02:31:20
29  0      0   2771     51    828    0    0     0  2764 21600 53332 61 21 18  1  0 2026-07-04 02:31:22
14  1      0   2684     51    850    0    0    20 11386 23834 54173 61 21 17  1  0 2026-07-04 02:31:24
27  0      0   2662     51    856    0    0     0  2746 23768 50883 58 23 18  1  0 2026-07-04 02:31:26
21  0      0   2643     51    862    0    0     0  2922 25215 53529 56 25 18  1  0 2026-07-04 02:31:28
13  1      0   2622     51    868    0    0     0  2994 25142 52999 55 25 19  1  0 2026-07-04 02:31:30
33  0      0   2595     51    889    0    0     0 10682 26149 52930 53 25 20  2  0 2026-07-04 02:31:32
10  1      0   2577     51    895    0    0     2  3206 27868 57786 53 27 19  1  0 2026-07-04 02:31:34
30  0      0   2562     51    902    0    0     0  3232 27466 57884 52 29 18  1  0 2026-07-04 02:31:36
 5  1      0   2530     51    923    0    0     2 10644 25951 50470 50 24 23  3  0 2026-07-04 02:31:38
24  0      0   2512     51    923    0    0     0  1022 24390 26752 46 21 32  2  0 2026-07-04 02:31:40
14  0      0   2489     51    927    0    0     0  2120 26593 45815 49 25 23  3  0 2026-07-04 02:31:42
19  1      0   2495     51    931    0    0     0  2468 26724 50419 52 26 20  2  0 2026-07-04 02:31:44
18  1      0   2490     51    936    0    0     0  2814 27499 56678 50 29 19  1  0 2026-07-04 02:31:46
 9  1      0   2469     51    956    0    0     0 10404 26687 51630 48 27 22  3  0 2026-07-04 02:31:48
 4  0      0   2444     51    958    0    0     4 20060 26321 48905 43 23 25  9  0 2026-07-04 02:31:50
 4  1      0   2432     51    959    0    0     0   896 26994 51005 41 21 33  4  0 2026-07-04 02:31:52
procs -----------메모리---------- ---스왑-- ---입출력-- -시스템-- ------CPU----- -----타임스탬프----
 r  b 스왑 가용 버퍼 캐시  입  출   입   출   in   cs us sy id wa st                      KST
14  1      0   2464     51    961    0    0     0  1614 29660 68166 39 25 31  5  0 2026-07-04 02:31:54
15  1      0   2454     51    966    0    0     0  3570 30457 87827 40 29 28  3  0 2026-07-04 02:31:56
 3  1      0   2436     51    988    0    0     0 11272 30264 84998 37 28 31  4  0 2026-07-04 02:31:58
12  1      0   2435     51    994    0    0     0  3228 30548 89156 35 28 32  4  0 2026-07-04 02:32:00
11  1      0   2409     51    998    0    0     0  2588 30799 89086 37 31 29  4  0 2026-07-04 02:32:02
13  1      0   2406     51   1005    0    0     0  4112 30860 89565 36 32 28  4  0 2026-07-04 02:32:04
 5  1      0   2375     51   1027    0    0     0 11302 31031 88998 34 29 33  4  0 2026-07-04 02:32:06
16  0      0   2364     51   1034    0    0     0  3858 30908 92268 39 30 27  3  0 2026-07-04 02:32:08
13  0      0   2331     51   1055    0    0     0 10984 30767 92680 39 29 27  5  0 2026-07-04 02:32:10
 5  1      0   2315     51   1064    0    0     0  4524 30596 85970 38 28 30  3  0 2026-07-04 02:32:12
12  1      0   2310     51   1070    0    0     0  3548 30884 92639 37 29 30  4  0 2026-07-04 02:32:14
14  1      0   2285     51   1093    0    0     0 11748 31617 99157 35 34 28  3  0 2026-07-04 02:32:16
 6  1      0   2249     51   1101    0    0     0  4736 30833 93620 38 35 25  2  0 2026-07-04 02:32:18
11  1      0   2210     51   1127    0    0     0 12924 30776 88681 42 33 24  2  0 2026-07-04 02:32:20
19  1      0   2206     51   1133    0    0    16 26896 31813 96365 35 29 27  9  0 2026-07-04 02:32:22
 3  1      0   2172     51   1155    0    0     2 11098 31549 93851 38 29 28  5  0 2026-07-04 02:32:24
 5  1      0   2151     51   1164    0    0     8  5012 30928 90432 38 31 28  3  0 2026-07-04 02:32:26
14  1      0   2141     51   1170    0    0     2  3878 31002 93032 37 32 28  3  0 2026-07-04 02:32:28
 6  1      0   2128     51   1193    0    0     2 11836 31738 96564 33 32 31  4  0 2026-07-04 02:32:30
12  0      0   2102     51   1199    0    0    42  3406 31537 96215 34 33 29  4  0 2026-07-04 02:32:32
 2  1      0   2088     51   1221    0    0     0 11322 32546 101980 37 32 26  4  0 2026-07-04 02:32:34
procs -----------메모리---------- ---스왑-- ---입출력-- -시스템-- ------CPU----- -----타임스탬프----
 r  b 스왑 가용 버퍼 캐시  입  출   입   출   in   cs us sy id wa st                      KST
17  1      0   2066     51   1231    0    0     0  5180 30500 87176 41 31 25  3  0 2026-07-04 02:32:36
 9  1      0   2042     51   1255    0    0     0 12048 29136 77747 46 30 22  2  0 2026-07-04 02:32:38
 8  0      0   2016     51   1264    0    0     0  4222 30598 89724 43 31 24  2  0 2026-07-04 02:32:40
11  1      0   2008     51   1268    0    0     0  2498 30574 85889 34 26 35  5  0 2026-07-04 02:32:42
14  1      0   1986     51   1289    0    0     0 10960 30516 86739 41 28 28  3  0 2026-07-04 02:32:44
 3  1      0   1974     51   1298    0    0     0  4530 31493 96839 36 31 30  3  0 2026-07-04 02:32:46
10  1      0   1964     51   1306    0    0     0  4084 31367 95651 38 35 25  3  0 2026-07-04 02:32:48
 7  1      0   1924     51   1328    0    0     0 11558 30304 88437 37 33 27  3  0 2026-07-04 02:32:50
14  1      0   1911     51   1336    0    0     0  4164 30754 92103 36 32 29  4  0 2026-07-04 02:32:52
18  1      0   1885     51   1357    0    0     8 39224 31886 99682 36 31 25  8  0 2026-07-04 02:32:54
10  1      0   1880     52   1366    0    0     0  5514 31355 92719 36 29 31  4  0 2026-07-04 02:32:56
 2  1      0   1852     52   1390    0    0     0 11808 30970 90646 40 31 26  3  0 2026-07-04 02:32:58
 8  1      0   1832     52   1397    0    0     0  4246 32019 94695 37 29 31  3  0 2026-07-04 02:33:00
18  1      0   1818     52   1403    0    0     0  3316 30610 88958 37 26 33  4  0 2026-07-04 02:33:02
15  1      0   1807     52   1424    0    0     0 11012 31429 91419 34 29 31  6  0 2026-07-04 02:33:04
 8  1      0   1804     52   1432    0    0     2  4268 31709 95993 38 31 28  3  0 2026-07-04 02:33:06
16  1      0   1790     52   1439    0    0     0  3690 31951 100050 35 31 30  4  0 2026-07-04 02:33:08
16  1      0   1765     52   1464    0    0     0 12422 31723 97335 37 35 26  3  0 2026-07-04 02:33:10
 6  1      0   1751     52   1471    0    0     0  3654 31072 97596 34 34 28  4  0 2026-07-04 02:33:12
13  1      0   1732     52   1493    0    0   104 11050 31776 94397 37 32 28  3  0 2026-07-04 02:33:14
 6  1      0   1733     52   1501    0    0     0  4612 31547 94887 34 32 30  4  0 2026-07-04 02:33:16
procs -----------메모리---------- ---스왑-- ---입출력-- -시스템-- ------CPU----- -----타임스탬프----
 r  b 스왑 가용 버퍼 캐시  입  출   입   출   in   cs us sy id wa st                      KST
 3  1      0   1701     52   1525    0    0     0 11806 31662 99335 36 31 30  4  0 2026-07-04 02:33:18
 5  1      0   1702     52   1529    0    0    22  2714 32143 92009 30 26 39  6  0 2026-07-04 02:33:20
 6  1      0   1693     52   1534    0    0     0  3032 32343 98768 32 30 34  4  0 2026-07-04 02:33:22
 4  1      0   1674     52   1559    0    0     0 12406 32043 97251 40 31 27  3  0 2026-07-04 02:33:24
11  1      0   1652     52   1565    0    0     6 30650 31930 96814 31 28 32  9  0 2026-07-04 02:33:26
19  1      0   1635     52   1573    0    0     0  4312 31480 102117 37 33 27  3  0 2026-07-04 02:33:28
15  1      0   1629     52   1597    0    0    42 11872 32449 104137 34 35 25  6  0 2026-07-04 02:33:30
20  0      0   1610     52   1606    0    0     0  4730 31225 97248 35 33 29  3  0 2026-07-04 02:33:32
 3  1      0   1598     52   1630    0    0     0 12380 31566 94926 36 34 27  3  0 2026-07-04 02:33:34
 6  1      0   1585     52   1636    0    0     0  3548 32322 97548 36 33 28  3  0 2026-07-04 02:33:36
16  1      0   1581     52   1643    0    0     0  3664 32400 99240 35 32 29  4  0 2026-07-04 02:33:38
15  0      0   1561     52   1665    0    0     2 11122 33033 102057 31 28 35  6  0 2026-07-04 02:33:40
 8  0      0   1568     52   1671    0    0     0  3488 31769 94315 35 31 30  4  0 2026-07-04 02:33:42
18  0      0   1538     52   1695    0    0     0 11714 32245 100779 39 32 25  3  0 2026-07-04 02:33:44
10  1      0   1503     52   1705    0    0     0  5570 31104 92950 39 32 25  3  0 2026-07-04 02:33:46
 9  0      0   1491     52   1730    0    0    38 12644 31317 97814 38 34 26  3  0 2026-07-04 02:33:48
 5  1      0   1480     52   1739    0    0     0  4842 31515 91571 35 35 27  3  0 2026-07-04 02:33:50
 5  1      0   1473     52   1745    0    0     0  3444 31507 95355 33 32 31  4  0 2026-07-04 02:33:52
 2  1      0   1446     52   1769    0    0     0 12050 32373 95786 37 31 28  4  0 2026-07-04 02:33:54
16  0      0   1424     52   1778    0    0     0  4536 31239 92632 38 33 26  3  0 2026-07-04 02:33:56
12  0      0   1418     52   1801    0    0     2 41930 31533 98522 31 28 31  9  0 2026-07-04 02:33:58
procs -----------메모리---------- ---스왑-- ---입출력-- -시스템-- ------CPU----- -----타임스탬프----
 r  b 스왑 가용 버퍼 캐시  입  출   입   출   in   cs us sy id wa st                      KST
11  1      0   1409     52   1809    0    0   134  4280 32127 94914 39 31 26  3  0 2026-07-04 02:34:00
 2  1      0   1401     52   1815    0    0     2  3268 31298 93598 33 29 33  5  0 2026-07-04 02:34:02
 3  1      0   1371     52   1839    0    0     0 12258 32068 100338 35 31 30  4  0 2026-07-04 02:34:04
12  1      0   1367     52   1848    0    0     0  4874 31260 92439 37 34 26  3  0 2026-07-04 02:34:06
22  1      0   1337     52   1873    0    0    82 12416 32083 98390 37 36 25  3  0 2026-07-04 02:34:08
 9  1      0   1324     52   1882    0    0   150  4622 31193 91694 36 34 27  3  0 2026-07-04 02:34:10
10  2      0   1297     52   1904    0    0     8 13732 32473 101979 34 31 30  4  0 2026-07-04 02:34:12
20  2      0   1276     52   1924    0    0     0 16794 33008 108708 33 30 30  8  0 2026-07-04 02:34:14
25  1      0   1265     52   1949    0    0     0 22520 32275 100222 39 32 26  3  0 2026-07-04 02:34:16
21  1      0   1246     52   1966    0    0     0 13008 29696 78277 41 28 28  3  0 2026-07-04 02:34:18
19  0      0   1221     52   1991    0    0     4 15384 32034 97914 38 31 27  4  0 2026-07-04 02:34:20
16  1      0   1206     52   1999    0    0     0  6524 31456 98424 36 33 28  3  0 2026-07-04 02:34:22
13  1      0   1187     52   2023    0    0     0 14448 31105 93906 35 33 29  4  0 2026-07-04 02:34:24
 4  1      0   1182     52   2030    0    0     0  5456 32215 94880 34 32 31  4  0 2026-07-04 02:34:26
 3  2      0   1159     52   2054    0    0     0 22092 31821 99973 36 32 27  5  0 2026-07-04 02:34:28
12  1      0   1149     52   2062    0    0     0 29634 32728 103338 36 31 28  5  0 2026-07-04 02:34:30
 5  1      0   1130     52   2085    0    0     2 13118 31415 96064 33 29 34  4  0 2026-07-04 02:34:32
20  0      0   1121     52   2090    0    0     0  4832 31416 90681 35 28 33  4  0 2026-07-04 02:34:34
 6  1      0   1114     52   2097    0    0     0  5406 31260 92594 34 29 32  5  0 2026-07-04 02:34:36
 2  1      0   1092     52   2120    0    0    38 12912 32189 101727 34 31 29  5  0 2026-07-04 02:34:38
24  0      0   1071     52   2130    0    0     2  8472 30959 90944 39 34 24  3  0 2026-07-04 02:34:40
procs -----------메모리---------- ---스왑-- ---입출력-- -시스템-- ------CPU----- -----타임스탬프----
 r  b 스왑 가용 버퍼 캐시  입  출   입   출   in   cs us sy id wa st                      KST
 7  1      0   1076     52   2135    0    0     0  4664 31462 97170 29 31 35  5  0 2026-07-04 02:34:42
 5  1      0   1049     52   2160    0    0     0 14632 31015 92813 36 30 29  4  0 2026-07-04 02:34:44
14  1      0   1042     52   2167    0    0     0  5254 32233 99594 33 33 29  4  0 2026-07-04 02:34:46
10  1      0   1019     52   2191    0    0     2 14800 31179 98226 36 29 31  3  0 2026-07-04 02:34:48
16  1      0   1007     52   2200    0    0     2  7344 30383 89540 41 33 24  2  0 2026-07-04 02:34:50
 5  1      0    989     52   2222    0    0     0 11890 31589 95897 30 28 36  6  0 2026-07-04 02:34:52
16  1      0    986     52   2226    0    0     0  4746 32936 96696 33 30 32  5  0 2026-07-04 02:34:54
10  1      0    974     52   2235    0    0     0  6608 31448 92828 37 35 26  3  0 2026-07-04 02:34:56
11  0      0    942     52   2255    0    0    52 11568 32257 105348 29 31 34  5  0 2026-07-04 02:34:58
11  2      0    937     52   2264    0    0     0 12852 32008 97665 36 32 28  4  0 2026-07-04 02:35:00
 7  1      0    931     52   2273    0    0    74 28728 31457 97328 38 30 25  8  0 2026-07-04 02:35:02
19  1      0    906     52   2298    0    0     0 15276 32296 104225 40 31 27  3  0 2026-07-04 02:35:04
 6  1      0    901     52   2304    0    0     0  4714 32370 93511 34 28 34  5  0 2026-07-04 02:35:06
 3  1      0    877     52   2327    0    0     2 13696 31844 100519 33 30 32  6  0 2026-07-04 02:35:08
 4  1      0    877     52   2331    0    0    40  3608 32747 97897 29 28 37  6  0 2026-07-04 02:35:10
16  0      0    867     52   2339    0    0     2  5310 31522 93825 36 33 27  4  0 2026-07-04 02:35:12
21  1      0    843     52   2364    0    0     0 15760 31730 96821 36 33 27  4  0 2026-07-04 02:35:14
22  1      0    802     52   2371    0    0     0  5622 32034 96845 35 32 29  4  0 2026-07-04 02:35:16
 4  1      0    810     52   2394    0    0     0 14416 31075 98557 36 31 29  4  0 2026-07-04 02:35:18
10  1      0    804     52   2401    0    0     2  5292 31802 94576 33 28 34  5  0 2026-07-04 02:35:20
 3  1      0    800     52   2406    0    0     0  3798 31440 92554 32 27 36  5  0 2026-07-04 02:35:22
procs -----------메모리---------- ---스왑-- ---입출력-- -시스템-- ------CPU----- -----타임스탬프----
 r  b 스왑 가용 버퍼 캐시  입  출   입   출   in   cs us sy id wa st                      KST
 2  1      0    776     52   2427    0    0    56 12742 31762 97265 33 31 32  5  0 2026-07-04 02:35:24
10  1      0    770     52   2435    0    0     0  6420 32109 97803 33 33 30  4  0 2026-07-04 02:35:26
11  1      0    761     52   2442    0    0     0  5628 31514 94467 35 33 28  3  0 2026-07-04 02:35:28
 5  1      0    742     52   2464    0    0     0 13128 32525 103832 32 31 32  5  0 2026-07-04 02:35:30
 2  2      0    738     52   2470    0    0     2  9188 31558 93184 34 30 31  5  0 2026-07-04 02:35:32
 5  1      0    734     52   2475    0    0     2 26930 32059 100060 34 28 30  8  0 2026-07-04 02:35:34
 2  1      0    702     52   2499    0    0     0 14032 32754 101041 35 30 29  6  0 2026-07-04 02:35:36
11  1      0    692     52   2505    0    0     0  4914 31426 97123 34 31 31  4  0 2026-07-04 02:35:38
 3  1      0    695     52   2510    0    0     0  4312 32352 96030 29 30 36  5  0 2026-07-04 02:35:40
 3  1      0    672     52   2534    0    0     2 13528 31668 97626 30 31 35  4  0 2026-07-04 02:35:42
10  1      0    661     52   2543    0    0     0  6848 30881 87646 40 33 25  2  0 2026-07-04 02:35:44
 2  1      0    633     53   2569    0    0     0 15460 31781 97563 38 31 28  3  0 2026-07-04 02:35:46
20  1      0    612     53   2575    0    0     0  4858 31776 94463 36 29 31  4  0 2026-07-04 02:35:48
 6  1      0    605     53   2596    0    0    26 12908 32297 97885 35 30 31  5  0 2026-07-04 02:35:50
14  1      0    601     53   2603    0    0     2  5200 31382 96445 31 27 37  5  0 2026-07-04 02:35:52
14  1      0    591     53   2609    0    0     0  5620 31752 92455 40 32 25  3  0 2026-07-04 02:35:54
10  2      0    558     53   2630    0    0     4 11954 33038 106077 29 33 32  7  0 2026-07-04 02:35:56
 7  1      0    562     53   2638    0    0     0  6814 31793 99431 35 33 29  3  0 2026-07-04 02:35:58
 6  1      0    558     53   2646    0    0     0  6348 31301 96830 39 33 26  3  0 2026-07-04 02:36:00
 5  1      0    533     53   2671    0    0     2 14530 32331 103886 38 30 29  3  0 2026-07-04 02:36:02
 9  2      0    526     53   2678    0    0     0 12016 31276 96278 38 30 27  4  0 2026-07-04 02:36:04
procs -----------메모리---------- ---스왑-- ---입출력-- -시스템-- ------CPU----- -----타임스탬프----
 r  b 스왑 가용 버퍼 캐시  입  출   입   출   in   cs us sy id wa st                      KST
 2  4      0    507     53   2698    0    0    14 31354 34010 109611 31 28 29 12  0 2026-07-04 02:36:06
14  1      0    499     53   2705    0    0     0  7046 31828 96470 30 27 36  7  0 2026-07-04 02:36:08
21  0      0    491     53   2713    0    0     0  5652 31531 92948 38 31 28  3  0 2026-07-04 02:36:10
 3  1      0    470     53   2735    0    0     0 12868 31792 99636 29 28 37  6  0 2026-07-04 02:36:12
 3  1      0    463     53   2741    0    0     0  4916 32067 93636 33 29 33  4  0 2026-07-04 02:36:14
25  0      0    450     53   2748    0    0     0  4868 32311 97617 36 32 28  4  0 2026-07-04 02:36:16
 7  1      0    429     53   2774    0    0     6 15094 31978 102001 36 32 29  4  0 2026-07-04 02:36:18
 3  1      0    417     53   2784    0    0     0  7534 31027 94186 37 33 27  3  0 2026-07-04 02:36:20
15  1      0    394     53   2809    0    0     2 14652 31772 96017 37 33 28  2  0 2026-07-04 02:36:22
 2  1      0    390     53   2815    0    0     2  4288 30554 86831 30 27 37  6  0 2026-07-04 02:36:24
12  2      0    365     53   2838    0    0     0 12792 32327 99707 36 31 29  4  0 2026-07-04 02:36:26
21  1      0    355     53   2846    0    0     0  7336 31711 99799 36 33 28  3  0 2026-07-04 02:36:28
 4  1      0    352     53   2854    0    0     0  5736 32219 101116 36 32 29  4  0 2026-07-04 02:36:30
 7  1      0    327     53   2879    0    0     0 15130 31700 97956 39 31 26  4  0 2026-07-04 02:36:32
 5  2      0    311     53   2885    0    0     0 25930 32583 105954 36 33 27  4  0 2026-07-04 02:36:34
12  2      0    291     53   2909    0    0     2 16852 31480 98789 32 29 30  9  0 2026-07-04 02:36:36
14  2      0    285     53   2916    0    0     0  7054 31795 96460 34 31 24 11  0 2026-07-04 02:36:38
12  0      0    272     53   2925    0    0     0  4582 32037 104206 37 33 22  8  0 2026-07-04 02:36:40
 3  1      0    267     53   2932    0    0     0  3458 31289 90463 35 29 32  4  0 2026-07-04 02:36:42
13  1      0    259     53   2937    0    0     0  3280 30909 87031 35 29 31  4  0 2026-07-04 02:36:44
13  1      0    256     53   2943    0    0     0  3926 31680 97444 35 32 30  4  0 2026-07-04 02:36:46
procs -----------메모리---------- ---스왑-- ---입출력-- -시스템-- ------CPU----- -----타임스탬프----
 r  b 스왑 가용 버퍼 캐시  입  출   입   출   in   cs us sy id wa st                      KST
 3  1      0    253     53   2949    0    0     0  2882 31001 88229 32 29 35  5  0 2026-07-04 02:36:48
 3  1      0    245     53   2957    0    0     0  4300 30891 94585 36 31 29  3  0 2026-07-04 02:36:50
12  1      0    231     53   2962    0    0     0 10840 31691 97379 31 29 33  8  0 2026-07-04 02:36:52
 7  1      0    230     53   2970    0    0     2 10722 31456 95350 39 32 26  3  0 2026-07-04 02:36:54
 2  1      0    217     53   2979    0    0    46  7234 30573 93170 36 32 29  4  0 2026-07-04 02:36:56
16  1      0    202     54   2983    0    0     0  4010 31902 95810 32 29 34  5  0 2026-07-04 02:36:58
15  0      0    211     54   2990    0    0     0  5932 31489 96201 38 33 26  3  0 2026-07-04 02:37:00
14  0      0    203     54   2998    0    0     0  6490 31325 94766 37 32 28  4  0 2026-07-04 02:37:02
13  1      0    208     54   3004    0    0     2  7896 30291 88396 42 34 22  2  0 2026-07-04 02:37:04
 3  1      0    219     54   3003    0    0    20  5764 31624 92388 34 29 32  4  0 2026-07-04 02:37:06
15  3      0    202     54   3011    0    0   226 11216 31978 99520 37 32 26  5  0 2026-07-04 02:37:08
 4  6      0    190     54   3015    0    0   164 22806 32258 105038 35 30 22 13  0 2026-07-04 02:37:10
 4  1      0    186     54   3012    0    0   294 12774 29644 80849 42 29 20  9  0 2026-07-04 02:37:12
 1  0      0    221     53   3014    0    0   360  9884 26407 112326 35 26 35  4  0 2026-07-04 02:37:14
 1  0      0    234     53   3014    0    0     0     4 13928 80252 16  7 77  0  0 2026-07-04 02:37:16
 1  1      0    241     54   3014    0    0    40   874 13777 79949 11  7 81  1  0 2026-07-04 02:37:18
 1  0      0    233     54   3015    0    0   104     0 13671 80086 13  7 80  0  0 2026-07-04 02:37:20
 1  0      0    234     54   3015    0    0     0   172 12932 77637 10  6 84  0  0 2026-07-04 02:37:22
 2  0      0    234     54   3015    0    0     0   148 13559 79926 10  6 83  0  0 2026-07-04 02:37:24
