1783069212 $SYS/broker/publish/messages/dropped 0
1783069212 $SYS/broker/clients/total 1
1783069212 $SYS/broker/clients/inactive -1
1783069212 $SYS/broker/clients/disconnected -1
1783069212 $SYS/broker/clients/active 2
1783069212 $SYS/broker/clients/connected 2
1783069212 $SYS/broker/clients/expired 0
1783069212 $SYS/broker/clients/maximum 1
1783069212 $SYS/broker/messages/stored 51
1783069212 $SYS/broker/messages/received 63
1783069212 $SYS/broker/messages/sent 1536
1783069223 $SYS/broker/clients/total 2
1783069223 $SYS/broker/clients/maximum 2
1783069223 $SYS/broker/clients/inactive 0
1783069223 $SYS/broker/clients/disconnected 0
1783069223 $SYS/broker/messages/received 68
1783069223 $SYS/broker/messages/sent 1608
1783069234 $SYS/broker/clients/total 2002
1783069234 $SYS/broker/clients/maximum 2002
1783069234 $SYS/broker/clients/active 2002
1783069234 $SYS/broker/clients/connected 2002
1783069234 $SYS/broker/messages/stored 1090
1783069234 $SYS/broker/messages/received 20372
1783069234 $SYS/broker/messages/sent 21990
1783069234 $SYS/broker/publish/messages/dropped 5569
1783069245 $SYS/broker/messages/stored 429
1783069245 $SYS/broker/messages/received 59002
1783069245 $SYS/broker/messages/sent 60675
1783069245 $SYS/broker/publish/messages/dropped 11602
1783069256 $SYS/broker/messages/stored 53
1783069256 $SYS/broker/messages/received 103380
1783069256 $SYS/broker/messages/sent 105090
1783069267 $SYS/broker/messages/stored 55
1783069267 $SYS/broker/messages/received 147380
1783069267 $SYS/broker/messages/sent 149146
1783069278 $SYS/broker/messages/stored 53
1783069278 $SYS/broker/messages/received 191383
1783069278 $SYS/broker/messages/sent 193201
1783069289 $SYS/broker/messages/received 235385
1783069289 $SYS/broker/messages/sent 237256
1783069300 $SYS/broker/messages/stored 55
1783069300 $SYS/broker/messages/received 279385
1783069300 $SYS/broker/messages/sent 281312
1783069311 $SYS/broker/messages/stored 53
1783069311 $SYS/broker/messages/received 323385
1783069311 $SYS/broker/messages/sent 325415
1783069322 $SYS/broker/messages/stored 52
1783069322 $SYS/broker/messages/received 367388
1783069322 $SYS/broker/messages/sent 369471
1783069333 $SYS/broker/messages/stored 53
1783069333 $SYS/broker/messages/received 411390
1783069333 $SYS/broker/messages/sent 413528
1783069344 $SYS/broker/messages/received 455392
1783069344 $SYS/broker/messages/sent 457583
1783069355 $SYS/broker/clients/total 1758
1783069355 $SYS/broker/clients/active 1758
1783069355 $SYS/broker/clients/connected 1758
1783069355 $SYS/broker/messages/stored 54
1783069355 $SYS/broker/messages/received 471433
1783069355 $SYS/broker/messages/sent 473682
1783069366 $SYS/broker/clients/total 4002
1783069366 $SYS/broker/clients/maximum 4002
1783069366 $SYS/broker/clients/active 4002
1783069366 $SYS/broker/clients/connected 4002
1783069366 $SYS/broker/messages/stored 1078
1783069366 $SYS/broker/messages/received 550059
1783069366 $SYS/broker/messages/sent 552383
1783069366 $SYS/broker/publish/messages/dropped 13054
1783069377 $SYS/broker/messages/stored 997
1783069377 $SYS/broker/messages/received 635095
1783069377 $SYS/broker/messages/sent 637474
1783069377 $SYS/broker/publish/messages/dropped 16093
1783069388 $SYS/broker/messages/stored 1069
1783069388 $SYS/broker/messages/received 720458
1783069388 $SYS/broker/messages/sent 722892
1783069388 $SYS/broker/publish/messages/dropped 18646
1783069399 $SYS/broker/messages/stored 1076
1783069399 $SYS/broker/messages/received 804882
1783069399 $SYS/broker/messages/sent 807371
1783069399 $SYS/broker/publish/messages/dropped 22218
1783069410 $SYS/broker/messages/stored 1077
1783069410 $SYS/broker/messages/received 890404
1783069410 $SYS/broker/messages/sent 892948
1783069410 $SYS/broker/publish/messages/dropped 24711
1783069421 $SYS/broker/messages/stored 1079
1783069421 $SYS/broker/messages/received 974504
1783069421 $SYS/broker/messages/sent 977103
1783069421 $SYS/broker/publish/messages/dropped 28595
1783069432 $SYS/broker/messages/stored 1088
1783069432 $SYS/broker/messages/received 1059123
1783069432 $SYS/broker/messages/sent 1061828
1783069432 $SYS/broker/publish/messages/dropped 31987
1783069443 $SYS/broker/messages/stored 1090
1783069443 $SYS/broker/messages/received 1143673
1783069443 $SYS/broker/messages/sent 1146433
1783069443 $SYS/broker/publish/messages/dropped 35427
1783069454 $SYS/broker/messages/stored 810
1783069454 $SYS/broker/messages/received 1228449
1783069454 $SYS/broker/messages/sent 1231264
1783069454 $SYS/broker/publish/messages/dropped 38928
1783069465 $SYS/broker/messages/stored 1070
1783069465 $SYS/broker/messages/received 1312759
1783069465 $SYS/broker/messages/sent 1315629
1783069465 $SYS/broker/publish/messages/dropped 42360
1783069476 $SYS/broker/clients/total 2
1783069476 $SYS/broker/clients/active 2
1783069476 $SYS/broker/clients/connected 2
1783069476 $SYS/broker/messages/stored 51
1783069476 $SYS/broker/messages/received 1356191
1783069476 $SYS/broker/messages/sent 1359099
1783069476 $SYS/broker/publish/messages/dropped 44133
1783069487 $SYS/broker/clients/total 4762
1783069487 $SYS/broker/clients/maximum 4762
1783069487 $SYS/broker/clients/active 4762
1783069487 $SYS/broker/clients/connected 4762
1783069487 $SYS/broker/messages/stored 1091
1783069487 $SYS/broker/messages/received 1413650
1783069487 $SYS/broker/messages/sent 1416637
1783069487 $SYS/broker/publish/messages/dropped 46230
1783069498 $SYS/broker/clients/total 6002
1783069498 $SYS/broker/clients/maximum 6002
1783069498 $SYS/broker/clients/active 6002
1783069498 $SYS/broker/clients/connected 6002
1783069498 $SYS/broker/messages/received 1518111
1783069498 $SYS/broker/messages/sent 1521156
1783069498 $SYS/broker/publish/messages/dropped 72671
1783069509 $SYS/broker/messages/stored 1088
1783069509 $SYS/broker/messages/received 1623772
1783069509 $SYS/broker/messages/sent 1626872
1783069509 $SYS/broker/publish/messages/dropped 99007
1783069520 $SYS/broker/messages/stored 1090
1783069520 $SYS/broker/messages/received 1729545
1783069520 $SYS/broker/messages/sent 1732700
1783069520 $SYS/broker/publish/messages/dropped 125235
1783069531 $SYS/broker/messages/stored 1091
1783069531 $SYS/broker/messages/received 1834095
1783069531 $SYS/broker/messages/sent 1837305
1783069531 $SYS/broker/publish/messages/dropped 152686
1783069542 $SYS/broker/messages/stored 1090
1783069542 $SYS/broker/messages/received 1940477
1783069542 $SYS/broker/messages/sent 1943742
1783069542 $SYS/broker/publish/messages/dropped 178307
1783069553 $SYS/broker/messages/stored 1087
1783069553 $SYS/broker/messages/received 2045199
1783069553 $SYS/broker/messages/sent 2048519
1783069553 $SYS/broker/publish/messages/dropped 205576
1783069564 $SYS/broker/messages/stored 1091
1783069564 $SYS/broker/messages/received 2149249
1783069564 $SYS/broker/messages/sent 2152675
1783069564 $SYS/broker/publish/messages/dropped 233540
1783069575 $SYS/broker/messages/received 2254394
1783069575 $SYS/broker/messages/sent 2257874
1783069575 $SYS/broker/publish/messages/dropped 260384
1783069586 $SYS/broker/messages/stored 1089
1783069586 $SYS/broker/messages/received 2359467
1783069586 $SYS/broker/messages/sent 2363002
1783069586 $SYS/broker/publish/messages/dropped 287317
1783069597 $SYS/broker/clients/total 2
1783069597 $SYS/broker/clients/active 2
1783069597 $SYS/broker/clients/connected 2
1783069597 $SYS/broker/messages/stored 51
1783069597 $SYS/broker/messages/received 2452894
1783069597 $SYS/broker/messages/sent 2456467
1783069597 $SYS/broker/publish/messages/dropped 311662
1783069608 $SYS/broker/clients/total 2902
1783069608 $SYS/broker/clients/active 2902
1783069608 $SYS/broker/clients/connected 2902
1783069608 $SYS/broker/messages/stored 62
1783069608 $SYS/broker/messages/received 2477715
1783069608 $SYS/broker/messages/sent 2481357
1783069619 $SYS/broker/clients/total 7722
1783069619 $SYS/broker/clients/maximum 7722
1783069619 $SYS/broker/clients/active 7722
1783069619 $SYS/broker/clients/connected 7722
1783069619 $SYS/broker/messages/stored 1090
1783069619 $SYS/broker/messages/received 2579237
1783069619 $SYS/broker/messages/sent 2582946
1783069619 $SYS/broker/publish/messages/dropped 335492
1783069630 $SYS/broker/clients/total 8002
1783069630 $SYS/broker/clients/maximum 8002
1783069630 $SYS/broker/clients/active 8002
1783069630 $SYS/broker/clients/connected 8002
1783069630 $SYS/broker/messages/stored 1091
1783069630 $SYS/broker/messages/received 2705897
1783069630 $SYS/broker/messages/sent 2709665
1783069630 $SYS/broker/publish/messages/dropped 385105
1783069641 $SYS/broker/messages/received 2834932
1783069641 $SYS/broker/messages/sent 2838754
1783069641 $SYS/broker/publish/messages/dropped 432081
1783069652 $SYS/broker/messages/stored 1090
1783069652 $SYS/broker/messages/received 2961339
1783069652 $SYS/broker/messages/sent 2965216
1783069652 $SYS/broker/publish/messages/dropped 481677
1783069663 $SYS/broker/messages/stored 1091
1783069663 $SYS/broker/messages/received 3087172
1783069663 $SYS/broker/messages/sent 3091104
1783069663 $SYS/broker/publish/messages/dropped 531845
1783069674 $SYS/broker/messages/received 3213738
1783069674 $SYS/broker/messages/sent 3217724
1783069674 $SYS/broker/publish/messages/dropped 581271
1783069685 $SYS/broker/messages/received 3340343
1783069685 $SYS/broker/messages/sent 3344383
1783069685 $SYS/broker/publish/messages/dropped 630678
1783069696 $SYS/broker/messages/stored 1090
1783069696 $SYS/broker/messages/received 3466995
1783069696 $SYS/broker/messages/sent 3471090
1783069696 $SYS/broker/publish/messages/dropped 680018
1783069707 $SYS/broker/messages/stored 1091
1783069707 $SYS/broker/messages/received 3594198
1783069707 $SYS/broker/messages/sent 3598399
1783069707 $SYS/broker/publish/messages/dropped 728836
1783069718 $SYS/broker/messages/stored 1090
1783069718 $SYS/broker/messages/received 3719885
1783069718 $SYS/broker/messages/sent 3724141
1783069718 $SYS/broker/publish/messages/dropped 779134
1783069729 $SYS/broker/clients/total 1022
1783069729 $SYS/broker/clients/inactive -1
1783069729 $SYS/broker/clients/disconnected -1
1783069729 $SYS/broker/clients/active 1023
1783069729 $SYS/broker/clients/connected 1023
1783069729 $SYS/broker/messages/stored 57
1783069729 $SYS/broker/messages/received 3758665
1783069729 $SYS/broker/messages/sent 3762967
1783069729 $SYS/broker/publish/messages/dropped 792857
1783069740 $SYS/broker/clients/total 5893
1783069740 $SYS/broker/clients/inactive 0
1783069740 $SYS/broker/clients/disconnected 0
1783069740 $SYS/broker/clients/active 5893
1783069740 $SYS/broker/clients/connected 5893
1783069740 $SYS/broker/messages/stored 1091
1783069740 $SYS/broker/messages/received 3835999
1783069740 $SYS/broker/messages/sent 3840375
1783069740 $SYS/broker/publish/messages/dropped 800150
1783069751 $SYS/broker/clients/total 8307
1783069751 $SYS/broker/clients/maximum 8307
1783069751 $SYS/broker/clients/active 8307
1783069751 $SYS/broker/clients/connected 8307
1783069751 $SYS/broker/messages/stored 1086
1783069751 $SYS/broker/messages/received 3963077
1783069751 $SYS/broker/messages/sent 3967512
1783069751 $SYS/broker/publish/messages/dropped 847149
1783069762 $SYS/broker/messages/stored 1091
1783069762 $SYS/broker/messages/received 4090702
1783069762 $SYS/broker/messages/sent 4095192
1783069762 $SYS/broker/publish/messages/dropped 902238
1783069773 $SYS/broker/messages/stored 1090
1783069773 $SYS/broker/messages/received 4218607
1783069773 $SYS/broker/messages/sent 4223152
1783069773 $SYS/broker/publish/messages/dropped 957042
1783069784 $SYS/broker/messages/stored 1091
1783069784 $SYS/broker/messages/received 4348499
1783069784 $SYS/broker/messages/sent 4353099
1783069784 $SYS/broker/publish/messages/dropped 1009865
1783069795 $SYS/broker/messages/stored 1090
1783069795 $SYS/broker/messages/received 4477293
1783069795 $SYS/broker/messages/sent 4481948
1783069795 $SYS/broker/publish/messages/dropped 1063778
1783069806 $SYS/broker/messages/stored 1091
1783069806 $SYS/broker/messages/received 4606280
1783069806 $SYS/broker/messages/sent 4610990
1783069806 $SYS/broker/publish/messages/dropped 1117502
1783069817 $SYS/broker/messages/stored 1090
1783069817 $SYS/broker/messages/received 4735862
1783069817 $SYS/broker/messages/sent 4740627
1783069817 $SYS/broker/publish/messages/dropped 1170634
1783069828 $SYS/broker/messages/received 4864810
1783069828 $SYS/broker/messages/sent 4869680
1783069828 $SYS/broker/publish/messages/dropped 1224400
1783069839 $SYS/broker/messages/received 4994092
1783069839 $SYS/broker/messages/sent 4999016
1783069839 $SYS/broker/publish/messages/dropped 1277830
1783069850 $SYS/broker/clients/total 2
1783069850 $SYS/broker/clients/active 2
1783069850 $SYS/broker/clients/connected 2
1783069850 $SYS/broker/messages/stored 51
1783069850 $SYS/broker/messages/received 5078549
1783069850 $SYS/broker/messages/sent 5083511
1783069850 $SYS/broker/publish/messages/dropped 1313134
1783069861 $SYS/broker/messages/received 5078551
1783069861 $SYS/broker/messages/sent 5083567
1783069872 $SYS/broker/messages/received 5078553
1783069872 $SYS/broker/messages/sent 5083622
