procs -----------메모리---------- ---스왑-- ---입출력-- -시스템-- ------CPU----- -----타임스탬프----
 r  b 스왑 가용 버퍼 캐시  입  출   입   출   in   cs us sy id wa st                      KST
 4  0      0   2753    127   1271    0    0     0     6    0    0  0  0 99  0  0 2026-07-03 18:00:12
 0  0      0   2740    127   1271    0    0     0     0 4040 9067  4  3 94  0  0 2026-07-03 18:00:14
 0  0      0   2738    127   1271    0    0     0    46 2819 5281  3  1 96  0  0 2026-07-03 18:00:16
 0  0      0   2739    127   1271    0    0     0    50 2893 6024  2  2 96  0  0 2026-07-03 18:00:18
 0  0      0   2739    127   1271    0    0     0     8 3807 8554  3  2 95  0  0 2026-07-03 18:00:20
 0  0      0   2751    127   1271    0    0     0    52 2402 4815  2  1 97  1  0 2026-07-03 18:00:22
 0  0      0   2740    127   1271    0    0     0     8 3831 8428  3  2 94  0  0 2026-07-03 18:00:24
 0  0      0   2745    127   1271    0    0     0     0 2903 6064  2  1 97  0  0 2026-07-03 18:00:26
 6  1      0   2709    127   1273    0    0     0   974 12878 39347 61 10 27  2  0 2026-07-03 18:00:28
 6  1      0   2693    127   1274    0    0     0  1226 16040 52278 61 13 23  3  0 2026-07-03 18:00:30
 7  1      0   2676    127   1276    0    0    44  1422 15415 55821 59 13 24  3  0 2026-07-03 18:00:32
11  0      0   2652    127   1278    0    0     2  1720 15476 58599 59 14 24  3  0 2026-07-03 18:00:34
 6  1      0   2641    127   1280    0    0     0  1424 15284 61977 56 15 26  3  0 2026-07-03 18:00:36
 6  1      0   2473    127   1282    0    0     0  2040 16487 70415 54 17 25  5  0 2026-07-03 18:00:38
 7  1      0   2294    127   1284    0    0     0  1692 16718 68820 56 16 25  3  0 2026-07-03 18:00:40
 9  1      0   2217    127   1286    0    0     0  1848 16365 73348 55 16 25  3  0 2026-07-03 18:00:42
12  1      0   2205    127   1289    0    0     0  2000 18181 80439 54 19 25  3  0 2026-07-03 18:00:44
 9  1      0   2191    127   1308    0    0     0 10282 18501 89597 53 17 26  3  0 2026-07-03 18:00:46
10  1      0   2180    127   1312    0    0     0  2168 19042 91948 54 17 26  3  0 2026-07-03 18:00:48
18  1      0   2179    127   1315    0    0     0  2208 19124 93916 53 17 28  3  0 2026-07-03 18:00:50
 6  1      0   2165    127   1318    0    0     0  2168 19377 94123 53 18 26  4  0 2026-07-03 18:00:52
procs -----------메모리---------- ---스왑-- ---입출력-- -시스템-- ------CPU----- -----타임스탬프----
 r  b 스왑 가용 버퍼 캐시  입  출   입   출   in   cs us sy id wa st                      KST
 3  1      0   2165    127   1322    0    0     0  2222 19753 96003 50 17 30  4  0 2026-07-03 18:00:54
 3  0      0   2144    127   1340    0    0     0  9820 20029 107294 41 16 38  5  0 2026-07-03 18:00:56
 3  1      0   2127    127   1344    0    0     0  2584 21921 124165 31 17 46  6  0 2026-07-03 18:00:58
 1  1      0   2126    127   1347    0    0     0 12404 22702 123090 29 16 45 10  0 2026-07-03 18:01:00
 6  0      0   2105    127   1350    0    0     0  2132 21429 120577 34 17 43  6  0 2026-07-03 18:01:02
 7  1      0   2091    127   1353    0    0     0  2186 22874 128920 27 16 50  7  0 2026-07-03 18:01:04
 1  1      0   2095    127   1356    0    0     0  2156 21880 125676 28 15 50  7  0 2026-07-03 18:01:06
 3  1      0   2071    127   1376    0    0     0 10170 21848 125148 27 16 51  7  0 2026-07-03 18:01:08
 8  1      0   2068    127   1379    0    0     2  2272 22564 125565 28 17 48  6  0 2026-07-03 18:01:10
 2  1      0   2072    127   1382    0    0     0  2080 22152 133645 23 15 55  7  0 2026-07-03 18:01:12
 6  1      0   2058    127   1385    0    0     0  2180 22453 130453 24 17 52  7  0 2026-07-03 18:01:14
10  1      0   2058    127   1388    0    0     0  2194 22157 126821 27 19 48  6  0 2026-07-03 18:01:16
 2  1      0   2024    127   1407    0    0     0 10242 22137 130532 26 18 50  6  0 2026-07-03 18:01:18
 4  1      0   2037    127   1411    0    0     0  2082 22441 124611 28 18 48  6  0 2026-07-03 18:01:20
 2  1      0   2031    127   1414    0    0    16  2184 22117 127656 27 18 48  6  0 2026-07-03 18:01:22
 6  1      0   2015    127   1417    0    0     0  2086 22486 129080 25 19 50  7  0 2026-07-03 18:01:24
 7  1      0   2013    127   1420    0    0     0  2252 22231 125311 30 18 46  6  0 2026-07-03 18:01:26
 3  1      0   2006    127   1423    0    0     0  2124 22308 130937 26 18 49  6  0 2026-07-03 18:01:28
 3  2      0   1979    127   1441    0    0     2 12998 22304 129580 24 18 51  8  0 2026-07-03 18:01:30
 2  1      0   1972    127   1446    0    0     2 11734 21708 125998 24 19 48  9  0 2026-07-03 18:01:32
 8  1      0   1969    127   1449    0    0     0  2108 22938 119982 24 25 45  6  0 2026-07-03 18:01:34
procs -----------메모리---------- ---스왑-- ---입출력-- -시스템-- ------CPU----- -----타임스탬프----
 r  b 스왑 가용 버퍼 캐시  입  출   입   출   in   cs us sy id wa st                      KST
 1  1      0   1962    127   1452    0    0     0  2164 21535 114920 24 24 46  6  0 2026-07-03 18:01:36
 5  1      0   1956    127   1455    0    0     0  2094 22068 117414 24 23 47  6  0 2026-07-03 18:01:38
 5  0      0   1946    127   1458    0    0     0  2002 22454 117204 23 25 45  6  0 2026-07-03 18:01:40
 4  1      0   1934    127   1477    0    0     0 10316 21579 117117 24 22 48  7  0 2026-07-03 18:01:42
 4  1      0   1915    127   1481    0    0     0  2044 22872 118570 24 24 46  6  0 2026-07-03 18:01:44
 4  1      0   1915    127   1484    0    0     0  2224 22042 114416 26 25 43  6  0 2026-07-03 18:01:46
 1  1      0   1888    127   1487    0    0     0  2226 22079 116943 23 24 46  6  0 2026-07-03 18:01:48
 2  1      0   1875    127   1491    0    0     0  2032 23063 119804 24 24 46  7  0 2026-07-03 18:01:50
 4  1      0   1871    127   1509    0    0     0 10154 21980 115437 24 22 47  7  0 2026-07-03 18:01:52
 5  1      0   1861    127   1513    0    0     0  2156 22300 116116 23 21 50  7  0 2026-07-03 18:01:54
 7  1      0   1846    127   1516    0    0     0  2014 22121 114569 27 25 43  6  0 2026-07-03 18:01:56
 9  1      0   1835    127   1519    0    0     2  2174 21038 114551 25 22 46  7  0 2026-07-03 18:01:58
 5  1      0   1835    127   1522    0    0     0  2040 22523 117213 23 24 47  6  0 2026-07-03 18:02:00
 2  2      0   1833    127   1524    0    0    10 13738 21740 115365 23 22 45 10  0 2026-07-03 18:02:02
 2  1      0   1817    127   1544    0    0     4 11392 22233 117904 21 21 51  7  0 2026-07-03 18:02:04
 3  1      0   1797    127   1547    0    0     2  3468 21669 114765 25 21 43 10  0 2026-07-03 18:02:06
 4  1      0   1797    127   1550    0    0     2  2052 21870 117714 21 23 49  8  0 2026-07-03 18:02:08
 2  1      0   1782    127   1554    0    0     0  2012 22885 118505 22 22 50  6  0 2026-07-03 18:02:10
 1  1      0   1786    127   1557    0    0     0  2068 22046 115688 24 22 47  7  0 2026-07-03 18:02:12
 3  1      0   1775    127   1560    0    0     0  2036 22443 119307 22 22 49  7  0 2026-07-03 18:02:14
 2  1      0   1788    127   1563    0    0     0  2100 22364 118309 23 22 48  7  0 2026-07-03 18:02:16
procs -----------메모리---------- ---스왑-- ---입출력-- -시스템-- ------CPU----- -----타임스탬프----
 r  b 스왑 가용 버퍼 캐시  입  출   입   출   in   cs us sy id wa st                      KST
 6  1      0   1787    127   1567    0    0     0  2122 22178 128613 23 18 52  7  0 2026-07-03 18:02:18
13  1      0   1765    127   1570    0    0     0  2136 22610 131930 24 16 53  7  0 2026-07-03 18:02:20
 4  1      0   1764    127   1573    0    0     0  2172 22452 127030 25 18 51  7  0 2026-07-03 18:02:22
 6  1      0   1748    127   1577    0    0     0  2146 23070 129650 24 19 51  7  0 2026-07-03 18:02:24
 0  0      0   1754    127   1579    0    0     0  1512 17680 96787 17 13 64  5  0 2026-07-03 18:02:26
 0  0      0   1745    127   1579    0    0     0    42 2948 6103  2  2 95  1  0 2026-07-03 18:02:28
 1  0      0   1755    127   1579    0    0     0     0 3115 6263  2  2 96  0  0 2026-07-03 18:02:30
 2  1      0   1748    127   1580    0    0     0   492 8675 34647 16  7 74  4  0 2026-07-03 18:02:32
 4  1      0   1714    128   1598    0    0     4 18174 17722 91116 26 13 51 10  0 2026-07-03 18:02:34
 5  1      0   1701    128   1601    0    0     0  2538 21965 113572 37 19 39  5  0 2026-07-03 18:02:36
 5  1      0   1687    128   1606    0    0     0  2692 26405 145168 30 23 42  5  0 2026-07-03 18:02:38
 5  1      0   1670    128   1612    0    0     0  3084 30022 163385 31 25 39  5  0 2026-07-03 18:02:40
 4  1      0   1662    128   1634    0    0     0 11474 29060 174220 31 25 40  5  0 2026-07-03 18:02:42
 6  1      0   1638    128   1639    0    0     2  3258 28996 166318 31 25 39  5  0 2026-07-03 18:02:44
 3  1      0   1631    128   1645    0    0     0  3128 28623 166946 32 24 39  5  0 2026-07-03 18:02:46
 6  1      0   1609    128   1666    0    0     0 11412 28037 172562 30 24 40  5  0 2026-07-03 18:02:48
 3  1      0   1592    128   1672    0    0     0  3232 29266 168894 31 24 40  5  0 2026-07-03 18:02:50
 2  1      0   1592    128   1677    0    0     0  3204 28595 172771 31 24 40  5  0 2026-07-03 18:02:52
13  1      0   1563    128   1699    0    0     0 11230 28513 171697 32 22 41  5  0 2026-07-03 18:02:54
 5  1      0   1557    128   1705    0    0     0  3522 28854 164854 33 23 39  5  0 2026-07-03 18:02:56
 6  1      0   1555    128   1711    0    0     0  3222 28265 167959 33 23 40  5  0 2026-07-03 18:02:58
procs -----------메모리---------- ---스왑-- ---입출력-- -시스템-- ------CPU----- -----타임스탬프----
 r  b 스왑 가용 버퍼 캐시  입  출   입   출   in   cs us sy id wa st                      KST
 9  0      0   1515    128   1733    0    0     0 11366 29081 176492 33 21 41  6  0 2026-07-03 18:03:00
 5  1      0   1506    128   1739    0    0     0  3240 28660 170065 32 23 41  5  0 2026-07-03 18:03:02
 2  2      0   1497    128   1744    0    0     0  5212 28624 164453 33 22 40  5  0 2026-07-03 18:03:04
 3  1      0   1470    128   1765    0    0     4 30228 27956 180457 31 22 38  9  0 2026-07-03 18:03:06
 8  1      0   1452    128   1772    0    0     0  4168 28516 175801 32 22 41  5  0 2026-07-03 18:03:08
 9  1      0   1447    128   1778    0    0     0  3264 28992 167002 33 24 38  5  0 2026-07-03 18:03:10
 3  1      0   1424    128   1800    0    0     0  9640 29411 169270 33 23 40  5  0 2026-07-03 18:03:12
 9  1      0   1410    128   1807    0    0     0  4982 28446 165251 34 22 39  5  0 2026-07-03 18:03:14
 8  1      0   1402    128   1812    0    0     2  3168 28502 167625 33 22 39  5  0 2026-07-03 18:03:16
 2  1      0   1378    128   1834    0    0     0  9890 28297 176098 31 22 41  6  0 2026-07-03 18:03:18
 4  1      0   1367    128   1840    0    0     0  4814 28397 168844 32 23 41  5  0 2026-07-03 18:03:20
 4  1      0   1359    128   1846    0    0     0  3148 29473 170728 32 23 40  5  0 2026-07-03 18:03:22
 3  1      0   1348    128   1851    0    0     0  2890 28953 173234 31 24 40  5  0 2026-07-03 18:03:24
 2  1      0   1330    128   1873    0    0     0 11782 28393 175338 30 24 40  5  0 2026-07-03 18:03:26
 6  1      0   1323    128   1879    0    0     0  3198 28720 171550 31 23 41  5  0 2026-07-03 18:03:28
 4  1      0   1302    128   1884    0    0     0  3288 28320 167281 32 24 40  5  0 2026-07-03 18:03:30
 3  1      0   1295    128   1906    0    0     0 11348 29107 172395 31 24 40  5  0 2026-07-03 18:03:32
 8  1      0   1288    128   1911    0    0     0  3280 28677 170305 32 23 40  5  0 2026-07-03 18:03:34
 4  2      0   1286    128   1917    0    0     2  4706 27774 155170 34 24 36  5  0 2026-07-03 18:03:36
 8  1      0   1264    128   1939    0    0     0 33340 28257 182675 29 24 40  7  0 2026-07-03 18:03:38
 5  1      0   1254    128   1945    0    0     0  3188 28566 163131 32 24 38  5  0 2026-07-03 18:03:40
procs -----------메모리---------- ---스왑-- ---입출력-- -시스템-- ------CPU----- -----타임스탬프----
 r  b 스왑 가용 버퍼 캐시  입  출   입   출   in   cs us sy id wa st                      KST
 8  1      0   1251    128   1951    0    0     0  3222 29026 172889 32 25 39  5  0 2026-07-03 18:03:42
 7  1      0   1226    128   1974    0    0     2 11458 28368 178328 30 23 41  6  0 2026-07-03 18:03:44
 3  1      0   1223    128   1979    0    0     0  3152 28490 159504 33 25 37  5  0 2026-07-03 18:03:46
 6  1      0   1217    128   1985    0    0     0  3356 28847 170180 31 25 39  5  0 2026-07-03 18:03:48
 6  1      0   1193    128   2007    0    0     0 11382 28304 172132 32 25 39  5  0 2026-07-03 18:03:50
 8  1      0   1173    128   2013    0    0     0  3296 29120 168337 32 25 38  5  0 2026-07-03 18:03:52
 5  1      0   1181    128   2019    0    0     0  3258 28682 176360 31 25 39  5  0 2026-07-03 18:03:54
 2  1      0   1159    128   2040    0    0     0 11156 28071 165490 32 25 38  5  0 2026-07-03 18:03:56
 4  1      0   1153    128   2046    0    0     0  3290 28959 174388 31 24 39  5  0 2026-07-03 18:03:58
 6  1      0   1148    128   2052    0    0     0  3368 28602 171452 31 24 40  5  0 2026-07-03 18:04:00
14  1      0   1128    128   2073    0    0     0 11196 28233 164978 32 24 38  5  0 2026-07-03 18:04:02
 5  1      0   1122    128   2079    0    0     2  3364 28471 170709 32 23 39  5  0 2026-07-03 18:04:04
 7  1      0   1117    128   2083    0    0     0  3108 28375 157596 34 24 38  4  0 2026-07-03 18:04:06
 3  2      0   1098    128   2104    0    0     0 13864 28729 183811 30 23 41  6  0 2026-07-03 18:04:08
 6  1      0   1089    128   2111    0    0     0 23486 27856 172978 31 22 39  8  0 2026-07-03 18:04:10
 8  1      0   1082    128   2117    0    0     0  3040 28800 164545 32 24 39  5  0 2026-07-03 18:04:12
 4  3      0   1053    128   2137    0    0     0 10984 29091 179343 30 23 41  6  0 2026-07-03 18:04:14
 8  1      0   1039    128   2144    0    0     0  3648 29284 157508 37 23 35  5  0 2026-07-03 18:04:16
 6  1      0   1049    128   2149    0    0     0  3218 28589 173278 32 23 40  5  0 2026-07-03 18:04:18
 3  1      0   1028    128   2171    0    0     2 11258 28831 175332 32 23 41  5  0 2026-07-03 18:04:20
 3  1      0   1021    128   2176    0    0     0  3184 28502 169433 33 22 40  5  0 2026-07-03 18:04:22
procs -----------메모리---------- ---스왑-- ---입출력-- -시스템-- ------CPU----- -----타임스탬프----
 r  b 스왑 가용 버퍼 캐시  입  출   입   출   in   cs us sy id wa st                      KST
 7  1      0   1016    128   2182    0    0     0  3196 28937 171537 32 23 40  5  0 2026-07-03 18:04:24
 7  1      0   1010    128   2187    0    0     0  3260 28762 165705 33 22 40  5  0 2026-07-03 18:04:26
 8  0      0    988    128   2209    0    0     0 11346 28398 168583 32 23 38  8  0 2026-07-03 18:04:28
 4  1      0    982    128   2214    0    0     0  3246 28691 167737 33 22 40  5  0 2026-07-03 18:04:30
 1  0      0    997    128   2216    0    0     0  1310 21282 125141 22 16 60  2  0 2026-07-03 18:04:32
 1  0      0   1003    128   2216    0    0     0    44 14299 82794 10  7 82  0  0 2026-07-03 18:04:34
 2  0      0   1004    128   2216    0    0     0    40 14135 82581 11  7 82  0  0 2026-07-03 18:04:36
 2  1      0   1000    128   2217    0    0     0   990 18000 103737 17 13 63  8  0 2026-07-03 18:04:38
 2  1      0    993    128   2219    0    0     0 18296 21434 122985 19 15 55 11  0 2026-07-03 18:04:40
11  1      0    969    128   2240    0    0     0 11214 25067 133455 25 19 49  7  0 2026-07-03 18:04:42
 1  1      0    965    128   2245    0    0     0  2970 29659 156974 33 24 38  5  0 2026-07-03 18:04:44
 6  1      0    953    128   2251    0    0     0  3036 30384 153394 34 26 36  4  0 2026-07-03 18:04:46
 3  1      0    945    128   2258    0    0     0  3022 31296 160902 33 25 37  5  0 2026-07-03 18:04:48
 6  1      0    919    128   2281    0    0     0 11242 32537 167558 31 25 40  5  0 2026-07-03 18:04:50
 3  1      0    912    128   2286    0    0     0  3124 31039 162332 32 24 39  5  0 2026-07-03 18:04:52
 8  1      0    908    128   2291    0    0     0  3044 30597 160153 33 22 39  5  0 2026-07-03 18:04:54
 3  1      0    886    128   2313    0    0     0 11482 30719 166789 32 22 41  5  0 2026-07-03 18:04:56
 3  1      0    876    128   2319    0    0     0  3118 30651 162500 33 23 40  4  0 2026-07-03 18:04:58
17  1      0    862    128   2325    0    0     0  3252 30704 165027 32 23 40  5  0 2026-07-03 18:05:00
 4  1      0    848    128   2347    0    0     0 11500 31353 172834 31 22 41  7  0 2026-07-03 18:05:02
 4  1      0    844    128   2352    0    0     0  2986 30458 157919 32 24 39  5  0 2026-07-03 18:05:04
procs -----------메모리---------- ---스왑-- ---입출력-- -시스템-- ------CPU----- -----타임스탬프----
 r  b 스왑 가용 버퍼 캐시  입  출   입   출   in   cs us sy id wa st                      KST
 4  1      0    836    128   2358    0    0     2  2958 30476 160917 33 22 40  5  0 2026-07-03 18:05:06
 5  2      0    816    128   2381    0    0     0 12052 30519 174459 31 21 40  7  0 2026-07-03 18:05:08
12  0      0    809    128   2387    0    0     0  5644 30331 167301 30 23 41  5  0 2026-07-03 18:05:10
 7  1      0    803    128   2393    0    0    20 18492 31119 170002 31 23 39  7  0 2026-07-03 18:05:12
 6  1      0    782    128   2415    0    0     0 12820 30221 162333 32 24 40  5  0 2026-07-03 18:05:14
 5  1      0    776    128   2420    0    0     0  4676 30782 155778 33 25 37  5  0 2026-07-03 18:05:16
 3  1      0    770    128   2426    0    0     0  4684 30558 168396 31 24 40  5  0 2026-07-03 18:05:18
 7  1      0    749    128   2448    0    0     0 12836 29750 163588 32 24 39  6  0 2026-07-03 18:05:20
 6  1      0    729    128   2453    0    0     2  4830 31225 163690 32 23 39  5  0 2026-07-03 18:05:22
 7  1      0    727    128   2459    0    0     0  4684 30731 163169 31 25 39  5  0 2026-07-03 18:05:24
 2  1      0    716    128   2480    0    0     0 11670 30667 163359 34 24 36  6  0 2026-07-03 18:05:26
 3  1      0    707    128   2487    0    0     0  5888 30541 159709 31 26 37  5  0 2026-07-03 18:05:28
 3  1      0    703    128   2492    0    0     0  4536 29915 159009 32 26 38  5  0 2026-07-03 18:05:30
 4  3      0    681    128   2514    0    0     2 12508 30660 171479 30 25 37  8  0 2026-07-03 18:05:32
 9  1      0    678    128   2517    0    0     0 25812 30803 190443 28 24 34 14  0 2026-07-03 18:05:34
 4  1      0    666    128   2525    0    0     0  6946 29427 143794 37 25 34  4  0 2026-07-03 18:05:36
 3  1      0    647    128   2547    0    0     0 13040 30729 164377 31 26 38  5  0 2026-07-03 18:05:38
 3  1      0    642    128   2554    0    0     2  4702 29853 163382 31 25 39  5  0 2026-07-03 18:05:40
 5  1      0    636    128   2559    0    0     0  4526 30545 166088 32 25 39  4  0 2026-07-03 18:05:42
 7  1      0    632    128   2564    0    0     0  4754 31016 162262 31 26 38  5  0 2026-07-03 18:05:44
 9  1      0    599    128   2586    0    0     0 12962 30129 166095 31 26 38  4  0 2026-07-03 18:05:46
procs -----------메모리---------- ---스왑-- ---입출력-- -시스템-- ------CPU----- -----타임스탬프----
 r  b 스왑 가용 버퍼 캐시  입  출   입   출   in   cs us sy id wa st                      KST
 7  1      0    602    128   2592    0    0     0  4592 30439 166959 30 26 39  5  0 2026-07-03 18:05:48
 5  1      0    595    128   2598    0    0     0  4830 30142 155902 33 26 36  5  0 2026-07-03 18:05:50
 3  1      0    576    128   2620    0    0     0 12712 30232 161133 30 27 38  6  0 2026-07-03 18:05:52
 8  1      0    570    128   2625    0    0     0  4684 30787 160035 31 26 38  5  0 2026-07-03 18:05:54
 4  1      0    564    128   2630    0    0     0  4516 30223 153825 33 26 37  5  0 2026-07-03 18:05:56
 5  1      0    539    128   2653    0    0     0 12918 30399 168742 30 25 39  5  0 2026-07-03 18:05:58
 8  1      0    535    128   2658    0    0     0  4568 30535 155162 32 26 37  5  0 2026-07-03 18:06:00
 9  1      0    532    128   2663    0    0     0  4354 30162 156406 33 26 36  5  0 2026-07-03 18:06:02
 4  1      0    511    128   2685    0    0     2  8408 30513 167909 31 24 40  5  0 2026-07-03 18:06:04
 3  1      0    504    129   2691    0    0    38 32370 30580 177249 30 23 37  9  0 2026-07-03 18:06:06
 6  1      0    487    129   2697    0    0     0  4696 30084 159135 32 25 38  5  0 2026-07-03 18:06:08
 4  1      0    490    129   2702    0    0     0  4714 30654 161007 32 25 38  5  0 2026-07-03 18:06:10
 6  1      0    470    129   2724    0    0     0 12704 30030 162824 33 23 37  7  0 2026-07-03 18:06:12
 4  1      0    463    129   2729    0    0     0  4520 31028 160978 32 23 39  5  0 2026-07-03 18:06:14
 4  1      0    457    129   2735    0    0     0  4662 30449 162547 32 23 40  5  0 2026-07-03 18:06:16
 9  0      0    436    129   2757    0    0     2 12758 29996 164749 32 23 41  5  0 2026-07-03 18:06:18
 6  1      0    430    129   2763    0    0     0  4548 30720 156930 34 23 38  5  0 2026-07-03 18:06:20
10  1      0    406    129   2769    0    0     0  4566 30536 159089 34 22 39  5  0 2026-07-03 18:06:22
 5  1      0    400    129   2790    0    0     0 12814 30315 168009 32 21 41  5  0 2026-07-03 18:06:24
 6  1      0    397    129   2796    0    0     0  4754 30744 162517 32 23 40  5  0 2026-07-03 18:06:26
 3  1      0    390    129   2801    0    0     0  4518 29897 157924 33 23 39  5  0 2026-07-03 18:06:28
procs -----------메모리---------- ---스왑-- ---입출력-- -시스템-- ------CPU----- -----타임스탬프----
 r  b 스왑 가용 버퍼 캐시  입  출   입   출   in   cs us sy id wa st                      KST
 9  0      0    354    129   2823    0    0     0 11806 30490 168668 33 22 37  8  0 2026-07-03 18:06:30
 3  1      0    365    129   2829    0    0     0  5972 30633 159052 33 24 39  5  0 2026-07-03 18:06:32
 4  1      0    356    129   2835    0    0     0  4492 30045 158194 32 23 40  5  0 2026-07-03 18:06:34
 3  2      0    347    129   2855    0    0     2  8322 31654 167453 31 25 39  5  0 2026-07-03 18:06:36
 2  0      0    357    129   2855    0    0     4 25832 14033 85549 14  7 70  9  0 2026-07-03 18:06:38
 1  0      0    363    129   2855    0    0     0   440 13788 80277 10  7 83  0  0 2026-07-03 18:06:40
 7  1      0    362    129   2856    0    0     0   486 15072 88216 12  8 77  3  0 2026-07-03 18:06:42
 3  1      0    349    129   2857    0    0     0  1666 20611 113298 21 15 56  8  0 2026-07-03 18:06:44
 3  1      0    341    129   2860    0    0     0  2760 23594 129053 22 17 54  7  0 2026-07-03 18:06:46
 5  1      0    334    129   2865    0    0     0  3700 26475 144827 26 19 48  7  0 2026-07-03 18:06:48
12  0      0    325    129   2871    0    0     0  4292 29511 151846 34 24 37  5  0 2026-07-03 18:06:50
 9  1      0    297    129   2893    0    0     0 13222 31324 172514 31 22 42  5  0 2026-07-03 18:06:52
 7  1      0    275    129   2900    0    0     0  4680 32108 154927 34 25 37  5  0 2026-07-03 18:06:54
 9  1      0    280    129   2906    0    0     0  4332 33413 157295 31 27 37  5  0 2026-07-03 18:06:56
 6  1      0    252    129   2929    0    0     0 12642 33404 158722 31 26 38  5  0 2026-07-03 18:06:58
 3  1      0    246    129   2935    0    0     0  4396 33174 157212 33 26 37  4  0 2026-07-03 18:07:00
 5  1      0    240    129   2941    0    0     0  4724 32159 165797 30 25 39  5  0 2026-07-03 18:07:02
14  0      0    212    129   2947    0    0    34  4462 32398 155339 33 25 37  5  0 2026-07-03 18:07:04
 5  1      0    211    129   2968    0    0     0 12288 31950 166468 32 25 37  6  0 2026-07-03 18:07:06
 5  1      0    204    129   2974    0    0     0  5148 31995 164432 31 25 39  4  0 2026-07-03 18:07:08
 4  2      0    230    128   2967    0    0   348  4316 31392 148020 35 26 34  5  0 2026-07-03 18:07:10
procs -----------메모리---------- ---스왑-- ---입출력-- -시스템-- ------CPU----- -----타임스탬프----
 r  b 스왑 가용 버퍼 캐시  입  출   입   출   in   cs us sy id wa st                      KST
 6  2      0    206    128   2986    0    0    34 12918 32202 169049 30 27 38  5  0 2026-07-03 18:07:12
 7  2      0    198    128   2991    0    0   354 16528 32642 168520 31 25 35  9  0 2026-07-03 18:07:14
 5  0      0    211    128   2991    0    0   854 13244 32059 156005 32 26 28 14  0 2026-07-03 18:07:16
 4  2      0    207    128   3005    0    0   154 13046 32102 171330 31 25 36  8  0 2026-07-03 18:07:18
 4  2      0    204    128   2998    0    0   722  4616 32130 170338 31 25 34 10  0 2026-07-03 18:07:20
 0  3      0    200    127   2989    0    0   798  4608 31087 158467 29 25 36  9  0 2026-07-03 18:07:22
 6  1      0    203    127   2996    0    0   686 11800 31528 163003 28 27 36  9  0 2026-07-03 18:07:24
 7  1      0    190    127   2996    0    0     0  5252 32358 154237 31 28 36  5  0 2026-07-03 18:07:26
 8  1      0    204    127   2988    0    0   100  4188 32039 154698 33 26 36  5  0 2026-07-03 18:07:28
 4  1      0    204    126   3001    0    0     0 12136 32014 159004 31 26 37  6  0 2026-07-03 18:07:30
 6  1      0    187    126   3007    0    0     0  5534 31792 163125 31 25 39  4  0 2026-07-03 18:07:32
 7  1      0    206    126   2992    0    0    30  4228 32235 151320 35 24 37  5  0 2026-07-03 18:07:34
 7  1      0    197    126   2990    0    0     4  4698 32480 159067 32 26 37  6  0 2026-07-03 18:07:36
 4  1      0    199    126   3005    0    0     2 12736 32145 162465 30 25 40  5  0 2026-07-03 18:07:38
 6  1      0    203    125   3000    0    0    22  4692 31980 148467 34 25 36  5  0 2026-07-03 18:07:40
 7  1      0    205    125   2994    0    0     0  4696 31999 161701 31 25 39  5  0 2026-07-03 18:07:42
 8  2      0    192    125   3004    0    0   314 12604 32529 167018 31 25 38  6  0 2026-07-03 18:07:44
 8  4      0    198    125   2999    0    0   268 12386 32332 161509 33 23 37  6  0 2026-07-03 18:07:46
 8  1      0    188    125   3005    0    0     2 19952 31930 167538 30 25 38  7  0 2026-07-03 18:07:48
11  2      0    191    124   2987    0    0   474 12562 31810 159558 31 24 38  6  0 2026-07-03 18:07:50
 3  1      0    194    124   2994    0    0    38  4496 32071 152437 34 24 38  4  0 2026-07-03 18:07:52
procs -----------메모리---------- ---스왑-- ---입출력-- -시스템-- ------CPU----- -----타임스탬프----
 r  b 스왑 가용 버퍼 캐시  입  출   입   출   in   cs us sy id wa st                      KST
 6  1      0    187    124   2999    0    0     0  4488 32028 154161 33 22 40  5  0 2026-07-03 18:07:54
 3  3      0    198    124   3002    0    0   172 11506 32261 167657 30 22 40  8  0 2026-07-03 18:07:56
 5  1      0    197    124   2997    0    0   308  5686 32027 147304 35 24 35  6  0 2026-07-03 18:07:58
 1  1      0    209    124   2996    0    0   196  4602 32088 156031 33 23 39  5  0 2026-07-03 18:08:00
 4  1      0    204    123   2996    0    0   104  4406 31364 153151 33 24 37  5  0 2026-07-03 18:08:02
 4  1      0    200    123   3002    0    0    58 12780 32390 167991 30 24 41  6  0 2026-07-03 18:08:04
 7  3      0    197    123   3006    0    0    46  5694 32276 163659 31 23 40  6  0 2026-07-03 18:08:06
 5  1      0    185    123   3009    0    0   194 17594 31921 164978 31 24 30 15  0 2026-07-03 18:08:08
 4  1      0    196    123   3003    0    0   312 12810 31513 162329 31 24 40  6  0 2026-07-03 18:08:10
 4  1      0    199    122   3008    0    0     0  4412 32299 153021 36 22 38  5  0 2026-07-03 18:08:12
 5  1      0    189    122   2997    0    0   120  4240 31749 152811 34 23 37  5  0 2026-07-03 18:08:14
 3  3      0    207    122   2999    0    0    30 12872 32305 164723 31 23 40  6  0 2026-07-03 18:08:16
 4  6      0    200    122   2997    0    0    22  4734 32432 165525 31 24 32 13  0 2026-07-03 18:08:18
 6  1      0    222    122   3000    0    0    20 12444 31557 149915 35 23 35  7  0 2026-07-03 18:08:20
 9  1      0    186    122   3020    0    0     2 14024 32034 179241 28 24 38 10  0 2026-07-03 18:08:22
 4  1      0    198    121   3003    0    0     0  5656 31243 146279 35 24 37  4  0 2026-07-03 18:08:24
 5  2      0    188    121   3004    0    0     2  7410 32262 165612 31 24 39  6  0 2026-07-03 18:08:26
 4  2      0    195    121   2994    0    0    56  3236 32734 168543 32 23 33 12  0 2026-07-03 18:08:28
 3  1      0    190    121   3004    0    0    66  3398 32081 160940 32 25 32 11  0 2026-07-03 18:08:30
 5  1      0    200    121   3002    0    0     0  7102 31929 158130 32 25 37  7  0 2026-07-03 18:08:32
 4  1      0    193    121   3006    0    0     0  3032 32478 155909 31 26 38  5  0 2026-07-03 18:08:34
procs -----------메모리---------- ---스왑-- ---입출력-- -시스템-- ------CPU----- -----타임스탬프----
 r  b 스왑 가용 버퍼 캐시  입  출   입   출   in   cs us sy id wa st                      KST
 7  1      0    184    121   3012    0    0     0  3024 31600 149044 34 25 36  5  0 2026-07-03 18:08:36
 2  1      0    196    120   3003    0    0     6  3012 32515 154641 33 26 36  5  0 2026-07-03 18:08:38
 7  1      0    192    120   2999    0    0    46  2964 31367 148361 35 26 34  5  0 2026-07-03 18:08:40
 2  0      0    223    120   3001    0    0     4  2370 27200 146514 25 20 51  5  0 2026-07-03 18:08:42
 1  0      0    221    120   3001    0    0     0     4 13165 78931 10  7 83  0  0 2026-07-03 18:08:44
 1  0      0    227    120   3001    0    0     0    38 13393 80097 13  7 80  0  0 2026-07-03 18:08:46
 1  1      0    222    120   3002    0    0     0   716 17263 100339 16 10 68  6  0 2026-07-03 18:08:48
12  1      0    202    120   3006    0    0     0  1670 21261 117398 23 17 53  7  0 2026-07-03 18:08:50
 4  1      0    200    120   3012    0    0     0  2180 23535 129415 26 20 47  6  0 2026-07-03 18:08:52
 9  1      0    199    120   3019    0    0    26 12212 28162 150853 28 23 38 11  0 2026-07-03 18:08:54
 6  1      0    215    119   3001    0    0    30  4502 31119 156504 33 26 34  8  0 2026-07-03 18:08:56
 7  1      0    216    119   3008    0    0    10 14798 32202 168876 32 24 37  7  0 2026-07-03 18:08:58
 2 17      0    199    119   3003    0    0    34  6138 33049 161122 31 25 38  6  0 2026-07-03 18:09:00
 6  1      0    192    119   3009    0    0    44  9620 32734 163897 31 25 33 10  0 2026-07-03 18:09:02
 5  2      0    193    119   3011    0    0  2406  5460 33910 160128 30 27 34  9  0 2026-07-03 18:09:04
 8  2      0    196    118   3002    0    0   572  8434 33314 169248 30 24 22 24  0 2026-07-03 18:09:06
 6  1      0    186    118   3009    0    0  1388  5756 32188 164822 33 24 31 13  0 2026-07-03 18:09:08
 3  1      0    186    118   3012    0    0    38  4856 32331 155516 32 25 37  5  0 2026-07-03 18:09:10
 3  1      0    195    117   3007    0    0     0  4382 31467 147845 33 26 36  5  0 2026-07-03 18:09:12
 8  1      0    200    117   3000    0    0     0  4428 32298 153074 32 25 39  5  0 2026-07-03 18:09:14
 5  1      0    198    117   3000    0    0     0  4532 32393 158284 33 24 39  5  0 2026-07-03 18:09:16
procs -----------메모리---------- ---스왑-- ---입출력-- -시스템-- ------CPU----- -----타임스탬프----
 r  b 스왑 가용 버퍼 캐시  입  출   입   출   in   cs us sy id wa st                      KST
 7  0      0    201    117   2994    0    0     0  4286 31684 148772 33 25 37  4  0 2026-07-03 18:09:18
 5  1      0    210    117   2999    0    0     0  4674 32460 160028 32 23 39  5  0 2026-07-03 18:09:20
12  1      0    205    117   3000    0    0     0  4880 31796 147592 35 24 37  5  0 2026-07-03 18:09:22
 4  1      0    191    117   3010    0    0     0  4592 32690 155417 33 24 39  4  0 2026-07-03 18:09:24
 3  1      0    189    117   3014    0    0     0  4584 32713 155536 31 26 39  5  0 2026-07-03 18:09:26
 2  1      0    195    116   3007    0    0     0  4286 31786 149135 35 23 37  5  0 2026-07-03 18:09:28
 5  1      0    197    116   3008    0    0     8  4596 32462 156508 33 23 39  5  0 2026-07-03 18:09:30
 5  1      0    196    116   3008    0    0     0  4656 32427 158230 32 23 39  5  0 2026-07-03 18:09:32
 4  1      0    197    116   3008    0    0     0  4348 31971 148328 32 25 38  5  0 2026-07-03 18:09:34
 3  1      0    190    116   3017    0    0     0  4486 32623 160137 32 23 40  5  0 2026-07-03 18:09:36
14  2      0    190    116   3007    0    0     6 17928 32547 161330 32 23 35  9  0 2026-07-03 18:09:38
 6  1      0    198    115   3007    0    0     0 13640 32025 164135 32 23 38  6  0 2026-07-03 18:09:40
 8  1      0    193    115   3010    0    0     0  4746 32306 161135 32 25 39  5  0 2026-07-03 18:09:42
 5  1      0    198    115   3004    0    0     0  4422 32218 149071 35 24 36  4  0 2026-07-03 18:09:44
 3  1      0    189    115   3015    0    0     0  4670 32555 159485 33 23 40  5  0 2026-07-03 18:09:46
 3  1      0    189    115   3015    0    0    38  4550 32846 160637 33 24 38  5  0 2026-07-03 18:09:48
 8  1      0    190    115   3015    0    0     0  4484 31874 150389 34 24 37  4  0 2026-07-03 18:09:50
 9  1      0    196    114   3012    0    0     0  4508 31728 153958 34 24 37  5  0 2026-07-03 18:09:52
 9  1      0    188    113   3013    0    0     0  4334 32269 156240 32 25 39  5  0 2026-07-03 18:09:54
10  1      0    197    113   3006    0    0     0  4548 32334 154879 32 26 37  5  0 2026-07-03 18:09:56
 8  1      0    195    112   3012    0    0     2  4606 32918 157443 32 25 38  5  0 2026-07-03 18:09:58
procs -----------메모리---------- ---스왑-- ---입출력-- -시스템-- ------CPU----- -----타임스탬프----
 r  b 스왑 가용 버퍼 캐시  입  출   입   출   in   cs us sy id wa st                      KST
 8  1      0    196    111   3007    0    0     0  4316 32369 151007 34 25 36  4  0 2026-07-03 18:10:00
13  1      0    200    111   3008    0    0     0  4536 31640 153901 34 25 37  5  0 2026-07-03 18:10:02
 8  1      0    204    111   3011    0    0   104  4854 32321 164577 31 25 39  5  0 2026-07-03 18:10:04
10  1      0    209    110   3007    0    0     0  4432 32088 155645 33 25 38  4  0 2026-07-03 18:10:06
 4  1      0    194    110   3012    0    0     0  4614 32584 160550 32 24 38  5  0 2026-07-03 18:10:08
11  1      0    191    110   3015    0    0     2 21004 32268 163296 30 27 36  8  0 2026-07-03 18:10:10
 6  1      0    198    110   3010    0    0    48  4648 31821 155183 34 26 36  4  0 2026-07-03 18:10:12
 6  1      0    197    109   3012    0    0     0  4704 32881 158860 32 26 37  5  0 2026-07-03 18:10:14
 4  1      0    201    109   3012    0    0     0  4368 32040 152734 34 26 36  4  0 2026-07-03 18:10:16
 3  1      0    194    109   3017    0    0     0  4596 32626 159427 32 26 37  5  0 2026-07-03 18:10:18
 5  1      0    193    108   3017    0    0    18  4556 32548 163725 30 27 38  5  0 2026-07-03 18:10:20
 4  1      0    196    108   3016    0    0     0  4204 31519 145969 34 27 35  4  0 2026-07-03 18:10:22
 3  1      0    200    108   3012    0    0     0  4626 32445 162439 30 26 38  5  0 2026-07-03 18:10:24
10  1      0    191    108   3008    0    0    18  4706 32620 159643 32 26 37  4  0 2026-07-03 18:10:26
 8  1      0    192    107   3013    0    0     0  4658 32594 155456 34 26 35  5  0 2026-07-03 18:10:28
 5  1      0    186    107   3023    0    0     0  4644 32655 160516 30 28 37  4  0 2026-07-03 18:10:30
 6  1      0    201    107   3010    0    0     0  4284 31074 143692 35 28 34  4  0 2026-07-03 18:10:32
 8  1      0    195    107   3014    0    0     0  4602 32381 160335 31 27 37  5  0 2026-07-03 18:10:34
 5  2      0    191    107   3019    0    0     2 13872 32778 169780 29 27 38  6  0 2026-07-03 18:10:36
 5  1      0    203    106   3003    0    0     2 18350 31773 155660 32 26 35  7  0 2026-07-03 18:10:38
 7  1      0    198    106   3008    0    0     0  4532 32396 160959 30 26 39  5  0 2026-07-03 18:10:40
procs -----------메모리---------- ---스왑-- ---입출력-- -시스템-- ------CPU----- -----타임스탬프----
 r  b 스왑 가용 버퍼 캐시  입  출   입   출   in   cs us sy id wa st                      KST
11  1      0    183    106   3012    0    0     0  4428 31938 153361 32 27 37  4  0 2026-07-03 18:10:42
 3  1      0    194    106   3019    0    0    62  4426 31777 150116 32 28 35  4  0 2026-07-03 18:10:44
 3  1      0    195    106   3019    0    0     0  4620 32686 157151 30 27 38  5  0 2026-07-03 18:10:46
 1  1      0    218    106   3018    0    0    38  1046 19772 117195 18 14 66  2  0 2026-07-03 18:10:48
 2  0      0    208    106   3018    0    0     0   128 14125 81540 10  6 84  0  0 2026-07-03 18:10:50
 1  0      0    214    106   3018    0    0     0   608 13091 79943 11  7 82  0  0 2026-07-03 18:10:52
 1  0      0    214    106   3019    0    0     0   186 13650 81090 13  8 79  0  0 2026-07-03 18:10:54
 1  0      0    214    106   3019    0    0     0   128 14216 83385 11  6 84  0  0 2026-07-03 18:10:56
 2  0      0    206    106   3019    0    0     0    28 13510 79042 14  8 78  0  0 2026-07-03 18:10:58
 1  0      0    214    106   3019    0    0     8   128 14415 82616 11  7 82  0  0 2026-07-03 18:11:00
 1  0      0    216    106   3019    0    0     0   136 13351 79307 10  7 83  0  0 2026-07-03 18:11:02
 1  0      0    213    106   3019    0    0     0    34 13853 80286 13  7 79  0  0 2026-07-03 18:11:04
 1  0      0    211    106   3019    0    0     0   128 14040 81750 10  7 83  0  0 2026-07-03 18:11:06
 1  0      0    212    106   3019    0    0     0  6768 14130 82384 11  7 80  2  0 2026-07-03 18:11:08
 3  0      0    210    106   3019    0    0     0   212 13847 82000 13  7 79  0  0 2026-07-03 18:11:10
 1  0      0    214    106   3019    0    0    34   130 13210 78252 10  7 83  0  0 2026-07-03 18:11:12
 2  0      0    214    106   3014    0    0    70    88 14195 82545 14  7 78  1  0 2026-07-03 18:11:14
 1  0      0    220    106   3014    0    0    14    80 13862 83051 10  7 83  0  0 2026-07-03 18:11:16
 3  1      0    202    106   3014    0    0    26   190 14555 82146  9  7 83  0  0 2026-07-03 18:11:18
 2  0      0    214    106   3015    0    0   154     0 13988 82121 14  7 78  1  0 2026-07-03 18:11:20
