1783097970 $SYS/broker/publish/messages/dropped 557062
1783097970 $SYS/broker/clients/total 5
1783097970 $SYS/broker/clients/inactive 0
1783097970 $SYS/broker/clients/disconnected 0
1783097970 $SYS/broker/clients/active 5
1783097970 $SYS/broker/clients/connected 5
1783097970 $SYS/broker/clients/expired 0
1783097970 $SYS/broker/clients/maximum 10005
1783097970 $SYS/broker/messages/stored 51
1783097970 $SYS/broker/messages/received 6439071
1783097970 $SYS/broker/messages/sent 6447073
1783097978 $SYS/broker/clients/total 6
1783097978 $SYS/broker/clients/active 6
1783097978 $SYS/broker/clients/connected 6
1783097978 $SYS/broker/messages/received 6439078
1783097978 $SYS/broker/messages/sent 6447202
1783097989 $SYS/broker/messages/received 6439080
1783097989 $SYS/broker/messages/sent 6447259
1783098000 $SYS/broker/messages/received 6439082
1783098000 $SYS/broker/messages/sent 6447316
1783098011 $SYS/broker/messages/received 6439084
1783098011 $SYS/broker/messages/sent 6447373
1783098022 $SYS/broker/messages/received 6439090
1783098022 $SYS/broker/messages/sent 6447434
1783098033 $SYS/broker/messages/received 6439094
1783098033 $SYS/broker/messages/sent 6447493
1783098044 $SYS/broker/messages/received 6439096
1783098044 $SYS/broker/messages/sent 6447550
1783098055 $SYS/broker/messages/received 6439098
1783098055 $SYS/broker/messages/sent 6447607
1783098066 $SYS/broker/messages/received 6439100
1783098066 $SYS/broker/messages/sent 6447664
1783098077 $SYS/broker/messages/received 6439102
1783098077 $SYS/broker/messages/sent 6447721
1783098088 $SYS/broker/messages/received 6439108
1783098088 $SYS/broker/messages/sent 6447782
1783098099 $SYS/broker/messages/received 6439112
1783098099 $SYS/broker/messages/sent 6447841
1783098110 $SYS/broker/messages/received 6439116
1783098110 $SYS/broker/messages/sent 6447951
1783098121 $SYS/broker/messages/received 6439118
1783098121 $SYS/broker/messages/sent 6448008
1783098132 $SYS/broker/messages/received 6439120
1783098132 $SYS/broker/messages/sent 6448065
1783098143 $SYS/broker/messages/received 6439126
1783098143 $SYS/broker/messages/sent 6448126
1783098154 $SYS/broker/messages/received 6439130
1783098154 $SYS/broker/messages/sent 6448185
1783098165 $SYS/broker/messages/received 6439132
1783098165 $SYS/broker/messages/sent 6448242
1783098176 $SYS/broker/messages/received 6439134
1783098176 $SYS/broker/messages/sent 6448299
1783098187 $SYS/broker/messages/received 6439136
1783098187 $SYS/broker/messages/sent 6448356
1783098198 $SYS/broker/messages/received 6439138
1783098198 $SYS/broker/messages/sent 6448413
1783098209 $SYS/broker/messages/received 6439145
1783098209 $SYS/broker/messages/sent 6448475
1783098220 $SYS/broker/messages/received 6439148
1783098220 $SYS/broker/messages/sent 6448533
1783098231 $SYS/broker/messages/received 6439150
1783098231 $SYS/broker/messages/sent 6448590
1783098242 $SYS/broker/messages/received 6439154
1783098242 $SYS/broker/messages/sent 6448700
1783098253 $SYS/broker/messages/received 6439156
1783098253 $SYS/broker/messages/sent 6448757
1783098264 $SYS/broker/messages/received 6439162
1783098264 $SYS/broker/messages/sent 6448818
1783098275 $SYS/broker/messages/received 6439166
1783098275 $SYS/broker/messages/sent 6448877
1783098286 $SYS/broker/messages/received 6439168
1783098286 $SYS/broker/messages/sent 6448934
