procs -----------메모리---------- ---스왑-- ---입출력-- -시스템-- ------CPU----- -----타임스탬프----
 r  b 스왑 가용 버퍼 캐시  입  출   입   출   in   cs us sy id wa st                      KST
 7  1      0   1662     49   2522    0    0     1     6    0    0  0  0 99  0  0 2026-07-04 01:59:30
14  0      0   1468     49   2522    0    0    40   228 7891 17462 42  5 52  1  0 2026-07-04 01:59:32
 7  0      0   1314     49   2526    0    0     0  1148 14426 21469 67  9 24  0  0 2026-07-04 01:59:34
60  1      0   1204     49   2533    0    0     2  1768 14588 21226 68 10 22  0  0 2026-07-04 01:59:36
28  0      0   1149     49   2544    0    0     4  2694 14820 24985 68 11 20  1  0 2026-07-04 01:59:38
162  0      0    956     49   2554    0    0     0  3842 14468 24298 67 13 20  0  0 2026-07-04 01:59:40
15  0      0    817     49   2563    0    0     0  3054 14117 23525 66 13 21  0  0 2026-07-04 01:59:42
99  1      0    801     49   2572    0    0     2  3050 14830 24509 66 12 22  0  0 2026-07-04 01:59:44
66  0      0    797     49   2581    0    0     0  3022 15703 26416 66 12 21  0  0 2026-07-04 01:59:46
19  0      0    780     49   2589    0    0     0  3274 15611 24815 65 14 21  0  0 2026-07-04 01:59:48
32  0      0    668     49   2597    0    0     0  3184 15857 25579 66 14 20  0  0 2026-07-04 01:59:50
17  1      0    680     49   2605    0    0     2  3214 15528 24367 66 13 21  0  0 2026-07-04 01:59:52
39  0      0    667     49   2608    0    0     0  3284 16015 25081 65 13 22  0  0 2026-07-04 01:59:54
22  1      0    639     49   2614    0    0     0  3206 16975 26468 65 14 21  0  0 2026-07-04 01:59:56
22  1      0    626     49   2624    0    0    52  3706 15688 24537 63 14 22  1  0 2026-07-04 01:59:58
33  0      0    598     49   2634    0    0   466  3158 17079 26516 67 15 17  1  0 2026-07-04 02:00:00
35  1      0    601     49   2647    0    0  1190  3776 16450 23107 65 14 17  4  0 2026-07-04 02:00:02
 6  0      0    572     49   2659    0    0     0  4218 17208 24663 63 15 20  2  0 2026-07-04 02:00:04
30  2      0    566     49   2667    0    0    84 25796 18337 27503 64 14 15  7  0 2026-07-04 02:00:06
50  0      0    541     49   2679    0    0     0  5546 16899 23950 62 15 21  2  0 2026-07-04 02:00:08
11  1      0    502     49   2688    0    0     0  4688 17962 26352 65 15 20  1  0 2026-07-04 02:00:10
procs -----------메모리---------- ---스왑-- ---입출력-- -시스템-- ------CPU----- -----타임스탬프----
 r  b 스왑 가용 버퍼 캐시  입  출   입   출   in   cs us sy id wa st                      KST
25  0      0    504     49   2700    0    0    18  4956 17579 26615 64 15 20  1  0 2026-07-04 02:00:12
18  0      0    488     49   2711    0    0   146  3960 17957 26584 62 14 22  2  0 2026-07-04 02:00:14
 7  0      0    475     49   2720    0    0     0  4208 18205 30919 61 15 23  1  0 2026-07-04 02:00:16
18  0      0    441     49   2727    0    0    38  4608 19416 32342 61 15 22  3  0 2026-07-04 02:00:18
12  1      0    420     49   2735    0    0     0  4758 18995 33281 61 15 23  1  0 2026-07-04 02:00:20
 6  1      0    428     49   2744    0    0     0  4730 18586 33753 60 15 24  2  0 2026-07-04 02:00:22
11  0      0    392     49   2758    0    0     0  4728 19652 36430 58 16 25  1  0 2026-07-04 02:00:24
 9  1      0    373     49   2771    0    0    64  4810 19484 34722 61 15 22  2  0 2026-07-04 02:00:26
 9  1      0    349     49   2782    0    0     0  4866 20193 37130 58 17 25  1  0 2026-07-04 02:00:28
 8  1      0    308     49   2797    0    0     2  6824 21046 39493 58 18 22  2  0 2026-07-04 02:00:30
16  0      0    332     49   2812    0    0     0  5488 21171 43236 56 18 24  2  0 2026-07-04 02:00:32
22  1      0    300     49   2832    0    0    26  7082 22320 45848 54 19 23  4  0 2026-07-04 02:00:34
 9  1      0    262     49   2851    0    0     0  6876 22601 46950 54 20 26  1  0 2026-07-04 02:00:36
10  4      0    252     49   2861    0    0   644 17380 22841 50547 52 19 13 15  0 2026-07-04 02:00:38
 8  3      0    236     49   2867    0    0   346 33246 25229 54610 52 19 14 16  0 2026-07-04 02:00:40
 9  1      0    204     50   2877    0    0   936  6288 22426 44865 58 18 13 11  0 2026-07-04 02:00:42
 9  2      0    190     50   2895    0    0   146  6362 22638 49868 55 19 18  9  0 2026-07-04 02:00:44
 7  3      0    192     50   2904    0    0   464  6536 23572 50623 56 20 16  9  0 2026-07-04 02:00:46
10  2      0    202     50   2911    0    0     8  7202 23238 51972 53 20 24  3  0 2026-07-04 02:00:48
12  0      0    185     49   2907    0    0    16  6580 24647 56515 52 21 18  8  0 2026-07-04 02:00:50
 5  3      0    206     49   2913    0    0    30  8040 23355 52090 53 21 24  2  0 2026-07-04 02:00:52
procs -----------메모리---------- ---스왑-- ---입출력-- -시스템-- ------CPU----- -----타임스탬프----
 r  b 스왑 가용 버퍼 캐시  입  출   입   출   in   cs us sy id wa st                      KST
 8  2      0    188     49   2920    0    0    46  7020 24576 57977 51 21 19  9  0 2026-07-04 02:00:54
11  4      0    199     49   2908    0    0    44  7498 24631 59916 50 22 21  7  0 2026-07-04 02:00:56
 7  0      0    199     49   2916    0    0     6  7976 23894 54714 52 21 24  4  0 2026-07-04 02:00:58
 8  2      0    188     49   2902    0    0   106  6450 24930 54871 53 21 19  7  0 2026-07-04 02:01:00
 9  3      0    205     49   2905    0    0   112  6132 22843 51836 50 20 17 12  0 2026-07-04 02:01:02
10  1      0    185     49   2924    0    0    32  8460 23926 54280 52 21 26  2  0 2026-07-04 02:01:04
12  2      0    204     49   2898    0    0    20  6616 24713 59397 50 22 17 11  0 2026-07-04 02:01:06
11  0      0    199     49   2911    0    0   244  7386 24139 54462 51 21 23  4  0 2026-07-04 02:01:08
24  1      0    186     49   2913    0    0    62  8428 25137 61201 49 23 17 11  0 2026-07-04 02:01:10
11  4      0    194     49   2909    0    0    46 32608 25405 64392 49 22 18 12  0 2026-07-04 02:01:12
13  2      0    187     49   2914    0    0     8 25968 26093 67573 49 20 14 17  0 2026-07-04 02:01:14
11  2      0    191     49   2914    0    0     2  6866 24613 58083 52 20 17 10  0 2026-07-04 02:01:16
10  0      0    188     49   2912    0    0     6  6794 24074 55302 51 22 20  8  0 2026-07-04 02:01:18
 6  3      0    196     49   2912    0    0    36  7312 24716 58313 52 21 18  9  0 2026-07-04 02:01:20
 8  1      0    196     48   2893    0    0   108 10206 25651 64949 51 20 19 10  0 2026-07-04 02:01:22
 7  1      0    198     48   2891    0    0     0 19408 25226 59277 49 21 20 10  0 2026-07-04 02:01:24
 7  2      0    209     48   2888    0    0     4 10872 25150 62049 51 21 23  5  0 2026-07-04 02:01:26
 7  2      0    204     48   2896    0    0     0 10728 24547 57990 50 22 25  3  0 2026-07-04 02:01:28
 7  3      0    195     48   2902    0    0     2  7852 24888 61045 49 21 17 12  0 2026-07-04 02:01:30
 7  0      0    189     48   2898    0    0    10  7614 24887 58016 52 20 21  6  0 2026-07-04 02:01:32
 8  1      0    198     48   2905    0    0    22 11752 24315 55401 52 22 20  6  0 2026-07-04 02:01:34
procs -----------메모리---------- ---스왑-- ---입출력-- -시스템-- ------CPU----- -----타임스탬프----
 r  b 스왑 가용 버퍼 캐시  입  출   입   출   in   cs us sy id wa st                      KST
10  1      0    192     47   2899    0    0   152 12132 24055 55742 51 22 26  2  0 2026-07-04 02:01:36
 4  1      0    190     47   2898    0    0    14  7686 25491 63466 51 21 18 10  0 2026-07-04 02:01:38
10  1      0    187     47   2900    0    0    24  9928 24919 58885 50 22 26  2  0 2026-07-04 02:01:40
 5  3      0    197     47   2904    0    0     4  8700 24982 57524 50 22 18 10  0 2026-07-04 02:01:42
 6  2      0    186     47   2908    0    0     4 12606 24443 59396 50 21 23  5  0 2026-07-04 02:01:44
 8  7      0    184     47   2913    0    0     0 31550 25375 67167 46 21 15 18  0 2026-07-04 02:01:46
16  1      0    186     47   2908    0    0     2 25412 25914 65501 49 21 18 12  0 2026-07-04 02:01:48
12  1      0    186     47   2909    0    0    80 10740 24569 59292 51 21 23  6  0 2026-07-04 02:01:50
13  2      0    196     47   2902    0    0    22  9500 25529 60439 51 22 21  7  0 2026-07-04 02:01:52
 4  2      0    190     47   2905    0    0     6  8530 24852 60926 49 21 17 12  0 2026-07-04 02:01:54
 9  0      0    194     47   2900    0    0    12  8966 24397 57873 50 20 24  6  0 2026-07-04 02:01:56
 9  1      0    197     47   2902    0    0    28  9488 24841 60531 49 21 19 10  0 2026-07-04 02:01:58
10  0      0    184     47   2905    0    0     0  7896 25255 61719 51 21 18 10  0 2026-07-04 02:02:00
15  0      0    201     47   2884    0    0     0  9812 24562 54929 51 21 24  4  0 2026-07-04 02:02:02
 9  1      0    206     47   2902    0    0    38 10060 24429 56764 49 22 21  8  0 2026-07-04 02:02:04
 7  2      0    225     47   2899    0    0     0  9500 24577 59841 50 22 24  4  0 2026-07-04 02:02:06
 7  0      0    198     47   2916    0    0    24 10644 24662 61036 50 21 23  6  0 2026-07-04 02:02:08
12  2      0    190     47   2904    0    0    20  8958 25079 60928 50 22 19  9  0 2026-07-04 02:02:10
11  1      0    200     46   2890    0    0     4  8064 25292 60125 51 21 18 10  0 2026-07-04 02:02:12
15  1      0    196     46   2895    0    0     0  8798 25018 59867 52 21 17 10  0 2026-07-04 02:02:14
 6  2      0    188     47   2901    0    0     0  9190 24559 59045 52 21 18  9  0 2026-07-04 02:02:16
procs -----------메모리---------- ---스왑-- ---입출력-- -시스템-- ------CPU----- -----타임스탬프----
 r  b 스왑 가용 버퍼 캐시  입  출   입   출   in   cs us sy id wa st                      KST
10  0      0    215     46   2897    0    0     4  8910 24843 59793 50 22 20  9  0 2026-07-04 02:02:18
 8  4      0    207     46   2893    0    0    30 33414 24297 60077 48 20 18 14  0 2026-07-04 02:02:20
14  3      0    212     46   2883    0    0   316 24254 25646 61982 50 21 13 15  0 2026-07-04 02:02:22
 4  2      0    193     46   2891    0    0    12  9152 25014 58691 52 21 17 11  0 2026-07-04 02:02:24
16  2      0    198     46   2900    0    0     2  8718 24935 59403 52 20 22  7  0 2026-07-04 02:02:26
 6  3      0    197     46   2900    0    0   254  9074 24993 59021 50 22 16 12  0 2026-07-04 02:02:28
19  1      0    196     46   2892    0    0   334  8282 25209 60157 50 22 18 10  0 2026-07-04 02:02:30
 6  2      0    197     46   2890    0    0   290 10708 24284 55188 54 20 20  7  0 2026-07-04 02:02:32
13  2      0    188     46   2903    0    0   198  7120 24813 59448 50 21 15 14  0 2026-07-04 02:02:34
 9  2      0    199     46   2890    0    0   102  8308 24573 59538 50 21 15 13  0 2026-07-04 02:02:36
 6  3      0    185     46   2905    0    0   278  7880 25374 62206 50 20 15 15  0 2026-07-04 02:02:38
 5  2      0    193     46   2911    0    0     2  7140 25547 65672 49 21 17 13  0 2026-07-04 02:02:40
 6  5      0    200     46   2890    0    0    48 13446 25371 62290 49 21 15 14  0 2026-07-04 02:02:42
 6  3      0    200     46   2894    0    0     0 25066 28067 75049 48 20 13 18  0 2026-07-04 02:02:44
12  2      0    190     46   2900    0    0     0  9324 25468 63015 51 21 13 15  0 2026-07-04 02:02:46
 5  1      0    186     46   2900    0    0   128  9108 24526 58602 49 23 23  6  0 2026-07-04 02:02:48
14  2      0    184     46   2900    0    0    72  8440 24497 60768 50 20 17 13  0 2026-07-04 02:02:50
 6  2      0    192     46   2899    0    0     6 13910 24108 60324 46 19 14 21  0 2026-07-04 02:02:52
 7  3      0    191     46   2898    0    0     0 11050 26284 66309 49 22 16 14  0 2026-07-04 02:02:54
 9  5      0    193     46   2903    0    0     0 10560 24888 59218 50 21 16 13  0 2026-07-04 02:02:56
19  2      0    186     46   2908    0    0    44  6028 25241 60894 52 21 16 11  0 2026-07-04 02:02:58
procs -----------메모리---------- ---스왑-- ---입출력-- -시스템-- ------CPU----- -----타임스탬프----
 r  b 스왑 가용 버퍼 캐시  입  출   입   출   in   cs us sy id wa st                      KST
11  3      0    196     46   2905    0    0    22  7052 24369 56061 52 22 15 11  0 2026-07-04 02:03:00
12  2      0    188     46   2902    0    0     0  5910 25603 61571 51 21 19  9  0 2026-07-04 02:03:02
 9  2      0    189     46   2906    0    0    32 14398 24202 57849 50 21 21  7  0 2026-07-04 02:03:04
 9  2      0    193     46   2898    0    0     0 17624 23951 58417 49 20 17 14  0 2026-07-04 02:03:06
 5  2      0    198     46   2901    0    0     0 13934 25765 65490 48 20 18 13  0 2026-07-04 02:03:08
15  2      0    184     46   2905    0    0     0 13634 25893 63883 49 22 15 14  0 2026-07-04 02:03:10
10  2      0    188     46   2906    0    0    16 14028 24680 57002 50 22 20  8  0 2026-07-04 02:03:12
10  2      0    197     46   2908    0    0    52 11306 24034 57842 50 21 20  9  0 2026-07-04 02:03:14
 5  2      0    222     46   2886    0    0    20  8024 25491 64059 49 21 17 12  0 2026-07-04 02:03:16
11  4      0    205     46   2887    0    0    16  8444 25082 61115 51 21 17 11  0 2026-07-04 02:03:18
 7  2      0    185     46   2893    0    0    14  8766 25145 60574 50 21 19 10  0 2026-07-04 02:03:20
12  4      0    190     45   2883    0    0   154  9428 25730 61207 51 21 17 11  0 2026-07-04 02:03:22
 7  4      0    215     45   2861    0    0    42 21082 25438 61464 51 20 15 14  0 2026-07-04 02:03:24
10  2      0    218     45   2863    0    0    28 24470 26485 68385 48 20 16 15  0 2026-07-04 02:03:26
 4  2      0    206     45   2876    0    0     0  9408 25438 62123 52 21 17  9  0 2026-07-04 02:03:28
10  1      0    202     45   2888    0    0     0  8804 25158 57995 51 22 17  9  0 2026-07-04 02:03:30
16  2      0    194     45   2903    0    0     0 11906 24421 55867 51 22 23  5  0 2026-07-04 02:03:32
 9  5      0    184     45   2886    0    0     8  7554 25706 61783 50 22 16 12  0 2026-07-04 02:03:34
 7  4      0    198     45   2868    0    0    10  7902 24813 60241 52 21 18  9  0 2026-07-04 02:03:36
 9  4      0    195     45   2885    0    0     8  8944 24708 59132 49 21 16 14  0 2026-07-04 02:03:38
10  2      0    201     45   2888    0    0     2  7926 24861 58266 52 20 17 12  0 2026-07-04 02:03:40
procs -----------메모리---------- ---스왑-- ---입출력-- -시스템-- ------CPU----- -----타임스탬프----
 r  b 스왑 가용 버퍼 캐시  입  출   입   출   in   cs us sy id wa st                      KST
 9  3      0    199     45   2883    0    0     6  9988 24322 54017 54 20 18  8  0 2026-07-04 02:03:42
11  0      0    192     45   2889    0    0    22  8830 25057 60243 53 21 16 11  0 2026-07-04 02:03:44
15  2      0    198     45   2891    0    0     2 10888 24799 58309 51 21 19  9  0 2026-07-04 02:03:46
13  2      0    197     45   2895    0    0     4  9168 24275 55615 52 22 16 10  0 2026-07-04 02:03:48
 7  2      0    194     45   2898    0    0     2  9700 25119 59844 53 21 17 10  0 2026-07-04 02:03:50
13  0      0    195     45   2899    0    0     0  8622 25637 60213 51 22 17 10  0 2026-07-04 02:03:52
 5  2      0    195     45   2888    0    0    30  8358 24793 57010 51 20 21  8  0 2026-07-04 02:03:54
13  3      0    185     45   2898    0    0     4  8342 25417 62353 49 22 17 12  0 2026-07-04 02:03:56
13  9      0    192     45   2889    0    0     6 23476 26147 66043 48 21 14 17  0 2026-07-04 02:03:58
 4  5      0    202     45   2877    0    0     8 28728 23373 55427 46 18 18 18  0 2026-07-04 02:04:00
 4  2      0    185     45   2891    0    0    62  9068 25542 64339 50 21 14 15  0 2026-07-04 02:04:02
13  2      0    193     45   2886    0    0     4  7362 25483 61672 52 20 15 13  0 2026-07-04 02:04:04
 5  2      0    203     45   2869    0    0     0  8674 24873 57292 52 21 14 12  0 2026-07-04 02:04:06
 6  2      0    192     45   2879    0    0     0  8162 25462 61797 51 21 18 10  0 2026-07-04 02:04:08
 9  2      0    189     45   2889    0    0    62 10988 24581 57945 52 21 21  6  0 2026-07-04 02:04:10
 8  6      0    186     46   2892    0    0    10  8666 24733 58577 51 21 15 13  0 2026-07-04 02:04:12
10  2      0    198     46   2891    0    0     2  7458 25432 62782 51 20 16 12  0 2026-07-04 02:04:14
 7  2      0    195     46   2902    0    0    24 11166 24607 57539 50 22 22  6  0 2026-07-04 02:04:16
12  2      0    197     46   2903    0    0     0  8356 24775 60779 51 21 17 12  0 2026-07-04 02:04:18
 6  3      0    189     46   2909    0    0     0  9842 24772 59174 50 21 21  7  0 2026-07-04 02:04:20
12  1      0    186     45   2894    0    0    24  8430 25326 58530 49 21 17 13  0 2026-07-04 02:04:22
procs -----------메모리---------- ---스왑-- ---입출력-- -시스템-- ------CPU----- -----타임스탬프----
 r  b 스왑 가용 버퍼 캐시  입  출   입   출   in   cs us sy id wa st                      KST
16  2      0    185     45   2901    0    0    32  8780 24499 58536 52 20 17 10  0 2026-07-04 02:04:24
 8  1      0    193     45   2905    0    0     2  9982 25073 58845 51 22 23  5  0 2026-07-04 02:04:26
13  3      0    203     45   2889    0    0    36  9874 24421 56601 52 21 20  8  0 2026-07-04 02:04:28
 5  2      0    206     45   2891    0    0     4  7638 25312 60829 51 21 15 12  0 2026-07-04 02:04:30
 4  7      0    188     45   2889    0    0   330 13676 26432 70470 49 20 14 16  0 2026-07-04 02:04:32
11  5      0    214     45   2875    0    0    70 26918 25574 66016 51 20  9 20  0 2026-07-04 02:04:34
11  0      0    203     45   2865    0    0   146 15244 23939 54254 53 21 14 12  0 2026-07-04 02:04:36
 6  0      0    192     45   2885    0    0   182  9820 23658 53585 54 21 19  6  0 2026-07-04 02:04:38
11  2      0    204     45   2880    0    0    34 10800 24502 59885 49 23 24  4  0 2026-07-04 02:04:40
23  2      0    190     45   2889    0    0    56 12562 25379 60073 50 22 19  8  0 2026-07-04 02:04:42
16  2      0    196     45   2892    0    0     2  6308 25590 56962 53 20 18  9  0 2026-07-04 02:04:44
 5  3      0    190     45   2897    0    0     6 12090 26101 59517 51 22 17 10  0 2026-07-04 02:04:46
17  1      0    199     45   2912    0    0    40  8368 23697 58707 52 21 21  6  0 2026-07-04 02:04:48
 4  2      0    196     45   2936    0    0    38 16612 19663 80655 39 15 33 13  0 2026-07-04 02:04:50
 1  2      0    192     45   2942    0    0     0 27004 14299 76766 26 12 53 10  0 2026-07-04 02:04:52
 3  3      0    192     45   2934    0    0     6 32728 13942 81038 16  8 47 29  0 2026-07-04 02:04:54
