1783072246 $SYS/broker/publish/messages/dropped 1313134
1783072246 $SYS/broker/clients/total 2
1783072246 $SYS/broker/clients/inactive 0
1783072246 $SYS/broker/clients/disconnected 0
1783072246 $SYS/broker/clients/active 2
1783072246 $SYS/broker/clients/connected 2
1783072246 $SYS/broker/clients/expired 0
1783072246 $SYS/broker/clients/maximum 8307
1783072246 $SYS/broker/messages/stored 51
1783072246 $SYS/broker/messages/received 5079100
1783072246 $SYS/broker/messages/sent 5096549
1783072248 $SYS/broker/clients/total 3
1783072248 $SYS/broker/clients/active 3
1783072248 $SYS/broker/clients/connected 3
1783072248 $SYS/broker/messages/received 5079105
1783072248 $SYS/broker/messages/sent 5096625
1783072259 $SYS/broker/clients/total 3981
1783072259 $SYS/broker/clients/active 3981
1783072259 $SYS/broker/clients/connected 3981
1783072259 $SYS/broker/messages/stored 1087
1783072259 $SYS/broker/messages/received 5121683
1783072259 $SYS/broker/messages/sent 5139286
1783072259 $SYS/broker/publish/messages/dropped 1313242
1783072270 $SYS/broker/clients/total 8866
1783072270 $SYS/broker/clients/maximum 8866
1783072270 $SYS/broker/clients/active 8866
1783072270 $SYS/broker/clients/connected 8866
1783072270 $SYS/broker/messages/stored 1089
1783072270 $SYS/broker/messages/received 5234430
1783072270 $SYS/broker/messages/sent 5252100
1783072270 $SYS/broker/publish/messages/dropped 1351464
1783072281 $SYS/broker/clients/total 10003
1783072281 $SYS/broker/clients/maximum 10003
1783072281 $SYS/broker/clients/active 10003
1783072281 $SYS/broker/clients/connected 10003
1783072281 $SYS/broker/messages/stored 1091
1783072281 $SYS/broker/messages/received 5380460
1783072281 $SYS/broker/messages/sent 5398197
1783072281 $SYS/broker/publish/messages/dropped 1424680
1783072292 $SYS/broker/messages/stored 1089
1783072292 $SYS/broker/messages/received 5526900
1783072292 $SYS/broker/messages/sent 5544696
1783072292 $SYS/broker/publish/messages/dropped 1498244
1783072303 $SYS/broker/messages/stored 1090
1783072303 $SYS/broker/messages/received 5672952
1783072303 $SYS/broker/messages/sent 5690807
1783072303 $SYS/broker/publish/messages/dropped 1572193
1783072314 $SYS/broker/messages/received 5819048
1783072314 $SYS/broker/messages/sent 5836960
1783072314 $SYS/broker/publish/messages/dropped 1646100
1783072325 $SYS/broker/messages/received 5964011
1783072325 $SYS/broker/messages/sent 5982031
1783072325 $SYS/broker/publish/messages/dropped 1721141
1783072336 $SYS/broker/messages/received 6109759
1783072336 $SYS/broker/messages/sent 6127836
1783072336 $SYS/broker/publish/messages/dropped 1795396
1783072347 $SYS/broker/messages/received 6255454
1783072347 $SYS/broker/messages/sent 6273588
1783072347 $SYS/broker/publish/messages/dropped 1869703
1783072358 $SYS/broker/messages/stored 1091
1783072358 $SYS/broker/messages/received 6401334
1783072358 $SYS/broker/messages/sent 6419527
1783072358 $SYS/broker/publish/messages/dropped 1943814
1783072369 $SYS/broker/messages/received 6546170
1783072369 $SYS/broker/messages/sent 6564420
1783072369 $SYS/broker/publish/messages/dropped 2018991
1783072380 $SYS/broker/messages/stored 1089
1783072380 $SYS/broker/messages/received 6692877
1783072380 $SYS/broker/messages/sent 6711186
1783072380 $SYS/broker/publish/messages/dropped 2092272
1783072391 $SYS/broker/messages/received 6838515
1783072391 $SYS/broker/messages/sent 6856881
1783072391 $SYS/broker/publish/messages/dropped 2166638
1783072402 $SYS/broker/messages/stored 1088
1783072402 $SYS/broker/messages/received 6984219
1783072402 $SYS/broker/messages/sent 7002644
1783072402 $SYS/broker/publish/messages/dropped 2240936
1783072413 $SYS/broker/messages/stored 1089
1783072413 $SYS/broker/messages/received 7131164
1783072413 $SYS/broker/messages/sent 7149648
1783072413 $SYS/broker/publish/messages/dropped 2313992
1783072424 $SYS/broker/messages/received 7278164
1783072424 $SYS/broker/messages/sent 7296705
1783072424 $SYS/broker/publish/messages/dropped 2386994
1783072435 $SYS/broker/messages/stored 1088
1783072435 $SYS/broker/messages/received 7424482
1783072435 $SYS/broker/messages/sent 7443082
1783072435 $SYS/broker/publish/messages/dropped 2460680
1783072446 $SYS/broker/clients/total 10004
1783072446 $SYS/broker/clients/maximum 10004
1783072446 $SYS/broker/clients/active 10004
1783072446 $SYS/broker/clients/connected 10004
1783072446 $SYS/broker/messages/stored 1089
1783072446 $SYS/broker/messages/received 7571180
1783072446 $SYS/broker/messages/sent 7589935
1783072446 $SYS/broker/publish/messages/dropped 2533983
1783072457 $SYS/broker/clients/total 10003
1783072457 $SYS/broker/clients/active 10003
1783072457 $SYS/broker/clients/connected 10003
1783072457 $SYS/broker/messages/stored 1087
1783072457 $SYS/broker/messages/received 7716584
1783072457 $SYS/broker/messages/sent 7735412
1783072457 $SYS/broker/publish/messages/dropped 2608584
1783072468 $SYS/broker/messages/stored 1090
1783072468 $SYS/broker/messages/received 7861913
1783072468 $SYS/broker/messages/sent 7880800
1783072468 $SYS/broker/publish/messages/dropped 2683254
1783072479 $SYS/broker/messages/stored 1089
1783072479 $SYS/broker/messages/received 8008220
1783072479 $SYS/broker/messages/sent 8027166
1783072479 $SYS/broker/publish/messages/dropped 2756952
1783072490 $SYS/broker/messages/stored 1088
1783072490 $SYS/broker/messages/received 8153596
1783072490 $SYS/broker/messages/sent 8172601
1783072490 $SYS/broker/publish/messages/dropped 2831578
1783072501 $SYS/broker/messages/stored 1090
1783072501 $SYS/broker/messages/received 8298685
1783072501 $SYS/broker/messages/sent 8317749
1783072501 $SYS/broker/publish/messages/dropped 2906489
1783072512 $SYS/broker/messages/received 8444286
1783072512 $SYS/broker/messages/sent 8463407
1783072512 $SYS/broker/publish/messages/dropped 2980890
1783072523 $SYS/broker/messages/stored 1089
1783072523 $SYS/broker/messages/received 8589548
1783072523 $SYS/broker/messages/sent 8608728
1783072523 $SYS/broker/publish/messages/dropped 3055632
1783072534 $SYS/broker/messages/stored 1090
1783072534 $SYS/broker/messages/received 8735440
1783072534 $SYS/broker/messages/sent 8754679
1783072534 $SYS/broker/publish/messages/dropped 3129741
1783072545 $SYS/broker/messages/received 8880542
1783072545 $SYS/broker/messages/sent 8899838
1783072545 $SYS/broker/publish/messages/dropped 3204633
1783072556 $SYS/broker/messages/stored 1089
1783072556 $SYS/broker/messages/received 9027907
1783072556 $SYS/broker/messages/sent 9047262
1783072556 $SYS/broker/publish/messages/dropped 3279926
1783072567 $SYS/broker/messages/stored 1091
1783072567 $SYS/broker/messages/received 9179094
1783072567 $SYS/broker/messages/sent 9198508
1783072567 $SYS/broker/publish/messages/dropped 3353622
1783072578 $SYS/broker/messages/stored 1090
1783072578 $SYS/broker/messages/received 9325943
1783072578 $SYS/broker/messages/sent 9345467
1783072578 $SYS/broker/publish/messages/dropped 3429240
1783072589 $SYS/broker/messages/received 9473909
1783072589 $SYS/broker/messages/sent 9493490
1783072589 $SYS/broker/publish/messages/dropped 3501276
1783072600 $SYS/broker/messages/stored 1091
1783072600 $SYS/broker/messages/received 9622097
1783072600 $SYS/broker/messages/sent 9641737
1783072600 $SYS/broker/publish/messages/dropped 3573089
1783072611 $SYS/broker/clients/total 3
1783072611 $SYS/broker/clients/active 3
1783072611 $SYS/broker/clients/connected 3
1783072611 $SYS/broker/messages/stored 51
1783072611 $SYS/broker/messages/received 9749945
1783072611 $SYS/broker/messages/sent 9769630
1783072611 $SYS/broker/publish/messages/dropped 3635926
1783072622 $SYS/broker/messages/received 9749947
1783072622 $SYS/broker/messages/sent 9769689
1783072633 $SYS/broker/messages/received 9749950
1783072633 $SYS/broker/messages/sent 9769747
1783072644 $SYS/broker/messages/received 9749952
1783072644 $SYS/broker/messages/sent 9769804
1783072655 $SYS/broker/messages/received 9749954
1783072655 $SYS/broker/messages/sent 9769861
1783072666 $SYS/broker/messages/received 9749956
1783072666 $SYS/broker/messages/sent 9769918
1783072677 $SYS/broker/messages/received 9749960
1783072677 $SYS/broker/messages/sent 9769977
1783072688 $SYS/broker/messages/received 9749962
1783072688 $SYS/broker/messages/sent 9770034
1783072699 $SYS/broker/messages/received 9749965
1783072699 $SYS/broker/messages/sent 9770092
1783072710 $SYS/broker/messages/received 9749969
1783072710 $SYS/broker/messages/sent 9770202
1783072721 $SYS/broker/messages/received 9749971
1783072721 $SYS/broker/messages/sent 9770259
1783072732 $SYS/broker/messages/received 9749975
1783072732 $SYS/broker/messages/sent 9770318
1783072743 $SYS/broker/messages/received 9749977
1783072743 $SYS/broker/messages/sent 9770375
1783072754 $SYS/broker/messages/received 9749980
1783072754 $SYS/broker/messages/sent 9770433
1783072765 $SYS/broker/messages/received 9749982
1783072765 $SYS/broker/messages/sent 9770490
1783072776 $SYS/broker/messages/received 9749984
1783072776 $SYS/broker/messages/sent 9770547
1783072787 $SYS/broker/messages/received 9749987
1783072787 $SYS/broker/messages/sent 9770605
1783072798 $SYS/broker/messages/received 9749990
1783072798 $SYS/broker/messages/sent 9770663
1783072809 $SYS/broker/messages/received 9749992
1783072809 $SYS/broker/messages/sent 9770720
1783072820 $SYS/broker/messages/received 9749995
1783072820 $SYS/broker/messages/sent 9770778
1783072831 $SYS/broker/messages/received 9749999
1783072831 $SYS/broker/messages/sent 9770888
1783072842 $SYS/broker/messages/received 9750001
1783072842 $SYS/broker/messages/sent 9770945
1783072853 $SYS/broker/messages/received 9750005
1783072853 $SYS/broker/messages/sent 9771004
1783072864 $SYS/broker/messages/received 9750010
1783072864 $SYS/broker/messages/sent 9771064
1783072875 $SYS/broker/messages/received 9750013
1783072875 $SYS/broker/messages/sent 9771122
1783072886 $SYS/broker/messages/received 9750015
1783072886 $SYS/broker/messages/sent 9771179
1783072897 $SYS/broker/messages/received 9750017
1783072897 $SYS/broker/messages/sent 9771236
1783072908 $SYS/broker/messages/received 9750020
1783072908 $SYS/broker/messages/sent 9771294
1783072919 $SYS/broker/messages/received 9750026
1783072919 $SYS/broker/messages/sent 9771356
1783072930 $SYS/broker/messages/received 9750028
1783072930 $SYS/broker/messages/sent 9771413
1783072941 $SYS/broker/messages/received 9750031
1783072941 $SYS/broker/messages/sent 9771471
1783072952 $SYS/broker/messages/received 9750035
1783072952 $SYS/broker/messages/sent 9771581
1783072963 $SYS/broker/messages/received 9750037
1783072963 $SYS/broker/messages/sent 9771638
1783072974 $SYS/broker/messages/received 9750041
1783072974 $SYS/broker/messages/sent 9771697
1783072985 $SYS/broker/messages/received 9750043
1783072985 $SYS/broker/messages/sent 9771754
1783072996 $SYS/broker/messages/received 9750046
1783072996 $SYS/broker/messages/sent 9771812
1783073007 $SYS/broker/messages/received 9750048
1783073007 $SYS/broker/messages/sent 9771869
1783073018 $SYS/broker/messages/received 9750050
1783073018 $SYS/broker/messages/sent 9771926
1783073029 $SYS/broker/messages/received 9750053
1783073029 $SYS/broker/messages/sent 9771984
1783073040 $SYS/broker/messages/received 9750056
1783073040 $SYS/broker/messages/sent 9772042
1783073051 $SYS/broker/messages/received 9750058
1783073051 $SYS/broker/messages/sent 9772099
1783073062 $SYS/broker/messages/received 9750061
1783073062 $SYS/broker/messages/sent 9772157
1783073073 $SYS/broker/messages/received 9750063
1783073073 $SYS/broker/messages/sent 9772214
1783073084 $SYS/broker/messages/received 9750067
1783073084 $SYS/broker/messages/sent 9772324
1783073095 $SYS/broker/messages/received 9750071
1783073095 $SYS/broker/messages/sent 9772383
1783073106 $SYS/broker/messages/received 9750073
1783073106 $SYS/broker/messages/sent 9772440
1783073117 $SYS/broker/messages/received 9750076
1783073117 $SYS/broker/messages/sent 9772498
1783073128 $SYS/broker/messages/received 9750078
1783073128 $SYS/broker/messages/sent 9772555
1783073139 $SYS/broker/messages/received 9750080
1783073139 $SYS/broker/messages/sent 9772612
1783073150 $SYS/broker/messages/received 9750084
1783073150 $SYS/broker/messages/sent 9772671
1783073161 $SYS/broker/messages/received 9750086
1783073161 $SYS/broker/messages/sent 9772728
1783073172 $SYS/broker/messages/received 9750088
1783073172 $SYS/broker/messages/sent 9772785
1783073183 $SYS/broker/messages/received 9750091
1783073183 $SYS/broker/messages/sent 9772843
1783073194 $SYS/broker/messages/received 9750093
1783073194 $SYS/broker/messages/sent 9772900
1783073205 $SYS/broker/messages/received 9750097
1783073205 $SYS/broker/messages/sent 9773010
1783073216 $SYS/broker/messages/received 9750101
1783073216 $SYS/broker/messages/sent 9773069
1783073227 $SYS/broker/messages/received 9750103
1783073227 $SYS/broker/messages/sent 9773126
1783073238 $SYS/broker/messages/received 9750106
1783073238 $SYS/broker/messages/sent 9773184
1783073249 $SYS/broker/messages/received 9750108
1783073249 $SYS/broker/messages/sent 9773241
1783073260 $SYS/broker/messages/received 9750110
1783073260 $SYS/broker/messages/sent 9773298
1783073271 $SYS/broker/messages/received 9750114
1783073271 $SYS/broker/messages/sent 9773357
1783073282 $SYS/broker/messages/received 9750116
1783073282 $SYS/broker/messages/sent 9773414
1783073293 $SYS/broker/messages/received 9750119
1783073293 $SYS/broker/messages/sent 9773472
1783073304 $SYS/broker/messages/received 9750121
1783073304 $SYS/broker/messages/sent 9773529
1783073315 $SYS/broker/messages/received 9750123
1783073315 $SYS/broker/messages/sent 9773586
1783073326 $SYS/broker/messages/received 9750125
1783073326 $SYS/broker/messages/sent 9773643
1783073337 $SYS/broker/messages/received 9750131
1783073337 $SYS/broker/messages/sent 9773755
1783073348 $SYS/broker/messages/received 9750133
1783073348 $SYS/broker/messages/sent 9773812
1783073359 $SYS/broker/messages/received 9750136
1783073359 $SYS/broker/messages/sent 9773870
1783073370 $SYS/broker/messages/received 9750138
1783073370 $SYS/broker/messages/sent 9773927
1783073381 $SYS/broker/messages/received 9750140
1783073381 $SYS/broker/messages/sent 9773984
1783073392 $SYS/broker/messages/received 9750144
1783073392 $SYS/broker/messages/sent 9774043
1783073403 $SYS/broker/messages/received 9750146
1783073403 $SYS/broker/messages/sent 9774100
1783073414 $SYS/broker/messages/received 9750149
1783073414 $SYS/broker/messages/sent 9774158
1783073425 $SYS/broker/messages/received 9750151
1783073425 $SYS/broker/messages/sent 9774215
1783073436 $SYS/broker/messages/received 9750153
1783073436 $SYS/broker/messages/sent 9774272
1783073447 $SYS/broker/messages/received 9750156
1783073447 $SYS/broker/messages/sent 9774330
1783073458 $SYS/broker/messages/received 9750161
1783073458 $SYS/broker/messages/sent 9774441
1783073469 $SYS/broker/messages/received 9750163
1783073469 $SYS/broker/messages/sent 9774498
1783073480 $SYS/broker/messages/received 9750166
1783073480 $SYS/broker/messages/sent 9774556
1783073491 $SYS/broker/messages/received 9750168
1783073491 $SYS/broker/messages/sent 9774613
1783073502 $SYS/broker/messages/received 9750170
1783073502 $SYS/broker/messages/sent 9774670
1783073513 $SYS/broker/messages/received 9750174
1783073513 $SYS/broker/messages/sent 9774729
1783073524 $SYS/broker/messages/received 9750176
1783073524 $SYS/broker/messages/sent 9774786
1783073535 $SYS/broker/messages/received 9750179
1783073535 $SYS/broker/messages/sent 9774844
1783073546 $SYS/broker/messages/received 9750181
1783073546 $SYS/broker/messages/sent 9774901
1783073557 $SYS/broker/messages/received 9750183
1783073557 $SYS/broker/messages/sent 9774958
1783073568 $SYS/broker/messages/received 9750186
1783073568 $SYS/broker/messages/sent 9775016
1783073579 $SYS/broker/messages/received 9750189
1783073579 $SYS/broker/messages/sent 9775074
1783073590 $SYS/broker/messages/received 9750193
1783073590 $SYS/broker/messages/sent 9775184
1783073601 $SYS/broker/messages/received 9750196
1783073601 $SYS/broker/messages/sent 9775242
1783073612 $SYS/broker/messages/received 9750198
1783073612 $SYS/broker/messages/sent 9775299
1783073623 $SYS/broker/messages/received 9750200
1783073623 $SYS/broker/messages/sent 9775356
1783073634 $SYS/broker/messages/received 9750204
1783073634 $SYS/broker/messages/sent 9775415
1783073645 $SYS/broker/messages/received 9750206
1783073645 $SYS/broker/messages/sent 9775472
1783073656 $SYS/broker/messages/received 9750209
1783073656 $SYS/broker/messages/sent 9775530
1783073667 $SYS/broker/messages/received 9750211
1783073667 $SYS/broker/messages/sent 9775587
1783073678 $SYS/broker/messages/received 9750213
1783073678 $SYS/broker/messages/sent 9775644
1783073689 $SYS/broker/messages/received 9750216
1783073689 $SYS/broker/messages/sent 9775702
1783073700 $SYS/broker/messages/received 9750219
1783073700 $SYS/broker/messages/sent 9775760
1783073711 $SYS/broker/messages/received 9750223
1783073711 $SYS/broker/messages/sent 9775870
1783073722 $SYS/broker/messages/received 9750226
1783073722 $SYS/broker/messages/sent 9775928
1783073733 $SYS/broker/messages/received 9750228
1783073733 $SYS/broker/messages/sent 9775985
1783073744 $SYS/broker/messages/received 9750230
1783073744 $SYS/broker/messages/sent 9776042
1783073755 $SYS/broker/messages/received 9750234
1783073755 $SYS/broker/messages/sent 9776101
1783073766 $SYS/broker/messages/received 9750236
1783073766 $SYS/broker/messages/sent 9776158
1783073777 $SYS/broker/messages/received 9750239
1783073777 $SYS/broker/messages/sent 9776216
1783073788 $SYS/broker/messages/received 9750241
1783073788 $SYS/broker/messages/sent 9776273
1783073799 $SYS/broker/messages/received 9750243
1783073799 $SYS/broker/messages/sent 9776330
1783073810 $SYS/broker/messages/received 9750247
1783073810 $SYS/broker/messages/sent 9776389
1783073821 $SYS/broker/messages/received 9750249
1783073821 $SYS/broker/messages/sent 9776446
1783073832 $SYS/broker/messages/received 9750251
1783073832 $SYS/broker/messages/sent 9776503
1783073843 $SYS/broker/messages/received 9750256
1783073843 $SYS/broker/messages/sent 9776614
1783073854 $SYS/broker/messages/received 9750258
1783073854 $SYS/broker/messages/sent 9776671
1783073865 $SYS/broker/messages/received 9750260
1783073865 $SYS/broker/messages/sent 9776728
1783073876 $SYS/broker/messages/received 9750264
1783073876 $SYS/broker/messages/sent 9776787
1783073887 $SYS/broker/messages/received 9750266
1783073887 $SYS/broker/messages/sent 9776844
1783073898 $SYS/broker/messages/received 9750269
1783073898 $SYS/broker/messages/sent 9776902
1783073909 $SYS/broker/messages/received 9750271
1783073909 $SYS/broker/messages/sent 9776959
1783073920 $SYS/broker/clients/total 2
1783073920 $SYS/broker/clients/active 2
1783073920 $SYS/broker/clients/connected 2
1783073920 $SYS/broker/messages/received 9750274
1783073920 $SYS/broker/messages/sent 9777022
1783073931 $SYS/broker/messages/received 9750277
1783073931 $SYS/broker/messages/sent 9777080
1783073942 $SYS/broker/messages/received 9750279
1783073942 $SYS/broker/messages/sent 9777137
1783073953 $SYS/broker/clients/total 3
1783073953 $SYS/broker/clients/active 3
1783073953 $SYS/broker/clients/connected 3
1783073953 $SYS/broker/messages/received 9750284
1783073953 $SYS/broker/messages/sent 9777203
