procs -----------메모리---------- ---스왑-- ---입출력-- -시스템-- ------CPU----- -----타임스탬프----
 r  b 스왑 가용 버퍼 캐시  입  출   입   출   in   cs us sy id wa st                      KST
 3  0      0    270    110   3036    0    0     0     6    0    0  0  0 99  0  0 2026-07-03 18:50:46
 0  0      0    260    110   3036    0    0     0     0 3405 8471  4  2 94  0  0 2026-07-03 18:50:48
 3  1      0    256    110   3036    0    0     0   372 6729 23547  8  6 84  2  0 2026-07-03 18:50:50
 1  1      0    252    110   3038    0    0     0  1392 20383 101511 31 18 45  6  0 2026-07-03 18:50:52
 4  1      0    224    110   3045    0    0     0  2044 23783 114583 40 19 36  5  0 2026-07-03 18:50:54
 6  1      0    224    110   3042    0    0    34  2684 27235 144140 34 20 39  6  0 2026-07-03 18:50:56
 5  1      0    205    110   3048    0    0   106  2830 29800 156914 32 23 39  7  0 2026-07-03 18:50:58
 6  0      0    200    110   3055    0    0     0  3082 32820 164265 32 24 39  5  0 2026-07-03 18:51:00
10  1      0    202    109   3055    0    0     0  3072 33165 160350 33 25 38  5  0 2026-07-03 18:51:02
 4  1      0    193    109   3051    0    0   246  3854 32858 156538 34 24 35  6  0 2026-07-03 18:51:04
11  0      0    202    109   3047    0    0     0  3054 33701 155699 33 25 37  5  0 2026-07-03 18:51:06
 7  1      0    186    109   3056    0    0     4  2904 33857 151284 33 26 37  5  0 2026-07-03 18:51:08
 6  1      0    193    108   3039    0    0   134  2830 33962 146169 33 28 33  6  0 2026-07-03 18:51:10
 5  1      0    184    108   3043    0    0     0  2992 35880 153226 32 28 35  4  0 2026-07-03 18:51:12
 5  1      0    187    108   3033    0    0    18  3084 34367 151657 33 26 37  5  0 2026-07-03 18:51:14
 5  1      0    207    108   3025    0    0     0  3054 33091 146742 36 25 35  4  0 2026-07-03 18:51:16
 3  1      0    196    108   3030    0    0     0  3172 33499 155620 32 26 37  5  0 2026-07-03 18:51:18
 7  1      0    207    107   3020    0    0     0  2970 33169 146730 34 27 35  4  0 2026-07-03 18:51:20
 7  1      0    201    107   3025    0    0     2 21184 33915 162449 31 26 36  7  0 2026-07-03 18:51:22
 4  1      0    210    107   3020    0    0     0  3140 34184 154561 32 27 37  5  0 2026-07-03 18:51:24
 9  1      0    203    107   3020    0    0     6  3034 33247 143924 37 26 33  4  0 2026-07-03 18:51:26
procs -----------메모리---------- ---스왑-- ---입출력-- -시스템-- ------CPU----- -----타임스탬프----
 r  b 스왑 가용 버퍼 캐시  입  출   입   출   in   cs us sy id wa st                      KST
 5  1      0    190    107   3030    0    0     0  3136 33694 158767 31 26 38  5  0 2026-07-03 18:51:28
 7  0      0    186    107   3033    0    0     0  3140 33719 156193 32 26 36  5  0 2026-07-03 18:51:30
 3  1      0    189    106   3033    0    0     0  2950 33322 147820 35 26 35  4  0 2026-07-03 18:51:32
 7  1      0    192    106   3031    0    0     0  3124 33947 154803 32 27 37  4  0 2026-07-03 18:51:34
 5  1      0    196    106   3019    0    0     0  3564 33123 143524 36 26 33  5  0 2026-07-03 18:51:36
 3  1      0    197    106   3024    0    0     2  3020 33633 159616 32 26 37  5  0 2026-07-03 18:51:38
 3  1      0    192    106   3026    0    0     0  3092 33451 154476 32 26 38  5  0 2026-07-03 18:51:40
 5  1      0    192    105   3025    0    0     2  2922 32976 147867 35 26 34  5  0 2026-07-03 18:51:42
15  1      0    193    105   3027    0    0     0  3038 33934 151669 33 27 36  4  0 2026-07-03 18:51:44
10  1      0    187    105   3016    0    0     0  3204 33559 153480 33 28 35  5  0 2026-07-03 18:51:46
 8  1      0    196    105   3020    0    0   105  2988 33135 148014 35 27 34  4  0 2026-07-03 18:51:48
 6  1      0    192    105   3026    0    0     0  2916 34103 158566 30 28 37  5  0 2026-07-03 18:51:50
 4  2      0    204    105   3019    0    0     0 11692 32784 145811 34 27 33  5  0 2026-07-03 18:51:52
 7  1      0    192    105   3026    0    0     2 14790 33503 159154 30 28 36  6  0 2026-07-03 18:51:54
 9  1      0    185    104   3023    0    0     0  3054 33531 147651 33 28 34  5  0 2026-07-03 18:51:56
10  1      0    201    104   3013    0    0     0  2966 32662 143926 35 28 34  4  0 2026-07-03 18:51:58
 5  1      0    197    104   3018    0    0     0  3100 33803 152916 31 29 36  4  0 2026-07-03 18:52:00
 9  1      0    190    104   3026    0    0     0  3072 33886 154363 32 28 36  4  0 2026-07-03 18:52:02
 3  1      0    194    104   3020    0    0     0  2850 32797 143493 33 30 34  4  0 2026-07-03 18:52:04
 5  1      0    194    104   3023    0    0     0  3188 33328 152070 33 27 36  5  0 2026-07-03 18:52:06
10  1      0    200    103   3006    0    0    56  2900 32617 141825 36 27 33  4  0 2026-07-03 18:52:08
procs -----------메모리---------- ---스왑-- ---입출력-- -시스템-- ------CPU----- -----타임스탬프----
 r  b 스왑 가용 버퍼 캐시  입  출   입   출   in   cs us sy id wa st                      KST
 6  1      0    200    103   3015    0    0     0  3156 33893 154466 32 28 35  5  0 2026-07-03 18:52:10
 7  1      0    195    103   3021    0    0     0  3056 33724 152604 33 26 36  4  0 2026-07-03 18:52:12
 7  1      0    191    103   3020    0    0     4  2914 33015 146490 33 28 34  4  0 2026-07-03 18:52:14
 9  1      0    189    103   3025    0    0    54  3082 33495 154455 31 28 35  5  0 2026-07-03 18:52:16
 7  1      0    195    103   3020    0    0     0  3056 33347 148243 33 28 35  4  0 2026-07-03 18:52:18
 7  1      0    197    103   3018    0    0     0  2950 32800 142214 35 28 34  4  0 2026-07-03 18:52:20
 4  1      0    197    103   3018    0    0     0  3072 33350 154252 31 28 36  5  0 2026-07-03 18:52:22
 8  2      0    202    103   3009    0    0     6 17368 33494 155054 31 28 34  6  0 2026-07-03 18:52:24
 7  1      0    199    103   3014    0    0     6  9062 33078 151657 32 28 35  5  0 2026-07-03 18:52:26
11  1      0    193    102   3009    0    0     0  3092 33167 147630 32 29 35  4  0 2026-07-03 18:52:28
 5  1      0    197    102   3015    0    0     0  2960 32760 146031 34 28 34  4  0 2026-07-03 18:52:30
 5  1      0    201    102   3018    0    0    34  3076 33337 153617 31 29 36  4  0 2026-07-03 18:52:32
 5  1      0    189    102   3023    0    0     0  2980 33366 153491 31 29 36  5  0 2026-07-03 18:52:34
 4  2      0    195    102   3016    0    0    38  5766 33388 146241 35 27 32  5  0 2026-07-03 18:52:36
 9  1      0    193    102   3018    0    0     2  9964 33151 161820 31 27 37  5  0 2026-07-03 18:52:38
 5  1      0    188    102   3018    0    0     0  4550 33531 151554 30 29 37  4  0 2026-07-03 18:52:40
 8  1      0    192    102   3013    0    0     0  4198 32532 143944 34 26 35  4  0 2026-07-03 18:52:42
 4  1      0    197    102   3013    0    0     0  4404 33601 153774 32 28 36  4  0 2026-07-03 18:52:44
 2  2      0    216    102   2995    0    0     8  4060 32342 141438 33 28 34  5  0 2026-07-03 18:52:46
 9  2      0    202    102   3000    0    0    16  4494 33062 148090 33 27 35  5  0 2026-07-03 18:52:48
 5  1      0    195    102   3005    0    0     2  4652 33417 157539 31 27 38  5  0 2026-07-03 18:52:50
procs -----------메모리---------- ---스왑-- ---입출력-- -시스템-- ------CPU----- -----타임스탬프----
 r  b 스왑 가용 버퍼 캐시  입  출   입   출   in   cs us sy id wa st                      KST
 7  1      0    201    101   3005    0    0    44  4208 32866 146045 33 28 35  4  0 2026-07-03 18:52:52
 4  1      0    190    101   3014    0    0     0  4544 33881 154422 32 27 37  5  0 2026-07-03 18:52:54
 8  2      0    191    101   3014    0    0     2 24534 33860 162271 30 26 35  8  0 2026-07-03 18:52:56
 4  1      0    188    101   3018    0    0    76  4350 32544 147140 33 27 36  5  0 2026-07-03 18:52:58
 4  1      0    194    101   3015    0    0    64  4536 33158 155380 30 27 38  5  0 2026-07-03 18:53:00
11  1      0    197    100   3005    0    0     0  4268 32042 142602 36 25 34  5  0 2026-07-03 18:53:02
 4  1      0    199    100   3006    0    0     0  4484 33407 151569 31 28 37  5  0 2026-07-03 18:53:04
10  0      0    192    100   3012    0    0     0  4382 33342 150194 32 26 37  4  0 2026-07-03 18:53:06
 9  1      0    198    100   3007    0    0     0  4486 32538 146326 33 27 35  4  0 2026-07-03 18:53:08
 6  1      0    192    100   2992    0    0     0  4712 33195 155856 30 27 38  5  0 2026-07-03 18:53:10
 2  1      0    233    100   2979    0    0     0  4520 33209 150910 32 27 36  5  0 2026-07-03 18:53:12
 8  1      0    215    100   2988    0    0     0  4152 32590 142108 35 27 34  4  0 2026-07-03 18:53:14
 5  1      0    201    100   2998    0    0    16  4348 33615 151813 30 28 37  5  0 2026-07-03 18:53:16
10  1      0    197     99   2999    0    0    28  4442 33041 150865 32 26 37  5  0 2026-07-03 18:53:18
 7  1      0    208     99   3001    0    0     0  4294 32714 149589 35 25 36  4  0 2026-07-03 18:53:20
 4  1      0    196     99   3006    0    0     0  4552 33747 153638 32 26 38  4  0 2026-07-03 18:53:22
 4  1      0    207     99   2998    0    0     0  4288 32378 143645 36 25 35  4  0 2026-07-03 18:53:24
 3  1      0    190     99   3003    0    0     6  4412 33582 151293 33 25 38  4  0 2026-07-03 18:53:26
11  1      0    206     98   2998    0    0     0 25486 33646 165328 31 23 37  9  0 2026-07-03 18:53:28
10  1      0    199     97   2998    0    0     0  4308 32229 144024 35 25 36  4  0 2026-07-03 18:53:30
 8  2      0    198     97   3007    0    0    26  3960 33189 157016 34 23 38  5  0 2026-07-03 18:53:32
procs -----------메모리---------- ---스왑-- ---입출력-- -시스템-- ------CPU----- -----타임스탬프----
 r  b 스왑 가용 버퍼 캐시  입  출   입   출   in   cs us sy id wa st                      KST
 4  1      0    194     97   3015    0    0   334  5032 33554 154849 33 24 37  7  0 2026-07-03 18:53:34
 7  1      0    204     97   3010    0    0   390  4174 32905 147964 33 25 34  7  0 2026-07-03 18:53:36
 8  2      0    195     97   3021    0    0   210  4650 33729 161389 29 25 39  6  0 2026-07-03 18:53:38
 3  1      0    198     96   3000    0    0   324  4232 32586 149018 34 24 35  7  0 2026-07-03 18:53:40
 5  1      0    191     96   3006    0    0     8  4420 33769 158287 32 23 40  5  0 2026-07-03 18:53:42
 6  1      0    194     96   3010    0    0     0  4416 33476 155323 33 23 39  5  0 2026-07-03 18:53:44
 4  1      0    213     96   2998    0    0    98  4196 32256 144584 37 23 36  5  0 2026-07-03 18:53:46
 5  1      0    200     96   3008    0    0     0  4414 33108 154003 31 25 40  5  0 2026-07-03 18:53:48
 9  0      0    193     96   3010    0    0    70  4728 33133 156330 32 24 39  5  0 2026-07-03 18:53:50
12  1      0    190     96   3011    0    0   332  4256 33001 144913 36 25 34  6  0 2026-07-03 18:53:52
 2  1      0    199     96   3011    0    0     2  4376 34184 151316 33 24 38  5  0 2026-07-03 18:53:54
 9  0      0    189     96   3021    0    0    46  4364 33075 151989 33 24 38  5  0 2026-07-03 18:53:56
 5  1      0    191     95   3008    0    0   162  4106 32358 142625 34 25 34  6  0 2026-07-03 18:53:58
 7  1      0    191     95   3017    0    0    44 25704 33482 165102 30 24 38  8  0 2026-07-03 18:54:00
 5  2      0    194     95   3010    0    0   142  4572 33614 157145 31 25 37  7  0 2026-07-03 18:54:02
 5  1      0    193     95   3017    0    0    38  4044 33277 143219 34 26 35  5  0 2026-07-03 18:54:04
 6  1      0    201     95   3017    0    0    52  4388 33454 154103 31 24 39  5  0 2026-07-03 18:54:06
 9  1      0    197     95   3014    0    0   122  4428 32540 150659 33 25 36  5  0 2026-07-03 18:54:08
 6  1      0    200     94   3008    0    0     8  4404 33168 152805 33 24 38  5  0 2026-07-03 18:54:10
 4  1      0    201     94   3004    0    0     0  4356 33144 144543 35 25 36  4  0 2026-07-03 18:54:12
 8  1      0    195     94   3009    0    0   138  4064 32953 143322 35 25 35  5  0 2026-07-03 18:54:14
procs -----------메모리---------- ---스왑-- ---입출력-- -시스템-- ------CPU----- -----타임스탬프----
 r  b 스왑 가용 버퍼 캐시  입  출   입   출   in   cs us sy id wa st                      KST
 6  1      0    200     94   3011    0    0     4  4334 33327 151756 33 25 38  5  0 2026-07-03 18:54:16
 7  1      0    201     94   3013    0    0     0  4462 33424 152608 32 25 38  5  0 2026-07-03 18:54:18
11  0      0    202     93   2999    0    0   164  4212 32676 142177 35 24 36  5  0 2026-07-03 18:54:20
 9  1      0    196     93   3008    0    0    36  4414 33657 152987 33 24 38  5  0 2026-07-03 18:54:22
 4  1      0    199     93   3013    0    0     0  4382 33490 151635 32 25 38  4  0 2026-07-03 18:54:24
 4  1      0    221     93   2996    0    0   166  4020 32047 144223 35 25 34  5  0 2026-07-03 18:54:26
12  1      0    199     93   3004    0    0     0  4540 33740 154129 32 26 37  4  0 2026-07-03 18:54:28
 7  2      0    205     93   3009    0    0   164  4704 33616 155092 32 25 37  5  0 2026-07-03 18:54:30
11  1      0    193     93   3006    0    0    56 25170 32959 152919 34 24 32 10  0 2026-07-03 18:54:32
 4  1      0    207     92   3004    0    0     0  4408 33809 151163 32 26 38  5  0 2026-07-03 18:54:34
14  0      0    204     92   3009    0    0    32  4132 32695 142709 34 27 35  4  0 2026-07-03 18:54:36
 3  1      0    190     92   3018    0    0    14  4546 33244 153191 33 25 37  5  0 2026-07-03 18:54:38
 7  1      0    184     92   3019    0    0     0  4336 33414 150960 32 26 38  5  0 2026-07-03 18:54:40
 4  1      0    205     92   3005    0    0    32  3836 32504 141892 36 25 34  5  0 2026-07-03 18:54:42
 6  1      0    197     92   3011    0    0     0  4788 33616 152562 33 26 37  4  0 2026-07-03 18:54:44
 7  1      0    198     92   3017    0    0     6  4392 33248 151645 33 26 37  5  0 2026-07-03 18:54:46
 5  1      0    192     92   3015    0    0     6  4224 32722 147197 34 27 35  4  0 2026-07-03 18:54:48
 3  1      0    192     92   3025    0    0     0  4580 33522 152637 32 27 36  4  0 2026-07-03 18:54:50
 7  1      0    185     91   3026    0    0     0  4486 33411 153848 31 27 37  5  0 2026-07-03 18:54:52
 6  1      0    189     91   3021    0    0    48  4024 32975 141835 35 26 34  5  0 2026-07-03 18:54:54
 8  1      0    196     91   3022    0    0     4  4376 33452 151121 31 27 37  5  0 2026-07-03 18:54:56
procs -----------메모리---------- ---스왑-- ---입출력-- -시스템-- ------CPU----- -----타임스탬프----
 r  b 스왑 가용 버퍼 캐시  입  출   입   출   in   cs us sy id wa st                      KST
 6  1      0    200     91   3018    0    0     2  4100 32721 142021 35 26 34  5  0 2026-07-03 18:54:58
 6  1      0    187     91   3022    0    0     0  4398 32840 152338 31 27 37  5  0 2026-07-03 18:55:00
 5  3      0    195     90   3017    0    0    72  8304 33053 155503 33 25 36  6  0 2026-07-03 18:55:02
 7  1      0    200     90   3013    0    0    32 18768 32165 145247 36 24 33  7  0 2026-07-03 18:55:04
 6  0      0    184     90   3017    0    0     0  4662 33579 155593 32 26 38  5  0 2026-07-03 18:55:06
 7  1      0    191     89   3019    0    0     2  4214 33122 148640 32 27 36  4  0 2026-07-03 18:55:08
 4  2      0    192     89   3019    0    0   150  4380 32395 137072 36 26 33  5  0 2026-07-03 18:55:10
 3  1      0    197     89   3024    0    0     2  4228 33581 149662 34 25 35  6  0 2026-07-03 18:55:12
10  1      0    206     89   3028    0    0     2  4562 33299 152140 31 27 37  5  0 2026-07-03 18:55:14
 6  1      0    188     89   3033    0    0     0  4102 32124 147146 34 27 36  4  0 2026-07-03 18:55:16
 6  1      0    195     89   3030    0    0    42  4442 34056 155520 33 26 35  6  0 2026-07-03 18:55:18
 6  1      0    193     88   3017    0    0     2  3996 31962 143093 34 28 34  4  0 2026-07-03 18:55:20
 5  0      0    198     88   3022    0    0     4  4338 32571 145443 34 27 34  5  0 2026-07-03 18:55:22
 7  1      0    190     88   3030    0    0     0  4480 33277 154274 32 27 36  4  0 2026-07-03 18:55:24
 3  2      0    193     88   3029    0    0   642  4000 31729 141792 36 26 33  5  0 2026-07-03 18:55:26
 7  1      0    185     88   3031    0    0   606  4402 33280 158641 32 26 34  8  0 2026-07-03 18:55:28
 7  1      0    194     87   3028    0    0     0  4702 32794 153895 31 28 36  5  0 2026-07-03 18:55:30
 4  1      0    189     87   3026    0    0    60  3840 31861 137671 36 27 32  5  0 2026-07-03 18:55:32
 7  3      0    199     86   3018    0    0    98 14226 33758 159425 30 27 35  7  0 2026-07-03 18:55:34
 7  1      0    188     86   3026    0    0   250 16910 32873 158078 32 26 35  7  0 2026-07-03 18:55:36
11  1      0    199     86   3022    0    0    10  4070 32729 133234 35 28 33  4  0 2026-07-03 18:55:38
procs -----------메모리---------- ---스왑-- ---입출력-- -시스템-- ------CPU----- -----타임스탬프----
 r  b 스왑 가용 버퍼 캐시  입  출   입   출   in   cs us sy id wa st                      KST
 6  1      0    190     86   3023    0    0     0  4540 32956 152930 30 29 37  4  0 2026-07-03 18:55:40
 6  1      0    199     86   3020    0    0   200  3942 31807 135379 36 27 33  4  0 2026-07-03 18:55:42
 3  1      0    192     86   3029    0    0     0  4392 33230 154368 31 26 38  5  0 2026-07-03 18:55:44
 3  1      0    189     86   3031    0    0     0  4540 33073 157082 31 26 38  5  0 2026-07-03 18:55:46
 7  1      0    190     85   3025    0    0   142  3748 31132 130542 36 26 34  4  0 2026-07-03 18:55:48
 4  1      0    204     85   3023    0    0     0  4590 33168 150352 32 26 37  5  0 2026-07-03 18:55:50
 4  1      0    191     85   3029    0    0     0  4356 32928 147562 34 24 37  4  0 2026-07-03 18:55:52
 5  1      0    196     85   3018    0    0     6  4068 33175 138536 36 25 35  5  0 2026-07-03 18:55:54
 4  2      0    194     85   3020    0    0     8 11896 33871 160293 31 23 38  8  0 2026-07-03 18:55:56
 5  2      0    196     85   3029    0    0     4  9076 33392 154862 33 23 32 12  0 2026-07-03 18:55:58
 2  2      0    202     85   3024    0    0     0  3158 32936 155649 33 24 31 11  0 2026-07-03 18:56:00
 4  1      0    199     85   3025    0    0     0  2992 33068 142785 33 26 37  4  0 2026-07-03 18:56:02
 8  1      0    200     84   3018    0    0     2  2770 32314 142217 35 25 36  4  0 2026-07-03 18:56:04
10  1      0    187     84   3027    0    0     2  9354 33429 156158 32 24 37  7  0 2026-07-03 18:56:06
 4  1      0    184     84   3030    0    0     6  2888 34047 145607 34 25 37  5  0 2026-07-03 18:56:08
 4  2      0    198     84   3026    0    0    88  2652 32552 139222 35 25 35  5  0 2026-07-03 18:56:10
 7  1      0    196     84   3023    0    0    14  2920 32758 142669 35 26 35  5  0 2026-07-03 18:56:12
 8  1      0    202     84   3023    0    0     0  2952 33238 154939 31 27 38  5  0 2026-07-03 18:56:14
 3  1      0    197     83   3027    0    0     6  2770 32401 144843 36 25 35  5  0 2026-07-03 18:56:16
 4  2      0    196     83   3022    0    0   830  2708 33732 153232 32 26 33  9  0 2026-07-03 18:56:18
 7  3      0    189     83   3024    0    0   312  6878 32837 159462 34 25 27 14  0 2026-07-03 18:56:20
procs -----------메모리---------- ---스왑-- ---입출력-- -시스템-- ------CPU----- -----타임스탬프----
 r  b 스왑 가용 버퍼 캐시  입  출   입   출   in   cs us sy id wa st                      KST
 4  2      0    195     83   3020    0    0   792  7688 32832 154136 33 25 29 13  0 2026-07-03 18:56:22
 7  2      0    190     82   3019    0    0   536  4570 33158 163843 30 26 32 12  0 2026-07-03 18:56:24
 2  2      0    190     82   3014    0    0   836  3996 31972 149403 34 26 30 11  0 2026-07-03 18:56:26
10  2      0    190     82   3009    0    0   626  4380 33316 152367 33 26 31 10  0 2026-07-03 18:56:28
 5  2      0    195     82   3021    0    0   534  4432 32153 159708 30 26 33 11  0 2026-07-03 18:56:30
 4  1      0    204     81   3013    0    0   124  3988 31835 140844 36 26 32  6  0 2026-07-03 18:56:32
 6  1      0    203     81   3015    0    0     0  4466 33378 159915 30 28 38  5  0 2026-07-03 18:56:34
 5  2      0    193     81   3022    0    0   354  4422 33543 157739 31 27 35  6  0 2026-07-03 18:56:36
 4  4      0    212     81   3011    0    0   144 22062 32909 156419 35 25 27 13  0 2026-07-03 18:56:38
 5  1      0    200     81   3018    0    0   734  8064 32867 164484 31 25 29 14  0 2026-07-03 18:56:40
16  1      0    187     80   3014    0    0     4  4544 32399 147560 37 26 31  6  0 2026-07-03 18:56:42
 6  1      0    206     80   3015    0    0     0  4328 33071 153172 32 27 36  5  0 2026-07-03 18:56:44
 5  2      0    185     80   3021    0    0   404  4348 33291 163953 29 27 37  7  0 2026-07-03 18:56:46
 7  2      0    197     80   3014    0    0  1662  3904 32592 153234 33 26 29 12  0 2026-07-03 18:56:48
 1  0      0    241     80   3010    0    0  1858  3286 26240 146011 21 20 49 11  0 2026-07-03 18:56:50
 1  0      0    235     80   3011    0    0   236    14 13769 81249 11  7 82  1  0 2026-07-03 18:56:52
 2  0      0    236     80   3011    0    0    90   182 14518 82653 14  9 76  1  0 2026-07-03 18:56:54
 1  0      0    236     80   3011    0    0    22   290 13399 80792 12  7 81  0  0 2026-07-03 18:56:56
 2  0      0    228     80   3011    0    0     0    34 14411 83220 11  8 81  0  0 2026-07-03 18:56:58
 1  0      0    234     80   3011    0    0    16   330 13638 79308 14  7 78  0  0 2026-07-03 18:57:00
 1  0      0    236     80   3011    0    0     0     4 14350 84776 10  7 83  0  0 2026-07-03 18:57:02
procs -----------메모리---------- ---스왑-- ---입출력-- -시스템-- ------CPU----- -----타임스탬프----
 r  b 스왑 가용 버퍼 캐시  입  출   입   출   in   cs us sy id wa st                      KST
 1  0      0    231     80   3011    0    0     0   168 14038 79987 14  8 78  0  0 2026-07-03 18:57:04
 1  0      0    235     80   3011    0    0     0   128 13954 81894 10  7 83  0  0 2026-07-03 18:57:06
 2  0      0    234     80   3011    0    0     0   776 13604 80000 11  7 82  0  0 2026-07-03 18:57:08
 1  0      0    234     80   3011    0    0     2  8998 13636 80713 16  7 75  2  0 2026-07-03 18:57:10
 2  0      0    229     80   3011    0    0     0  1102 13530 79752 10  7 83  0  0 2026-07-03 18:57:12
 6  0      0    216     80   3011    0    0     0  1218 13577 79838 13  7 80  0  0 2026-07-03 18:57:14
 2  0      0    233     80   3011    0    0     0  1024 13530 79209 12  8 81  0  0 2026-07-03 18:57:16
 1  0      0    233     80   3011    0    0     0  1152 13961 81143 10  7 83  0  0 2026-07-03 18:57:18
 1  0      0    231     80   3011    0    0     0  1052 13988 82352 15  7 77  0  0 2026-07-03 18:57:20
 1  0      0    234     80   3011    0    0     0  1154 13917 81609 10  7 83  0  0 2026-07-03 18:57:22
 1  0      0    233     80   3011    0    0     0  1052 13759 81051 10  7 82  0  0 2026-07-03 18:57:24
 1  0      0    232     80   3011    0    0     0  1152 13949 82602 15  7 78  0  0 2026-07-03 18:57:26
 1  0      0    233     80   3011    0    0     0  1024 14079 82149 10  7 82  0  0 2026-07-03 18:57:28
 1  0      0    234     80   3011    0    0     0  1258 13617 80023 15  8 76  0  0 2026-07-03 18:57:30
 1  0      0    235     80   3011    0    0     0  1024 13629 82802 10  6 84  0  0 2026-07-03 18:57:32
 1  0      0    236     80   3011    0    0     0  1052 13680 80230 11  7 83  0  0 2026-07-03 18:57:34
 1  0      0    236     80   3011    0    0     0  1154 13812 81120 15  8 77  0  0 2026-07-03 18:57:36
 2  0      0    234     80   3011    0    0     0  1024 14226 82441 10  7 83  0  0 2026-07-03 18:57:38
 0  0      0    232     80   3011    0    0     0  1180 3925 12497  3  2 95  0  0 2026-07-03 18:57:40
 1  0      0    226     80   3011    0    0     0  1032 2881 5648  4  2 94  0  0 2026-07-03 18:57:42
 0  0      0    230     80   3011    0    0     0  1266 2992 5924  2  1 97  0  0 2026-07-03 18:57:44
procs -----------메모리---------- ---스왑-- ---입출력-- -시스템-- ------CPU----- -----타임스탬프----
 r  b 스왑 가용 버퍼 캐시  입  출   입   출   in   cs us sy id wa st                      KST
 0  0      0    230     80   3011    0    0     0  1030 3432 7286  5  2 93  0  0 2026-07-03 18:57:46
 2  0      0    233     80   3011    0    0     0  1152 3323 6941  2  2 96  0  0 2026-07-03 18:57:48
 0  0      0    235     80   3011    0    0     0  1064 3136 6607  2  2 96  0  0 2026-07-03 18:57:50
 0  0      0    233     80   3011    0    0     0  1152 3124 6502  4  2 93  0  0 2026-07-03 18:57:52
 0  0      0    235     80   3011    0    0     0  1050 3354 6708  3  2 95  0  0 2026-07-03 18:57:54
 3  0      0    233     80   3011    0    0     0  1064 2887 5842  2  1 97  0  0 2026-07-03 18:57:56
 0  0      0    233     80   3011    0    0     0  1116 4185 9249  5  2 93  0  0 2026-07-03 18:57:58
 0  0      0    232     80   3011    0    0     0  1060 3443 7255  2  2 96  0  0 2026-07-03 18:58:00
 0  0      0    229     80   3011    0    0     0  1152 2918 6334  5  2 93  0  0 2026-07-03 18:58:02
 0  0      0    235     80   3011    0    0     0  1050 3196 6350  2  2 96  0  0 2026-07-03 18:58:04
 0  0      0    234     80   3011    0    0     0  1210 3036 6028  3  2 96  0  0 2026-07-03 18:58:06
 0  0      0    236     80   3011    0    0     0  1028 3615 8063  4  2 93  0  0 2026-07-03 18:58:08
 1  0      0    221     80   3011    0    0    40  1184 3475 7285  2  2 95  0  0 2026-07-03 18:58:10
 0  0      0    230     80   3011    0    0     0  1024 2464 4575  3  2 95  0  0 2026-07-03 18:58:12
 0  0      0    232     80   3011    0    0     0  1178 3719 7936  3  2 95  0  0 2026-07-03 18:58:14
 0  0      0    232     80   3011    0    0     0  1060 2953 5926  2  2 96  0  0 2026-07-03 18:58:16
 1  0      0    232     80   3011    0    0     0  1030 3737 8193  5  2 93  0  0 2026-07-03 18:58:18
 0  0      0    231     80   3011    0    0     0  1186 3278 7150  3  1 96  0  0 2026-07-03 18:58:20
 0  0      0    234     80   3011    0    0    28  1024 2400 4628  1  1 97  0  0 2026-07-03 18:58:22
 0  0      0    233     80   3011    0    0     0  1154 3676 8200  5  2 93  0  0 2026-07-03 18:58:24
 0  0      0    235     80   3011    0    0     0  1054 2797 5773  2  2 96  0  0 2026-07-03 18:58:26
procs -----------메모리---------- ---스왑-- ---입출력-- -시스템-- ------CPU----- -----타임스탬프----
 r  b 스왑 가용 버퍼 캐시  입  출   입   출   in   cs us sy id wa st                      KST
 4  0      0    231     80   3011    0    0     0  1158 3807 8856  5  3 92  0  0 2026-07-03 18:58:28
 0  0      0    230     80   3011    0    0     0  1058 3264 7005  2  1 96  0  0 2026-07-03 18:58:30
 0  0      0    233     80   3011    0    0     0  1152 2561 4984  2  1 97  0  0 2026-07-03 18:58:32
 0  0      0    232     80   3011    0    0     0  1026 3807 8472  4  3 93  0  0 2026-07-03 18:58:34
 0  0      0    231     80   3011    0    0     0  1176 2864 5719  3  1 96  0  0 2026-07-03 18:58:36
 6  0      0    194     80   3012    0    0     0  1024 2548 4795  2  1 96  0  0 2026-07-03 18:58:38
 0  0      0    233     80   3011    0    0     0  1080 3489 7401  6  2 90  3  0 2026-07-03 18:58:40
 0  0      0    231     80   3011    0    0     0  1200 2468 4826  2  1 97  0  0 2026-07-03 18:58:42
 0  0      0    230     80   3011    0    0     0  1048 4391 9809  6  3 91  0  0 2026-07-03 18:58:44
 0  0      0    233     80   3011    0    0     0  1186 2890 5842  2  1 96  0  0 2026-07-03 18:58:46
 0  0      0    232     80   3011    0    0     0  1026 2661 5172  2  1 97  0  0 2026-07-03 18:58:48
 0  0      0    233     80   3011    0    0     0  1184 4138 9750  5  3 92  0  0 2026-07-03 18:58:50
 0  0      0    237     80   3011    0    0     0  1024 2654 5034  2  2 96  0  0 2026-07-03 18:58:52
 0  0      0    234     80   3011    0    0     0  1158 3697 8326  4  3 93  0  0 2026-07-03 18:58:54
 0  0      0    237     80   3011    0    0     0  1056 2757 5823  2  2 97  0  0 2026-07-03 18:58:56
 0  0      0    236     80   3011    0    0     0  1152 3241 6644  2  2 96  0  0 2026-07-03 18:58:58
 0  0      0    237     80   3011    0    0     0  1024 4214 10019  6  3 92  0  0 2026-07-03 18:59:00
 0  0      0    239     80   3011    0    0     0  1050 2467 4713  2  1 97  0  0 2026-07-03 18:59:02
 0  0      0    238     80   3011    0    0     0  1158 3288 6392  2  2 96  0  0 2026-07-03 18:59:04
 1  0      0    224     80   3011    0    0     0  1048 3002 6109  4  2 94  0  0 2026-07-03 18:59:06
 0  0      0    238     80   3011    0    0     0  1152 2510 4631  1  1 97  0  0 2026-07-03 18:59:08
procs -----------메모리---------- ---스왑-- ---입출력-- -시스템-- ------CPU----- -----타임스탬프----
 r  b 스왑 가용 버퍼 캐시  입  출   입   출   in   cs us sy id wa st                      KST
 0  0      0    235     80   3011    0    0     0  1024 4096 9842  6  2 91  0  0 2026-07-03 18:59:10
 0  0      0    238     80   3011    0    0     0  1212 2472 4726  2  1 97  0  0 2026-07-03 18:59:12
 0  0      0    238     80   3011    0    0     0  1024 3700 7715  2  2 96  0  0 2026-07-03 18:59:14
 0  0      0    237     80   3011    0    0     0  1218 3496 7651  5  2 93  0  0 2026-07-03 18:59:16
 0  0      0    239     80   3011    0    0     0  1024 2760 5343  2  1 97  0  0 2026-07-03 18:59:18
 0  0      0    234     80   3011    0    0     0  1152 4244 10298  5  3 92  0  0 2026-07-03 18:59:20
 0  0      0    239     80   3011    0    0     0  1058 2566 4828  2  1 97  0  0 2026-07-03 18:59:22
 0  0      0    238     80   3011    0    0     0  1154 3199 6488  3  2 96  0  0 2026-07-03 18:59:24
 0  0      0    238     80   3011    0    0     0  1050 3325 7391  6  2 92  0  0 2026-07-03 18:59:26
 1  0      0    239     80   3011    0    0     0  1154 3262 6613  2  2 96  0  0 2026-07-03 18:59:28
 0  0      0    239     80   3011    0    0     0  1024 3710 8251  3  2 95  0  0 2026-07-03 18:59:30
 0  0      0    237     80   3011    0    0     0  1182 3068 6485  5  2 93  0  0 2026-07-03 18:59:32
 1  0      0    230     80   3011    0    0     0  1024 2414 3988  1  2 97  0  0 2026-07-03 18:59:34
 0  0      0    233     80   3011    0    0     0  1178 3211 7450  4  2 93  0  0 2026-07-03 18:59:36
 0  0      0    239     80   3011    0    0     0  1024 2877 5535  2  1 97  0  0 2026-07-03 18:59:38
 0  0      0    236     80   3011    0    0     0  1156 3441 7810  2  2 96  0  0 2026-07-03 18:59:40
 0  0      0    236     80   3011    0    0     0  1104 3120 6726  4  2 94  0  0 2026-07-03 18:59:42
 0  0      0    237     80   3011    0    0     0  1028 3424 7426  3  2 95  0  0 2026-07-03 18:59:44
 4  0      0    221     80   3012    0    0     0  1176 3338 6963  3  2 95  0  0 2026-07-03 18:59:46
 1  0      0    241     80   3011    0    0     0  1084 3042 6194  4  2 93  1  0 2026-07-03 18:59:48
 0  0      0    236     80   3011    0    0     0  1154 3708 8284  3  2 95  0  0 2026-07-03 18:59:50
procs -----------메모리---------- ---스왑-- ---입출력-- -시스템-- ------CPU----- -----타임스탬프----
 r  b 스왑 가용 버퍼 캐시  입  출   입   출   in   cs us sy id wa st                      KST
 0  0      0    237     80   3011    0    0     0  1056 2973 6423  4  2 94  0  0 2026-07-03 18:59:52
 0  0      0    241     80   3011    0    0     0  1154 3102 6240  2  1 97  0  0 2026-07-03 18:59:54
 0  0      0    240     80   3011    0    0     0  1026 2720 5643  2  1 97  0  0 2026-07-03 18:59:56
 2  0      0    236     80   3011    0    0     0  1176 3676 8015  4  3 93  0  0 2026-07-03 18:59:58
 0  0      0    240     80   3011    0    0     0  1024 3729 8368  3  2 96  0  0 2026-07-03 19:00:00
 1  0      0    226     80   3011    0    0     0  1050 2968 6199  4  2 94  0  0 2026-07-03 19:00:02
 0  0      0    242     80   3011    0    0     0  1154 2571 4493  2  1 97  0  0 2026-07-03 19:00:04
 0  0      0    242     80   3011    0    0     0  1026 2892 5820  2  2 97  0  0 2026-07-03 19:00:06
 1  0      0    241     80   3011    0    0     0  1176 3464 7454  4  3 93  0  0 2026-07-03 19:00:08
 1  0      0    244     80   3011    0    0    52  1024 3638 8035  3  2 95  0  0 2026-07-03 19:00:10
 1  0      0    227     80   3011    0    0     0  1184 2925 5750  2  1 97  0  0 2026-07-03 19:00:12
 0  0      0    241     80   3011    0    0     0  1024 3973 8648  5  2 93  0  0 2026-07-03 19:00:14
 0  0      0    243     80   3011    0    0    64  1180 2871 5747  2  1 96  0  0 2026-07-03 19:00:16
 2  0      0    239     80   3011    0    0     0  1080 3356 7199  4  2 94  0  0 2026-07-03 19:00:18
 0  0      0    240     80   3011    0    0     0  1152 3620 8056  3  2 95  0  0 2026-07-03 19:00:20
 0  0      0    243     80   3011    0    0     0  1056 2449 4701  2  1 97  0  0 2026-07-03 19:00:22
 0  0      0    243     80   3011    0    0     0  1024 3855 8258  5  3 93  0  0 2026-07-03 19:00:24
 0  0      0    239     80   3011    0    0     0  1154 2759 5671  2  2 97  0  0 2026-07-03 19:00:26
 0  0      0    239     80   3012    0    0     0  1050 3178 6877  5  2 93  0  0 2026-07-03 19:00:28
 1  0      0    226     80   3011    0    0     2  1238 3671 7842  3  2 92  3  0 2026-07-03 19:00:30
 0  0      0    238     80   3011    0    0     0  1024 2328 4161  1  1 98  0  0 2026-07-03 19:00:32
procs -----------메모리---------- ---스왑-- ---입출력-- -시스템-- ------CPU----- -----타임스탬프----
 r  b 스왑 가용 버퍼 캐시  입  출   입   출   in   cs us sy id wa st                      KST
 0  0      0    240     80   3011    0    0    26  1152 3728 8195  5  2 93  0  0 2026-07-03 19:00:34
 0  0      0    239     80   3011    0    0     0  1056 2922 6080  2  1 96  0  0 2026-07-03 19:00:36
 0  0      0    240     80   3011    0    0     0  1152 2798 5353  2  1 97  0  0 2026-07-03 19:00:38
 0  0      0    239     80   3011    0    0     0  1058 4195 10000  6  3 91  0  0 2026-07-03 19:00:40
 0  0      0    239     80   3011    0    0     0  1160 2564 4844  2  1 97  0  0 2026-07-03 19:00:42
 0  0      0    239     80   3011    0    0     0  1024 3992 9341  5  3 92  0  0 2026-07-03 19:00:44
 0  0      0    241     80   3011    0    0     0  1064 2965 5888  2  2 96  0  0 2026-07-03 19:00:46
 0  0      0    242     80   3011    0    0     0  1178 2807 5272  1  1 98  0  0 2026-07-03 19:00:48
 0  0      0    254     80   3011    0    0     0   572 4493 10629  6  3 86  5  0 2026-07-03 19:00:50
 0  0      0    255     80   3011    0    0     0     0 2591 5077  1  1 98  0  0 2026-07-03 19:00:52
 0  0      0    257     80   3012    0    0     0    74 4151 9095  5  3 91  0  0 2026-07-03 19:00:54
 3  0      0    260     80   3011    0    0     0    48 2736 5738  2  1 96  1  0 2026-07-03 19:00:56
 2  0      0    262     80   3011    0    0     0     0 1982 2965  1  1 98  0  0 2026-07-03 19:00:58
 0  2      0    257     80   3012    0    0     0    26 3853 9124  6  2 92  0  0 2026-07-03 19:01:00
 0  0      0    265     80   3011    0    0     0     4 3071 6766  2  2 95  1  0 2026-07-03 19:01:03
 0  0      0    262     80   3012    0    0     0     0 3147 6289  2  1 97  0  0 2026-07-03 19:01:05
 0  0      0    259     80   3012    0    0     0    28 3421 7772  5  2 93  0  0 2026-07-03 19:01:07
 0  0      0    266     80   3011    0    0     0     0 2806 5470  2  1 97  0  0 2026-07-03 19:01:09
 0  0      0    257     80   3011    0    0     0    30 3552 7915  5  3 92  0  0 2026-07-03 19:01:11
 0  0      0    257     80   3011    0    0     0     0 3052 6795  2  2 96  0  0 2026-07-03 19:01:13
 0  0      0    262     80   3011    0    0     0     0 3497 7632  2  2 96  0  0 2026-07-03 19:01:15
procs -----------메모리---------- ---스왑-- ---입출력-- -시스템-- ------CPU----- -----타임스탬프----
 r  b 스왑 가용 버퍼 캐시  입  출   입   출   in   cs us sy id wa st                      KST
 1  0      0    257     80   3011    0    0     0    32 3373 7108  5  2 93  0  0 2026-07-03 19:01:17
 0  0      0    267     80   3011    0    0     0    22 2947 5653  2  1 97  0  0 2026-07-03 19:01:19
 4  0      0    255     80   3012    0    0    24    32 3348 7056  3  2 95  0  0 2026-07-03 19:01:21
 0  0      0    265     80   3012    0    0     0     2 3330 7537  4  2 95  0  0 2026-07-03 19:01:23
 0  0      0    265     80   3012    0    0     0     0 3186 6486  2  1 97  0  0 2026-07-03 19:01:25
 3  0      0    256     80   3012    0    0     0    52 2368 4565  3  2 95  0  0 2026-07-03 19:01:27
 0  0      0    262     80   3012    0    0     0     0 2774 5716  2  1 97  0  0 2026-07-03 19:01:29
 1  0      0    262     80   3012    0    0     0     0 3334 7072  2  2 96  0  0 2026-07-03 19:01:31
 0  0      0    266     80   3012    0    0     0    28 3492 7926  5  2 92  0  0 2026-07-03 19:01:33
 0  0      0    263     80   3012    0    0     0     0 3176 6424  2  1 97  0  0 2026-07-03 19:01:35
 0  0      0    264     80   3012    0    0     0    26 3050 6542  4  2 94  0  0 2026-07-03 19:01:37
 1  0      0    273     80   3012    0    0     0     0 3478 6975  2  2 96  0  0 2026-07-03 19:01:39
 0  0      0    281     80   3012    0    0     0     0 2966 6006  2  1 97  0  0 2026-07-03 19:01:41
 0  0      0    273     80   3012    0    0     0    64 3859 8781  5  3 92  0  0 2026-07-03 19:01:43
 0  0      0    265     80   3012    0    0     0     0 3378 7334  2  2 96  0  0 2026-07-03 19:01:45
 1  0      0    263     80   3012    0    0     4     2 2601 5005  2  1 97  0  0 2026-07-03 19:01:47
 0  0      0    266     80   3012    0    0     0    48 3629 8119  4  2 93  0  0 2026-07-03 19:01:49
 0  0      0    274     80   3012    0    0     0     0 2929 5911  2  1 96  0  0 2026-07-03 19:01:51
 0  0      0    264     80   3012    0    0     0    40 4247 10142  6  2 92  0  0 2026-07-03 19:01:53
 3  0      0    261     80   3012    0    0     0     0 2443 4052  1  2 97  0  0 2026-07-03 19:01:55
 0  0      0    267     80   3012    0    0     0    16 2453 4736  1  1 98  0  0 2026-07-03 19:01:57
procs -----------메모리---------- ---스왑-- ---입출력-- -시스템-- ------CPU----- -----타임스탬프----
 r  b 스왑 가용 버퍼 캐시  입  출   입   출   in   cs us sy id wa st                      KST
 1  0      0    261     80   3012    0    0    12    40 3988 9212  5  3 91  1  0 2026-07-03 19:01:59
 0  0      0    259     80   3012    0    0     0     0 3740 8318  3  2 95  0  0 2026-07-03 19:02:01
 0  0      0    264     80   3012    0    0     0    34 3643 8759  5  2 93  0  0 2026-07-03 19:02:03
 0  0      0    263     80   3012    0    0     0     0 3228 6568  2  1 96  0  0 2026-07-03 19:02:05
 0  0      0    267     80   3012    0    0     0     2 2554 4967  2  1 97  0  0 2026-07-03 19:02:07
 0  0      0    264     80   3012    0    0     0    30 3605 8056  5  2 92  0  0 2026-07-03 19:02:09
 0  0      0    267     80   3012    0    0     0     0 2930 6173  2  2 96  0  0 2026-07-03 19:02:11
 0  0      0    265     80   3012    0    0     0     0 3306 7067  3  2 96  0  0 2026-07-03 19:02:13
 0  0      0    266     80   3012    0    0     0    30 4092 9087  5  2 93  0  0 2026-07-03 19:02:15
 1  0      0    265     80   3012    0    0     0     0 2639 5119  2  2 97  0  0 2026-07-03 19:02:17
 0  0      0    266     80   3012    0    0     0    26 3708 8399  5  2 92  0  0 2026-07-03 19:02:19
 1  0      0    263     80   3012    0    0     0    24 2834 5689  2  2 97  0  0 2026-07-03 19:02:21
 0  0      0    265     80   3012    0    0     0     6 2541 4833  2  1 97  0  0 2026-07-03 19:02:23
 0  0      0    263     80   3012    0    0     0    42 3749 8132  4  2 93  0  0 2026-07-03 19:02:25
 0  0      0    265     80   3012    0    0     0     0 2356 4540  1  1 98  0  0 2026-07-03 19:02:27
 0  0      0    268     80   3012    0    0     0    68 3371 7383  4  2 93  0  0 2026-07-03 19:02:29
 0  0      0    262     80   3012    0    0     0     0 3289 7158  2  2 96  0  0 2026-07-03 19:02:31
 0  0      0    264     80   3012    0    0     0     0 3197 6916  2  2 96  0  0 2026-07-03 19:02:33
 0  0      0    264     80   3012    0    0     0    26 3598 8280  5  2 93  0  0 2026-07-03 19:02:35
 0  0      0    268     80   3012    0    0     0     0 2629 4834  2  1 97  0  0 2026-07-03 19:02:37
 0  0      0    268     80   3012    0    0     0     4 3336 6553  2  2 97  0  0 2026-07-03 19:02:39
procs -----------메모리---------- ---스왑-- ---입출력-- -시스템-- ------CPU----- -----타임스탬프----
 r  b 스왑 가용 버퍼 캐시  입  출   입   출   in   cs us sy id wa st                      KST
 0  0      0    266     80   3012    0    0     0    64 3512 7895  4  2 93  0  0 2026-07-03 19:02:41
 0  0      0    267     80   3012    0    0     0     0 3383 7127  3  2 95  0  0 2026-07-03 19:02:43
 3  0      0    268     80   3012    0    0     0    34 3580 7516  5  3 92  0  0 2026-07-03 19:02:45
 0  0      0    267     80   3012    0    0     0     0 3087 6560  3  1 96  0  0 2026-07-03 19:02:47
 0  0      0    265     80   3012    0    0     0     2 2906 6049  2  2 96  0  0 2026-07-03 19:02:49
 1  0      0    259     81   3012    0    0     0    46 3049 6409  4  2 93  1  0 2026-07-03 19:02:51
 0  0      0    264     81   3012    0    0     0     0 2795 5864  2  1 97  0  0 2026-07-03 19:02:53
 0  0      0    265     81   3012    0    0     0     0 2810 5448  1  1 98  0  0 2026-07-03 19:02:55
 0  0      0    262     81   3012    0    0     0    34 3183 7385  4  2 93  0  0 2026-07-03 19:02:57
 0  0      0    266     81   3012    0    0     0     4 3132 6426  2  2 96  0  0 2026-07-03 19:02:59
 1  0      0    267     81   3012    0    0     0    42 3822 9019  5  2 92  0  0 2026-07-03 19:03:01
 0  0      0    263     81   3012    0    0     0     0 3171 6759  2  1 96  0  0 2026-07-03 19:03:03
 0  0      0    264     81   3012    0    0     0     2 2727 5322  2  1 97  0  0 2026-07-03 19:03:05
 0  0      0    263     81   3012    0    0   100    24 3733 8239  5  3 91  1  0 2026-07-03 19:03:07
 0  0      0    269     81   3012    0    0     0     2 3158 6460  2  2 97  0  0 2026-07-03 19:03:09
 2  0      0    261     81   3012    0    0    60    38 3074 6697  4  2 94  0  0 2026-07-03 19:03:11
 0  0      0    259     81   3012    0    0     0     0 3318 7407  3  2 96  0  0 2026-07-03 19:03:13
 0  0      0    266     81   3012    0    0     0     2 2821 5516  2  1 97  0  0 2026-07-03 19:03:15
 0  0      0    268     81   3012    0    0     0    28 3619 8736  5  2 93  0  0 2026-07-03 19:03:17
 0  0      0    264     81   3012    0    0     0     2 3042 6268  2  1 97  0  0 2026-07-03 19:03:19
 1  0      0    255     81   3012    0    0     0    42 1986 3175  1  1 98  1  0 2026-07-03 19:03:21
procs -----------메모리---------- ---스왑-- ---입출력-- -시스템-- ------CPU----- -----타임스탬프----
 r  b 스왑 가용 버퍼 캐시  입  출   입   출   in   cs us sy id wa st                      KST
 0  0      0    259     81   3012    0    0     0     8 3731 8692  5  3 93  0  0 2026-07-03 19:03:23
 0  0      0    264     81   3012    0    0     0     0 2749 5217  2  1 97  0  0 2026-07-03 19:03:25
 0  0      0    262     81   3012    0    0     0    32 3328 7562  4  2 94  0  0 2026-07-03 19:03:27
 0  0      0    260     81   3012    0    0     0     8 3185 6426  2  2 96  0  0 2026-07-03 19:03:29
 1  0      0    262     81   3012    0    0     0    18 2874 5933  2  1 97  0  0 2026-07-03 19:03:31
 0  0      0    260     81   3012    0    0     0    40 4143 9667  5  3 92  0  0 2026-07-03 19:03:33
 0  0      0    258     81   3012    0    0     0     4 2643 5274  2  1 97  0  0 2026-07-03 19:03:35
 4  0      0    256     81   3012    0    0     0    82 3297 6981  3  2 95  0  0 2026-07-03 19:03:37
 0  0      0    266     81   3012    0    0     0     2 3151 7023  3  2 95  0  0 2026-07-03 19:03:39
 0  0      0    266     81   3012    0    0     0     2 2489 4743  1  1 97  0  0 2026-07-03 19:03:41
 0  0      0    264     81   3012    0    0     0    26 4009 9583  5  3 92  0  0 2026-07-03 19:03:43
 0  0      0    271     81   3012    0    0     0     4 2876 5592  1  1 97  0  0 2026-07-03 19:03:45
 0  0      0    271     81   3012    0    0     0     0 3041 6750  2  1 97  0  0 2026-07-03 19:03:47
 0  0      0    267     81   3012    0    0     0    28 3568 7993  4  2 94  0  0 2026-07-03 19:03:49
 1  0      0    261     81   3012    0    0     0     0 2007 3337  1  1 98  0  0 2026-07-03 19:03:51
 0  0      0    263     81   3012    0    0     0    52 4711 11474  6  3 91  0  0 2026-07-03 19:03:53
 0  0      0    264     81   3012    0    0    24     0 3045 5880  2  1 97  0  0 2026-07-03 19:03:55
 0  0      0    262     81   3012    0    0     0     0 2703 5699  2  1 97  0  0 2026-07-03 19:03:57
 0  0      0    258     81   3012    0    0     0    30 3787 8265  4  2 93  0  0 2026-07-03 19:03:59
 0  0      0    259     81   3012    0    0     0     2 2912 6068  2  2 96  0  0 2026-07-03 19:04:01
 1  1      0    257     81   3012    0    0     0    58 3348 7389  2  2 96  0  0 2026-07-03 19:04:03
procs -----------메모리---------- ---스왑-- ---입출력-- -시스템-- ------CPU----- -----타임스탬프----
 r  b 스왑 가용 버퍼 캐시  입  출   입   출   in   cs us sy id wa st                      KST
 0  0      0    272     81   3012    0    0    78     0 3402 7639  5  2 93  0  0 2026-07-03 19:04:05
 0  0      0    264     81   3012    0    0     0     0 2787 5880  2  1 97  0  0 2026-07-03 19:04:07
 0  0      0    262     81   3012    0    0     0    30 3505 7756  5  3 92  0  0 2026-07-03 19:04:09
 0  0      0    265     81   3012    0    0    58     2 2512 4860  1  1 97  0  0 2026-07-03 19:04:11
 0  0      0    261     81   3012    0    0     0     0 3112 6732  2  2 96  0  0 2026-07-03 19:04:13
 0  0      0    261     81   3012    0    0     0    30 4049 8872  5  3 92  0  0 2026-07-03 19:04:15
 1  0      0    259     81   3012    0    0     0     4 2915 6151  2  1 96  0  0 2026-07-03 19:04:17
 0  0      0    257     81   3012    0    0     0    32 2865 6166  4  2 94  0  0 2026-07-03 19:04:19
 0  0      0    259     81   3012    0    0     0     4 2527 5087  2  2 96  0  0 2026-07-03 19:04:21
 0  0      0    264     81   3012    0    0     0    22 3247 6998  3  2 95  0  0 2026-07-03 19:04:23
 0  0      0    264     81   3012    0    0     0    30 3646 8216  4  2 94  0  0 2026-07-03 19:04:25
 0  0      0    265     81   3012    0    0     0     0 2652 5577  2  1 97  0  0 2026-07-03 19:04:27
 0  0      0    264     81   3012    0    0     0    32 3084 6455  2  2 96  0  0 2026-07-03 19:04:29
 0  0      0    262     81   3012    0    0     0     0 3405 7530  4  3 93  0  0 2026-07-03 19:04:31
 0  0      0    262     81   3012    0    0     0     4 3174 6931  2  2 96  0  0 2026-07-03 19:04:33
 0  0      0    264     81   3012    0    0     0   108 3634 8093  5  2 92  0  0 2026-07-03 19:04:35
 0  0      0    260     81   3012    0    0     0     0 2895 5908  2  1 97  0  0 2026-07-03 19:04:37
 1  0      0    265     81   3012    0    0     0    26 3120 6339  2  2 96  0  0 2026-07-03 19:04:39
 0  0      0    265     81   3012    0    0     0     0 3156 6757  4  2 94  0  0 2026-07-03 19:04:41
 0  0      0    267     81   3012    0    0     0     0 3124 6990  2  2 96  0  0 2026-07-03 19:04:43
 6  0      0    260     81   3012    0    0     0    24 3071 6118  4  2 94  0  0 2026-07-03 19:04:45
procs -----------메모리---------- ---스왑-- ---입출력-- -시스템-- ------CPU----- -----타임스탬프----
 r  b 스왑 가용 버퍼 캐시  입  출   입   출   in   cs us sy id wa st                      KST
 0  0      0    266     81   3012    0    0     0     2 3197 6837  2  1 96  0  0 2026-07-03 19:04:47
 0  0      0    262     81   3012    0    0     0     0 3014 6317  2  1 97  0  0 2026-07-03 19:04:49
 0  0      0    265     81   3012    0    0     0    24 3108 6736  4  2 94  0  0 2026-07-03 19:04:51
 0  0      0    262     81   3012    0    0     0    20 3213 6985  2  2 95  0  0 2026-07-03 19:04:53
 0  0      0    265     81   3012    0    0     0    40 3069 6404  2  2 96  0  0 2026-07-03 19:04:55
 0  0      0    264     81   3012    0    0     0     2 3285 7539  4  2 93  0  0 2026-07-03 19:04:57
 0  0      0    265     81   3012    0    0    42     0 3052 6314  2  2 97  0  0 2026-07-03 19:04:59
 0  1      0    261     81   3013    0    0   108    26 3483 7840  5  2 92  1  0 2026-07-03 19:05:01
 0  0      0    257     81   3013    0    0    42     2 3141 6804  2  2 96  0  0 2026-07-03 19:05:03
 0  0      0    267     81   3013    0    0     0     2 3088 6458  2  1 97  0  0 2026-07-03 19:05:05
 0  0      0    271     81   3013    0    0     0    32 3460 7986  5  2 93  0  0 2026-07-03 19:05:07
 0  0      0    264     81   3013    0    0     0     0 3155 6462  2  2 96  0  0 2026-07-03 19:05:09
 0  0      0    259     81   3013    0    0    14    48 2902 6240  4  2 93  0  0 2026-07-03 19:05:11
 0  0      0    269     81   3013    0    0     0     0 3135 6842  2  2 96  0  0 2026-07-03 19:05:13
 1  0      0    266     81   3013    0    0     0     4 2442 4202  2  1 97  0  0 2026-07-03 19:05:15
 0  0      0    263     81   3013    0    0     0    32 3538 8573  5  2 93  0  0 2026-07-03 19:05:17
 0  0      0    265     81   3013    0    0     0     0 3028 6372  2  1 97  0  0 2026-07-03 19:05:19
 0  0      0    269     81   3013    0    0     0     0 2478 4934  2  2 97  0  0 2026-07-03 19:05:21
 0  0      0    268     81   3013    0    0     0    30 3798 8882  5  2 93  0  0 2026-07-03 19:05:23
 0  0      0    266     81   3013    0    0     0    22 3259 6634  2  2 96  0  0 2026-07-03 19:05:25
 0  0      0    271     81   3013    0    0     0    44 3497 7834  5  3 92  0  0 2026-07-03 19:05:27
procs -----------메모리---------- ---스왑-- ---입출력-- -시스템-- ------CPU----- -----타임스탬프----
 r  b 스왑 가용 버퍼 캐시  입  출   입   출   in   cs us sy id wa st                      KST
 0  0      0    267     81   3013    0    0     0     4 3101 6417  2  2 96  0  0 2026-07-03 19:05:29
 1  0      0    265     81   3013    0    0     0     0 2841 5744  2  1 97  0  0 2026-07-03 19:05:31
 0  0      0    263     81   3013    0    0     0   170 3740 8551  5  2 92  0  0 2026-07-03 19:05:33
 0  0      0    267     81   3013    0    0     0     0 3185 6541  2  2 96  0  0 2026-07-03 19:05:35
 4  0      0    255     81   3013    0    0     0    28 3338 6978  4  2 94  0  0 2026-07-03 19:05:37
 0  0      0    266     81   3013    0    0     0     2 3026 6736  2  1 96  0  0 2026-07-03 19:05:39
 0  0      0    270     81   3013    0    0     0     0 2478 4764  2  1 97  0  0 2026-07-03 19:05:41
 2  0      0    253     81   3013    0    0     0    74 3039 6951  5  2 93  0  0 2026-07-03 19:05:43
 3  0      0    265     81   3013    0    0     0     0 2967 5789  2  1 97  0  0 2026-07-03 19:05:45
 0  0      0    265     81   3013    0    0     0     0 3232 7033  2  1 96  0  0 2026-07-03 19:05:47
 0  0      0    262     81   3013    0    0     0    28 3357 7698  5  2 93  0  0 2026-07-03 19:05:49
 0  0      0    261     81   3013    0    0     0     0 2529 4946  1  1 97  0  0 2026-07-03 19:05:51
 1  0      0    264     81   3013    0    0     0    22 3548 8069  4  3 93  0  0 2026-07-03 19:05:53
12  0      0    264     81   3013    0    0    28    24 3384 7259  3  1 96  0  0 2026-07-03 19:05:55
 0  0      0    261     81   3013    0    0     0     0 2806 5816  2  2 96  0  0 2026-07-03 19:05:57
 0  0      0    267     81   3013    0    0     0    40 3382 7869  5  2 93  0  0 2026-07-03 19:05:59
 0  0      0    266     81   3013    0    0     0     0 2761 5873  2  1 97  0  0 2026-07-03 19:06:01
 1  1      0    259     81   3013    0    0     0    26 2936 6516  3  2 96  0  0 2026-07-03 19:06:03
 0  0      0    264     81   3013    0    0     0     2 3711 8308  5  2 93  0  0 2026-07-03 19:06:05
 0  0      0    262     81   3013    0    0     0     0 2920 5975  2  1 97  0  0 2026-07-03 19:06:07
 0  0      0    267     81   3013    0    0     0    26 3724 8550  5  3 92  0  0 2026-07-03 19:06:09
procs -----------메모리---------- ---스왑-- ---입출력-- -시스템-- ------CPU----- -----타임스탬프----
 r  b 스왑 가용 버퍼 캐시  입  출   입   출   in   cs us sy id wa st                      KST
 1  0      0    261     81   3013    0    0     8    70 2008 3318  1  1 96  1  0 2026-07-03 19:06:11
 0  0      0    265     81   3013    0    0     0    18 2547 5074  2  1 97  0  0 2026-07-03 19:06:13
 0  0      0    266     81   3013    0    0     0     4 4215 9637  5  3 92  0  0 2026-07-03 19:06:15
 0  0      0    264     81   3013    0    0     0    30 3148 6772  2  1 96  0  0 2026-07-03 19:06:17
 1  0      0    260     81   3013    0    0     0     0 3422 7820  5  3 92  0  0 2026-07-03 19:06:19
 0  0      0    266     81   3013    0    0     0     0 2594 5269  2  1 97  0  0 2026-07-03 19:06:21
 0  0      0    267     81   3013    0    0     0    22 2674 5721  2  2 97  0  0 2026-07-03 19:06:23
 0  0      0    261     81   3013    0    0     0     0 4086 9301  6  3 91  0  0 2026-07-03 19:06:25
 0  0      0    262     81   3013    0    0     0    22 2735 5774  2  1 97  0  0 2026-07-03 19:06:27
 0  0      0    261     81   3013    0    0     0    42 2904 5622  2  2 97  0  0 2026-07-03 19:06:29
 2  0      0    263     81   3013    0    0     0     0 3550 8058  6  2 92  0  0 2026-07-03 19:06:31
 0  0      0    260     81   3013    0    0     0     0 2876 6285  2  2 96  0  0 2026-07-03 19:06:33
 0  0      0    263     81   3013    0    0     0    28 4216 9587  5  3 92  0  0 2026-07-03 19:06:35
 0  0      0    265     81   3013    0    0     0     4 3123 6264  3  1 96  0  0 2026-07-03 19:06:37
14  0      0    265     81   3013    0    0     0    40 2003 2983  1  1 97  1  0 2026-07-03 19:06:39
 0  0      0    262     81   3013    0    0     0     2 3291 7610  4  2 94  0  0 2026-07-03 19:06:41
 0  0      0    261     81   3013    0    0     0     0 2724 5584  2  2 97  0  0 2026-07-03 19:06:43
 0  0      0    259     81   3013    0    0     0    26 3946 9237  5  3 92  0  0 2026-07-03 19:06:45
 0  0      0    262     81   3013    0    0     0    28 3209 6916  2  2 96  0  0 2026-07-03 19:06:47
 0  0      0    266     81   3013    0    0     0     0 2791 5372  1  1 97  0  0 2026-07-03 19:06:49
 0  0      0    263     81   3013    0    0     0    24 3373 7697  4  3 93  0  0 2026-07-03 19:06:51
procs -----------메모리---------- ---스왑-- ---입출력-- -시스템-- ------CPU----- -----타임스탬프----
 r  b 스왑 가용 버퍼 캐시  입  출   입   출   in   cs us sy id wa st                      KST
 0  0      0    267     81   3013    0    0     0     0 2739 5717  2  1 97  0  0 2026-07-03 19:06:53
 1  0      0    268     81   3013    0    0    58    36 3525 7450  2  3 94  1  0 2026-07-03 19:06:55
 0  0      0    271     81   3013    0    0     0    22 3514 7853  4  2 93  0  0 2026-07-03 19:06:57
 0  0      0    266     81   3013    0    0     0     0 2806 5488  2  1 97  0  0 2026-07-03 19:06:59
 0  0      0    272     81   3013    0    0     0    38 3292 7481  5  2 93  0  0 2026-07-03 19:07:01
 0  0      0    264     81   3013    0    0     0     0 2860 6544  2  1 96  0  0 2026-07-03 19:07:03
 0  0      0    265     81   3013    0    0     0    32 3325 6674  2  2 96  0  0 2026-07-03 19:07:05
 1  0      0    263     81   3013    0    0     0     0 3177 6949  4  2 94  0  0 2026-07-03 19:07:07
 0  0      0    272     81   3013    0    0     0     0 2712 5185  2  1 97  0  0 2026-07-03 19:07:09
 1  0      0    260     81   3013    0    0     0    30 3410 7779  4  3 93  0  0 2026-07-03 19:07:11
 0  0      0    265     81   3013    0    0     0     4 2982 5987  2  2 96  0  0 2026-07-03 19:07:13
 0  0      0    263     81   3013    0    0     0     0 3189 6570  2  1 96  0  0 2026-07-03 19:07:15
 0  0      0    261     81   3013    0    0     0    34 3987 9666  5  3 91  0  0 2026-07-03 19:07:17
 0  0      0    264     81   3013    0    0     0     0 2747 5445  2  1 97  0  0 2026-07-03 19:07:19
 0  0      0    265     81   3013    0    0     0    24 2872 5843  2  1 97  0  0 2026-07-03 19:07:21
 0  0      0    262     81   3013    0    0     0    24 3303 7422  4  2 94  0  0 2026-07-03 19:07:23
 0  0      0    258     81   3013    0    0     0    42 3237 6608  2  2 96  0  0 2026-07-03 19:07:25
 1  0      0    261     81   3013    0    0     0    48 3640 8597  4  3 93  0  0 2026-07-03 19:07:27
 0  0      0    264     81   3013    0    0     0     0 2892 5807  2  2 96  0  0 2026-07-03 19:07:29
 0  0      0    263     81   3013    0    0     0     2 2863 5947  2  1 97  0  0 2026-07-03 19:07:31
 0  0      0    267     81   3013    0    0     0    34 3594 8537  5  2 92  0  0 2026-07-03 19:07:33
procs -----------메모리---------- ---스왑-- ---입출력-- -시스템-- ------CPU----- -----타임스탬프----
 r  b 스왑 가용 버퍼 캐시  입  출   입   출   in   cs us sy id wa st                      KST
 1  0      0    265     81   3013    0    0     0     0 2675 5248  2  1 97  0  0 2026-07-03 19:07:35
 4  0      0    258     81   3013    0    0     0    28 2982 5847  4  2 95  0  0 2026-07-03 19:07:37
 0  0      0    263     81   3013    0    0     0     0 3025 6668  3  1 96  0  0 2026-07-03 19:07:39
 0  0      0    264     81   3013    0    0     0     0 2857 5818  2  2 96  0  0 2026-07-03 19:07:41
 0  0      0    261     81   3013    0    0     0    22 3244 7574  4  2 93  0  0 2026-07-03 19:07:43
 0  0      0    261     81   3013    0    0     0     2 3345 6917  3  1 96  0  0 2026-07-03 19:07:45
 0  0      0    268     81   3013    0    0     0     4 3291 7143  2  1 96  0  0 2026-07-03 19:07:47
 4  0      0    263     81   3013    0    0     0    30 3588 8261  4  2 94  0  0 2026-07-03 19:07:49
 0  0      0    264     81   3013    0    0     0     0 3129 6242  3  2 95  0  0 2026-07-03 19:07:51
 1  0      0    257     81   3013    0    0     0    44 3217 7168  4  3 93  0  0 2026-07-03 19:07:53
 0  0      0    262     81   3013    0    0     0     0 3409 7115  2  1 96  0  0 2026-07-03 19:07:55
 0  0      0    267     81   3013    0    0     0     4 2849 5837  2  1 97  0  0 2026-07-03 19:07:57
 0  0      0    260     81   3013    0    0     0    62 3540 7966  4  2 93  0  0 2026-07-03 19:07:59
 1  0      0    263     81   3013    0    0     0     0 2830 5917  2  2 96  0  0 2026-07-03 19:08:01
 5  0      0    246     81   3013    0    0     0    28 2391 4457  2  1 97  0  0 2026-07-03 19:08:03
 1  0      0    260     81   3013    0    0     0     0 3410 7470  5  2 93  0  0 2026-07-03 19:08:05
 0  0      0    264     81   3013    0    0     0     0 2795 5768  2  2 97  0  0 2026-07-03 19:08:07
 0  0      0    261     81   3013    0    0     0    24 3701 8143  5  2 93  0  0 2026-07-03 19:08:09
 0  0      0    262     81   3013    0    0     0     0 3013 6083  2  1 97  0  0 2026-07-03 19:08:11
 0  0      0    263     81   3013    0    0     0     8 2453 4756  2  1 97  0  0 2026-07-03 19:08:13
 0  0      0    264     81   3013    0    0     0    36 4481 9869  6  3 91  0  0 2026-07-03 19:08:15
procs -----------메모리---------- ---스왑-- ---입출력-- -시스템-- ------CPU----- -----타임스탬프----
 r  b 스왑 가용 버퍼 캐시  입  출   입   출   in   cs us sy id wa st                      KST
 0  0      0    259     81   3013    0    0     0     4 3222 6969  2  2 96  0  0 2026-07-03 19:08:17
 0  0      0    260     81   3013    0    0     0    30 3527 7859  5  3 93  0  0 2026-07-03 19:08:19
 0  0      0    260     81   3013    0    0     0     0 2935 5850  2  1 97  0  0 2026-07-03 19:08:21
 0  0      0    261     81   3013    0    0     0    76 2418 4633  2  1 97  0  0 2026-07-03 19:08:23
 0  0      0    269     81   3013    0    0     0    26 4135 9347  5  2 92  0  0 2026-07-03 19:08:25
16  0      0    268     81   3013    0    0     0     0 2764 5810  2  1 97  0  0 2026-07-03 19:08:27
 0  1      0    264     81   3013    0    0     0    58 3067 6322  2  2 96  0  0 2026-07-03 19:08:29
 1  0      0    266     81   3013    0    0     0     0 2629 5082  4  2 94  0  0 2026-07-03 19:08:31
 0  0      0    265     81   3013    0    0     0     0 2836 5867  2  2 97  0  0 2026-07-03 19:08:33
 0  0      0    262     81   3013    0    0     0    26 3934 8983  5  3 92  0  0 2026-07-03 19:08:35
 1  0      0    262     81   3013    0    0     0     2 2834 5912  3  1 96  0  0 2026-07-03 19:08:37
 0  0      0    263     81   3013    0    0     0     0 3129 6521  2  2 96  0  0 2026-07-03 19:08:39
 0  0      0    263     81   3013    0    0     0    24 3455 7387  6  3 90  2  0 2026-07-03 19:08:41
 0  0      0    267     81   3013    0    0     0     2 2395 4679  1  1 97  0  0 2026-07-03 19:08:43
 4  0      0    263     81   3013    0    0     0    24 4311 9483  4  2 94  0  0 2026-07-03 19:08:45
 0  0      0    268     81   3013    0    0     0     4 3259 7558  3  2 94  0  0 2026-07-03 19:08:47
 0  0      0    268     81   3013    0    0    28     2 3232 6453  2  2 96  0  0 2026-07-03 19:08:49
 0  0      0    266     81   3013    0    0     0    32 3529 7977  5  3 92  0  0 2026-07-03 19:08:51
 0  0      0    267     81   3013    0    0     0     0 2462 4746  1  1 98  0  0 2026-07-03 19:08:53
 0  0      0    266     81   3013    0    0     0    20 3506 7624  3  2 96  0  0 2026-07-03 19:08:55
 1  0      0    254     81   3013    0    0     0    22 2897 6063  4  2 94  0  0 2026-07-03 19:08:57
procs -----------메모리---------- ---스왑-- ---입출력-- -시스템-- ------CPU----- -----타임스탬프----
 r  b 스왑 가용 버퍼 캐시  입  출   입   출   in   cs us sy id wa st                      KST
 0  0      0    265     81   3013    0    0     0    26 2933 5769  2  1 97  0  0 2026-07-03 19:08:59
 2  0      0    271     81   3013    0    0     0    38 3375 7778  4  2 94  0  0 2026-07-03 19:09:01
 1  0      0    266     81   3013    0    0    62     0 3031 6096  2  2 96  0  0 2026-07-03 19:09:03
 0  0      0    257     81   3022    0    0  4390     0 3573 7531  3  3 85  9  0 2026-07-03 19:09:05
 0  0      0    256     81   3022    0    0     0    50 3473 7993  4  2 94  0  0 2026-07-03 19:09:07
 0  0      0    260     81   3022    0    0     0     0 3305 6753  2  2 96  0  0 2026-07-03 19:09:09
 4  0      0    256     81   3022    0    0     0    30 3441 7092  3  2 95  0  0 2026-07-03 19:09:11
 0  0      0    260     81   3022    0    0     0     4 2643 5349  4  2 95  0  0 2026-07-03 19:09:13
 0  0      0    263     81   3022    0    0     0     0 3776 7896  3  2 95  0  0 2026-07-03 19:09:15
 0  0      0    256     81   3022    0    0     0    32 3609 8675  5  2 93  0  0 2026-07-03 19:09:17
 0  0      0    259     81   3022    0    0     0   186 3265 6598  2  2 96  0  0 2026-07-03 19:09:19
 0  0      0    260     81   3022    0    0     0     4 2952 5932  2  1 97  0  0 2026-07-03 19:09:21
 0  0      0    259     81   3022    0    0     0    42 3150 6941  4  2 94  0  0 2026-07-03 19:09:23
 2  0      0    256     81   3022    0    0     0     0 2808 5219  2  1 97  0  0 2026-07-03 19:09:25
 0  0      0    255     81   3022    0    0     0    78 3348 7513  4  2 93  0  0 2026-07-03 19:09:27
 0  0      0    259     81   3022    0    0     0     2 3447 6753  3  2 96  0  0 2026-07-03 19:09:29
 0  0      0    255     81   3022    0    0     0    24 2967 6080  2  2 96  0  0 2026-07-03 19:09:31
 0  0      0    254     81   3022    0    0     0    38 3233 7421  4  3 93  0  0 2026-07-03 19:09:33
 0  0      0    256     81   3022    0    0     0     2 3346 7408  3  2 96  0  0 2026-07-03 19:09:35
 0  0      0    259     81   3022    0    0     0    24 3064 6244  3  1 96  0  0 2026-07-03 19:09:37
 0  0      0    257     81   3022    0    0     0     0 3782 8566  5  3 92  0  0 2026-07-03 19:09:39
procs -----------메모리---------- ---스왑-- ---입출력-- -시스템-- ------CPU----- -----타임스탬프----
 r  b 스왑 가용 버퍼 캐시  입  출   입   출   in   cs us sy id wa st                      KST
 0  0      0    255     81   3022    0    0     0     0 2881 5845  2  1 97  0  0 2026-07-03 19:09:41
 0  0      0    253     81   3022    0    0     0    28 2872 6049  4  2 94  0  0 2026-07-03 19:09:43
 0  0      0    256     81   3022    0    0     0     0 3572 7614  2  2 96  0  0 2026-07-03 19:09:45
 3  0      0    254     81   3022    0    0    80     0 3022 6259  2  2 96  0  0 2026-07-03 19:09:47
 0  0      0    258     81   3022    0    0     0    32 3978 9118  5  3 92  0  0 2026-07-03 19:09:49
 0  0      0    260     81   3022    0    0     0     0 2880 5930  2  1 97  0  0 2026-07-03 19:09:51
 2  0      0    256     81   3022    0    0     0    24 2256 4421  4  2 94  0  0 2026-07-03 19:09:53
 1  0      0    256     81   3022    0    0     0     0 3367 6785  2  1 96  0  0 2026-07-03 19:09:55
 3  0      0    253     81   3022    0    0     0     0 3080 6642  2  2 96  0  0 2026-07-03 19:09:57
 0  0      0    254     81   3022    0    0     0    46 3942 8860  5  2 93  0  0 2026-07-03 19:09:59
 1  0      0    259     81   3022    0    0     0    22 2892 5803  2  1 97  0  0 2026-07-03 19:10:01
 0  0      0    256     81   3022    0    0     0     0 2861 5892  2  1 97  0  0 2026-07-03 19:10:03
 0  0      0    257     81   3022    0    0     0    40 3600 8185  4  3 93  0  0 2026-07-03 19:10:05
 0  0      0    258     81   3022    0    0     0     0 2752 5767  2  2 96  0  0 2026-07-03 19:10:07
 0  0      0    250     81   3022    0    0     0    28 4022 9239  5  3 92  0  0 2026-07-03 19:10:09
 0  0      0    255     81   3022    0    0     0     4 2950 6035  2  1 96  0  0 2026-07-03 19:10:11
 0  0      0    257     81   3022    0    0     0     0 2341 4606  2  1 98  0  0 2026-07-03 19:10:13
 0  0      0    256     81   3022    0    0     0    36 3821 8427  5  2 93  0  0 2026-07-03 19:10:15
 0  0      0    265     81   3022    0    0     0    46 2797 5751  2  1 97  0  0 2026-07-03 19:10:17
 0  0      0    256     81   3022    0    0     0    34 4256 10108  5  3 92  0  0 2026-07-03 19:10:19
 1  0      0    254     81   3022    0    0     0     0 2024 3418  1  1 98  0  0 2026-07-03 19:10:21
procs -----------메모리---------- ---스왑-- ---입출력-- -시스템-- ------CPU----- -----타임스탬프----
 r  b 스왑 가용 버퍼 캐시  입  출   입   출   in   cs us sy id wa st                      KST
 0  0      0    253     81   3022    0    0     0     0 2555 4906  2  1 97  0  0 2026-07-03 19:10:23
 0  0      0    251     81   3022    0    0     0    26 3561 7785  5  2 92  0  0 2026-07-03 19:10:25
 0  0      0    259     81   3022    0    0    22     0 2859 6032  2  1 96  0  0 2026-07-03 19:10:27
 1  0      0    259     81   3022    0    0     0    30 3353 7181  2  2 96  0  0 2026-07-03 19:10:29
 0  0      0    258     81   3022    0    0     0    60 3426 7664  5  2 93  0  0 2026-07-03 19:10:31
 1  0      0    261     81   3022    0    0     0     0 2787 5825  2  1 97  0  0 2026-07-03 19:10:33
 3  0      0    254     81   3022    0    0     0    32 3690 8219  5  2 93  0  0 2026-07-03 19:10:35
 0  0      0    259     81   3022    0    0     0     0 2865 5918  3  1 96  0  0 2026-07-03 19:10:37
 0  0      0    259     81   3022    0    0     0     2 3385 7395  2  1 96  0  0 2026-07-03 19:10:39
 0  0      0    255     81   3022    0    0     0    38 3613 7662  5  2 92  0  0 2026-07-03 19:10:41
 0  0      0    257     81   3022    0    0    26     0 2457 4706  1  1 97  0  0 2026-07-03 19:10:43
 2  0      0    252     81   3022    0    0     0    32 3693 7958  3  2 95  0  0 2026-07-03 19:10:45
 0  0      0    264     81   3022    0    0     0     0 3130 6923  4  2 94  0  0 2026-07-03 19:10:47
 2  0      0    253     81   3022    0    0     0     0 3142 6122  2  2 97  0  0 2026-07-03 19:10:49
 0  0      0    254     81   3022    0    0     0    26 3303 7647  5  2 93  0  0 2026-07-03 19:10:51
 0  0      0    256     81   3022    0    0     0     0 2493 4809  1  1 98  0  0 2026-07-03 19:10:53
 0  0      0    260     81   3022    0    0     0     0 3254 6557  2  2 96  0  0 2026-07-03 19:10:55
 0  0      0    255     81   3022    0    0     0    24 3116 6791  6  2 92  0  0 2026-07-03 19:10:57
 0  0      0    258     81   3022    0    0     0     0 3415 7247  3  1 96  0  0 2026-07-03 19:10:59
 4  0      0    265     81   3022    0    0     0    50 3073 6843  4  2 94  0  0 2026-07-03 19:11:01
 0  0      0    260     81   3022    0    0     0    22 3166 6691  2  1 96  0  0 2026-07-03 19:11:03
procs -----------메모리---------- ---스왑-- ---입출력-- -시스템-- ------CPU----- -----타임스탬프----
 r  b 스왑 가용 버퍼 캐시  입  출   입   출   in   cs us sy id wa st                      KST
 0  0      0    263     81   3022    0    0     0     0 3269 6659  2  2 96  0  0 2026-07-03 19:11:05
 1  0      0    260     81   3022    0    0     0    32 3529 7980  5  3 92  0  0 2026-07-03 19:11:07
 0  0      0    261     81   3022    0    0     0     0 3441 7388  2  2 97  0  0 2026-07-03 19:11:09
 0  0      0    258     81   3022    0    0     0     0 2560 4920  2  2 97  0  0 2026-07-03 19:11:11
 0  0      0    258     81   3022    0    0     0    80 3312 7690  4  2 93  0  0 2026-07-03 19:11:13
 0  0      0    260     81   3022    0    0     0     0 3245 6635  2  1 97  0  0 2026-07-03 19:11:15
 1  0      0    254     81   3022    0    0     0    36 2607 5229  4  2 94  0  0 2026-07-03 19:11:17
 0  0      0    255     81   3022    0    0     0     4 4121 8751  3  2 95  0  0 2026-07-03 19:11:19
 0  0      0    257     81   3022    0    0    56     2 2605 5148  2  1 97  0  0 2026-07-03 19:11:21
 0  0      0    255     81   3022    0    0     0    30 3386 7635  4  2 94  0  0 2026-07-03 19:11:23
 0  0      0    252     81   3022    0    0     0     0 3093 6343  2  2 96  0  0 2026-07-03 19:11:25
 0  0      0    255     81   3022    0    0     0    24 3223 7556  4  2 94  0  0 2026-07-03 19:11:27
 0  0      0    256     81   3022    0    0     0     2 3841 8256  3  2 95  0  0 2026-07-03 19:11:29
 0  0      0    261     81   3022    0    0     0     0 2525 4992  1  1 98  0  0 2026-07-03 19:11:31
 0  0      0    256     81   3022    0    0     0    76 3874 8964  5  3 92  0  0 2026-07-03 19:11:33
 0  0      0    259     81   3022    0    0     0     0 3337 6638  2  2 96  0  0 2026-07-03 19:11:35
 0  0      0    257     81   3022    0    0     0     0 2885 5905  2  1 96  0  0 2026-07-03 19:11:37
 0  0      0    259     81   3022    0    0     0    30 3828 8965  4  3 93  0  0 2026-07-03 19:11:39
 0  0      0    256     81   3022    0    0     0     4 2525 4856  2  1 97  0  0 2026-07-03 19:11:41
 0  0      0    254     81   3022    0    0     0    38 3373 7595  4  2 94  0  0 2026-07-03 19:11:43
 1  0      0    255     81   3022    0    0     0     0 2458 4143  1  1 98  0  0 2026-07-03 19:11:45
procs -----------메모리---------- ---스왑-- ---입출력-- -시스템-- ------CPU----- -----타임스탬프----
 r  b 스왑 가용 버퍼 캐시  입  출   입   출   in   cs us sy id wa st                      KST
 0  0      0    257     81   3022    0    0     0     0 2909 6010  2  2 96  0  0 2026-07-03 19:11:47
 0  0      0    260     81   3022    0    0     0    22 4372 10281  6  3 91  0  0 2026-07-03 19:11:49
 0  0      0    258     81   3022    0    0     0     0 2552 5001  2  1 97  0  0 2026-07-03 19:11:51
 0  0      0    255     81   3022    0    0     0    36 3248 7480  4  2 94  0  0 2026-07-03 19:11:53
 2  0      0    256     81   3022    0    0     0    54 3080 6323  2  2 95  1  0 2026-07-03 19:11:55
 0  0      0    255     81   3022    0    0     0     2 2645 5490  2  1 97  0  0 2026-07-03 19:11:57
 1  0      0    254     81   3022    0    0     0     2 4112 9523  5  3 92  0  0 2026-07-03 19:11:59
 0  0      0    259     81   3022    0    0     0    28 2465 4831  2  1 97  0  0 2026-07-03 19:12:01
 0  0      0    259     81   3022    0    0     0    44 3037 6594  2  2 96  0  0 2026-07-03 19:12:03
 0  0      0    256     81   3022    0    0     0     8 4017 8797  5  2 92  0  0 2026-07-03 19:12:05
 0  0      0    256     81   3022    0    0     0    36 2979 6102  2  2 96  0  0 2026-07-03 19:12:07
 0  0      0    256     81   3022    0    0     0     0 3691 8885  5  2 93  0  0 2026-07-03 19:12:09
 0  0      0    257     81   3022    0    0    38    38 2597 4993  1  1 97  0  0 2026-07-03 19:12:11
 1  0      0    254     81   3022    0    0     0     0 2214 4025  1  1 97  0  0 2026-07-03 19:12:13
 0  0      0    261     81   3022    0    0     0     0 3423 7417  5  2 93  0  0 2026-07-03 19:12:15
 0  0      0    258     81   3022    0    0     0    28 2876 5799  2  1 96  0  0 2026-07-03 19:12:17
 4  0      0    250     81   3023    0    0     0     0 4242 9472  5  3 92  0  0 2026-07-03 19:12:19
 0  0      0    257     81   3022    0    0     0     0 2683 5759  2  2 96  0  0 2026-07-03 19:12:21
 0  0      0    256     81   3022    0    0     0    26 2718 5657  2  1 97  0  0 2026-07-03 19:12:23
 0  0      0    252     81   3022    0    0     0     0 3598 8123  5  2 93  0  0 2026-07-03 19:12:25
 1  0      0    255     81   3022    0    0     0    24 2880 5960  2  1 96  0  0 2026-07-03 19:12:27
procs -----------메모리---------- ---스왑-- ---입출력-- -시스템-- ------CPU----- -----타임스탬프----
 r  b 스왑 가용 버퍼 캐시  입  출   입   출   in   cs us sy id wa st                      KST
 0  0      0    255     81   3022    0    0     0     0 3643 8005  2  2 96  0  0 2026-07-03 19:12:29
 0  0      0    257     81   3022    0    0     0     0 3172 6577  4  2 94  0  0 2026-07-03 19:12:31
 0  0      0    258     81   3022    0    0     0    40 3173 6840  3  1 95  1  0 2026-07-03 19:12:33
 1  0      0    252     81   3022    0    0     0    24 3406 7820  4  2 94  0  0 2026-07-03 19:12:35
 0  0      0    254     81   3023    0    0   120    14 3266 6591  3  2 95  0  0 2026-07-03 19:12:37
 1  0      0    252     81   3023    0    0     0    38 3155 6721  2  2 96  0  0 2026-07-03 19:12:39
 0  0      0    254     81   3023    0    0     0     4 3205 7406  4  2 94  0  0 2026-07-03 19:12:41
 1  0      0    247     81   3023    0    0     0    44 2336 4203  1  1 98  0  0 2026-07-03 19:12:43
 4  0      0    253     81   3023    0    0     0    34 3083 5814  3  2 95  0  0 2026-07-03 19:12:45
 0  0      0    252     81   3023    0    0     0     0 3077 7414  3  2 95  0  0 2026-07-03 19:12:47
 0  0      0    256     81   3023    0    0     0     0 3122 6454  2  2 96  0  0 2026-07-03 19:12:49
 0  0      0    254     81   3023    0    0     0    24 3635 8712  5  2 93  0  0 2026-07-03 19:12:51
 0  0      0    254     81   3023    0    0     0     4 2842 5894  2  1 97  0  0 2026-07-03 19:12:53
 0  0      0    262     81   3023    0    0     0    28 2594 5275  1  1 97  0  0 2026-07-03 19:12:55
 0  0      0    254     81   3023    0    0     0     0 4050 9353  5  3 92  0  0 2026-07-03 19:12:57
 0  0      0    260     81   3023    0    0     0     4 2564 5174  2  1 97  0  0 2026-07-03 19:12:59
 0  0      0    252     81   3023    0    0     0    30 3715 8552  5  2 93  0  0 2026-07-03 19:13:01
 1  0      0    250     81   3023    0    0     0     2 2879 6156  2  1 97  0  0 2026-07-03 19:13:03
 0  0      0    250     81   3023    0    0     0    26 3050 6165  2  1 97  0  0 2026-07-03 19:13:05
 0  0      0    251     81   3023    0    0     0    36 3698 8700  5  2 93  0  0 2026-07-03 19:13:07
 0  0      0    252     81   3023    0    0     0    34 2758 5417  2  1 97  0  0 2026-07-03 19:13:09
procs -----------메모리---------- ---스왑-- ---입출력-- -시스템-- ------CPU----- -----타임스탬프----
 r  b 스왑 가용 버퍼 캐시  입  출   입   출   in   cs us sy id wa st                      KST
 4  0      0    243     81   3023    0    0     0    32 3314 7413  4  2 94  0  0 2026-07-03 19:13:11
 1  0      0    249     81   3023    0    0     0     0 2126 3967  2  1 97  0  0 2026-07-03 19:13:13
 3  0      0    253     81   3023    0    0     0     0 2973 5723  2  1 97  0  0 2026-07-03 19:13:15
 3  0      0    249     81   3023    0    0     0    28 3573 8626  5  3 93  0  0 2026-07-03 19:13:17
 0  0      0    250     81   3023    0    0     0     2 2982 6219  2  2 97  0  0 2026-07-03 19:13:19
 0  0      0    251     81   3023    0    0     0     2 3180 6986  3  2 96  0  0 2026-07-03 19:13:21
 0  0      0    252     81   3023    0    0     0    24 3424 7692  5  3 92  0  0 2026-07-03 19:13:23
 0  0      0    260     81   3023    0    0     0     0 2856 5462  2  2 96  0  0 2026-07-03 19:13:25
 0  0      0    254     81   3023    0    0     4    22 3714 8422  5  2 92  0  0 2026-07-03 19:13:27
 0  0      0    262     81   3023    0    0     0     2 2740 5294  2  1 98  0  0 2026-07-03 19:13:29
 0  0      0    261     81   3023    0    0     0     0 3289 6945  2  2 96  0  0 2026-07-03 19:13:31
 0  0      0    257     81   3023    0    0     0    28 3494 7993  5  2 93  0  0 2026-07-03 19:13:33
 0  0      0    263     81   3023    0    0     0     2 3209 6365  2  2 97  0  0 2026-07-03 19:13:35
 1  0      0    260     82   3023    0    0     0    58 3198 7124  3  2 95  0  0 2026-07-03 19:13:37
 0  0      0    259     82   3023    0    0     0     2 3045 6849  4  2 94  0  0 2026-07-03 19:13:39
 1  0      0    255     82   3023    0    0     0     0 2693 5215  2  1 97  0  0 2026-07-03 19:13:41
 1  0      0    253     82   3023    0    0     0    80 2984 6505  4  2 93  0  0 2026-07-03 19:13:43
 0  0      0    254     82   3023    0    0     0     0 2957 5588  2  2 96  0  0 2026-07-03 19:13:45
 0  0      0    259     82   3023    0    0     0     0 3178 6857  2  1 96  0  0 2026-07-03 19:13:47
 0  0      0    253     82   3023    0    0     0    24 3634 7712  5  2 92  0  0 2026-07-03 19:13:49
 0  0      0    255     82   3023    0    0     0     0 3078 6544  3  2 96  0  0 2026-07-03 19:13:51
procs -----------메모리---------- ---스왑-- ---입출력-- -시스템-- ------CPU----- -----타임스탬프----
 r  b 스왑 가용 버퍼 캐시  입  출   입   출   in   cs us sy id wa st                      KST
 0  0      0    255     82   3023    0    0     0    24 3410 7663  4  2 94  0  0 2026-07-03 19:13:53
 0  0      0    256     82   3023    0    0     0     2 2739 5266  2  1 97  0  0 2026-07-03 19:13:55
 0  0      0    259     82   3023    0    0     0     0 3124 6855  3  2 96  0  0 2026-07-03 19:13:57
 0  0      0    256     82   3023    0    0     0    24 3534 7543  5  2 93  0  0 2026-07-03 19:13:59
 0  0      0    258     82   3023    0    0     0     4 3244 6909  3  1 96  0  0 2026-07-03 19:14:01
 0  0      0    255     82   3023    0    0     0    30 2726 5639  2  1 97  0  0 2026-07-03 19:14:03
 3  0      0    250     82   3023    0    0     0     2 3758 8395  5  2 93  0  0 2026-07-03 19:14:05
 0  0      0    257     82   3023    0    0     0    22 3021 6716  2  1 97  0  0 2026-07-03 19:14:07
 1  0      0    243     82   3023    0    0     0    34 2881 5672  4  2 94  0  0 2026-07-03 19:14:09
 0  0      0    250     82   3023    0    0     0     6 3122 6422  3  2 96  0  0 2026-07-03 19:14:11
 0  0      0    254     82   3023    0    0     0     8 2781 5775  2  1 97  0  0 2026-07-03 19:14:13
 0  0      0    257     82   3023    0    0     0    46 3409 7188  4  2 93  0  0 2026-07-03 19:14:15
 0  0      0    256     82   3023    0    0     0     0 3267 7190  2  2 96  0  0 2026-07-03 19:14:17
 0  0      0    256     82   3023    0    0     0    22 3590 7971  4  2 93  0  0 2026-07-03 19:14:19
 0  0      0    258     82   3023    0    0     0     0 3318 7146  3  1 96  0  0 2026-07-03 19:14:21
 0  0      0    258     82   3023    0    0     0     0 2747 5776  2  2 97  0  0 2026-07-03 19:14:23
 0  0      0    250     82   3023    0    0     0    28 3320 6853  5  2 92  0  0 2026-07-03 19:14:25
 1  0      0    252     82   3023    0    0     0     0 2848 5931  2  2 96  0  0 2026-07-03 19:14:27
 0  0      0    255     82   3023    0    0     0    36 3063 6208  2  1 97  0  0 2026-07-03 19:14:29
 0  0      0    259     82   3023    0    0     0     0 4077 9340  5  3 92  0  0 2026-07-03 19:14:31
10  0      0    255     82   3023    0    0     0     0 2777 5729  2  1 97  0  0 2026-07-03 19:14:33
procs -----------메모리---------- ---스왑-- ---입출력-- -시스템-- ------CPU----- -----타임스탬프----
 r  b 스왑 가용 버퍼 캐시  입  출   입   출   in   cs us sy id wa st                      KST
 1  0      0    250     82   3023    0    0     0    32 3440 7198  5  2 93  0  0 2026-07-03 19:14:35
 0  0      0    252     82   3023    0    0     0    24 2410 4543  2  1 97  0  0 2026-07-03 19:14:37
 0  0      0    252     82   3023    0    0     0     0 2909 6166  2  2 96  0  0 2026-07-03 19:14:39
 0  0      0    249     82   3023    0    0     0    42 3788 8431  6  2 92  0  0 2026-07-03 19:14:41
 0  0      0    250     82   3023    0    0     0    44 2928 6097  2  2 96  0  0 2026-07-03 19:14:43
 0  0      0    255     82   3023    0    0     0    68 3402 7546  4  2 94  0  0 2026-07-03 19:14:45
 0  0      0    256     82   3023    0    0     0     4 2807 5881  2  1 97  0  0 2026-07-03 19:14:47
 0  0      0    257     82   3023    0    0     0     0 3475 7483  3  2 95  0  0 2026-07-03 19:14:49
 0  0      0    252     82   3023    0    0     0    22 3802 8820  6  3 92  0  0 2026-07-03 19:14:51
 0  0      0    255     82   3023    0    0     0     0 2969 5863  2  1 96  0  0 2026-07-03 19:14:53
 0  0      0    255     82   3023    0    0     0     0 2849 5483  2  1 97  0  0 2026-07-03 19:14:55
 0  0      0    254     82   3023    0    0     0    24 3362 7607  4  2 94  0  0 2026-07-03 19:14:57
 1  0      0    253     82   3023    0    0     0     0 2986 6242  2  1 97  0  0 2026-07-03 19:14:59
 0  1      0    256     82   3023    0    0   246    24 3746 8726  5  2 93  1  0 2026-07-03 19:15:01
 1  0      0    255     82   3023    0    0     0     0 2380 4715  2  1 97  0  0 2026-07-03 19:15:03
 0  0      0    255     82   3023    0    0     0     0 2721 5253  2  1 97  0  0 2026-07-03 19:15:05
 0  0      0    251     82   3023    0    0     0    30 3505 7771  5  2 93  0  0 2026-07-03 19:15:07
 1  0      0    255     82   3023    0    0     0    22 2912 6067  2  2 96  0  0 2026-07-03 19:15:09
 4  0      0    245     82   3024    0    0    10    34 3658 8012  4  2 94  0  0 2026-07-03 19:15:11
 0  0      0    250     82   3023    0    0     0     2 3036 6715  3  2 95  0  0 2026-07-03 19:15:13
 0  0      0    252     82   3023    0    0     0     0 2859 5581  1  1 97  0  0 2026-07-03 19:15:15
procs -----------메모리---------- ---스왑-- ---입출력-- -시스템-- ------CPU----- -----타임스탬프----
 r  b 스왑 가용 버퍼 캐시  입  출   입   출   in   cs us sy id wa st                      KST
 0  0      0    255     82   3023    0    0     0    48 3262 7470  5  2 93  0  0 2026-07-03 19:15:17
 0  0      0    256     82   3023    0    0     0     0 3223 7120  2  1 96  0  0 2026-07-03 19:15:19
 0  0      0    258     82   3023    0    0     0    36 3007 6730  2  1 97  0  0 2026-07-03 19:15:21
 0  0      0    256     82   3023    0    0     0     4 3368 7554  5  2 93  0  0 2026-07-03 19:15:23
 0  0      0    258     82   3023    0    0     0     0 2851 5417  1  2 97  0  0 2026-07-03 19:15:25
 0  0      0    252     82   3023    0    0     0    36 3190 7364  4  2 93  0  0 2026-07-03 19:15:27
 2  0      0    254     82   3023    0    0     0     0 3021 6239  2  1 97  0  0 2026-07-03 19:15:29
 0  0      0    265     82   3023    0    0     0     0 3063 6644  2  2 96  0  0 2026-07-03 19:15:31
 1  0      0    256     82   3023    0    0     0   162 2967 6298  4  2 92  2  0 2026-07-03 19:15:33
 0  0      0    257     82   3023    0    0     0     0 2672 5127  1  1 98  0  0 2026-07-03 19:15:35
 1  0      0    245     82   3023    0    0     0    22 3089 6560  2  1 97  0  0 2026-07-03 19:15:37
 0  0      0    255     82   3023    0    0     0    34 3497 7366  4  2 94  0  0 2026-07-03 19:15:39
 1  0      0    253     82   3023    0    0     0     0 2997 6412  2  2 96  0  0 2026-07-03 19:15:41
 0  0      0    250     82   3023    0    0     0    48 3702 8330  5  2 93  0  0 2026-07-03 19:15:43
 0  0      0    257     82   3023    0    0     0     4 2877 5561  2  1 97  0  0 2026-07-03 19:15:45
 0  0      0    256     82   3023    0    0     0     4 2888 5977  2  1 97  0  0 2026-07-03 19:15:47
 0  0      0    254     82   3023    0    0     0    46 3914 8671  5  2 92  0  0 2026-07-03 19:15:49
 0  0      0    252     82   3023    0    0     0     0 2735 5761  2  1 97  0  0 2026-07-03 19:15:51
 1  0      0    250     82   3023    0    0     0    28 3603 8363  5  3 92  0  0 2026-07-03 19:15:53
 0  0      0    253     82   3023    0    0     0     0 2906 5754  2  1 97  0  0 2026-07-03 19:15:55
 0  0      0    256     82   3023    0    0     0     0 2865 5893  2  1 97  0  0 2026-07-03 19:15:57
procs -----------메모리---------- ---스왑-- ---입출력-- -시스템-- ------CPU----- -----타임스탬프----
 r  b 스왑 가용 버퍼 캐시  입  출   입   출   in   cs us sy id wa st                      KST
 1  0      0    255     82   3023    0    0     0    22 3645 8082  4  2 93  0  0 2026-07-03 19:15:59
 0  0      0    254     82   3023    0    0     0     0 2707 5743  1  1 98  0  0 2026-07-03 19:16:01
 4  0      0    254     82   3023    0    0     0    26 2597 4946  2  1 96  0  0 2026-07-03 19:16:03
 0  0      0    251     82   3023    0    0     0     0 3474 7814  5  2 93  0  0 2026-07-03 19:16:05
 0  0      0    258     82   3023    0    0     0     0 2762 5799  2  2 96  0  0 2026-07-03 19:16:07
 0  0      0    255     82   3023    0    0     0    44 3718 8195  4  2 93  0  0 2026-07-03 19:16:09
 0  0      0    258     82   3023    0    0     0     0 2897 5920  2  1 97  0  0 2026-07-03 19:16:11
 0  0      0    257     82   3023    0    0     0     0 2893 5886  2  1 97  0  0 2026-07-03 19:16:13
 0  0      0    254     82   3023    0    0     0    36 3781 8142  5  3 92  0  0 2026-07-03 19:16:15
 0  0      0    255     82   3023    0    0     0     2 2751 5733  2  1 97  0  0 2026-07-03 19:16:17
 1  0      0    251     82   3023    0    0     0    44 3994 9163  6  3 91  0  0 2026-07-03 19:16:19
 0  0      0    255     82   3023    0    0     0     0 2898 5980  2  2 96  0  0 2026-07-03 19:16:21
 0  0      0    250     82   3023    0    0     0     8 2749 5781  2  1 97  0  0 2026-07-03 19:16:23
 0  0      0    252     82   3023    0    0    96    36 4021 8889  5  3 92  1  0 2026-07-03 19:16:25
 0  0      0    254     82   3023    0    0     0     0 2668 5521  2  1 97  0  0 2026-07-03 19:16:27
 0  0      0    255     82   3023    0    0     0     4 3324 6724  2  2 96  0  0 2026-07-03 19:16:29
 1  0      0    242     82   3023    0    0     0    34 3306 7210  4  2 93  0  0 2026-07-03 19:16:31
 0  0      0    258     82   3023    0    0     0     0 2081 3796  1  1 98  0  0 2026-07-03 19:16:33
 0  0      0    247     82   3023    0    0    30    28 4194 9543  6  3 91  0  0 2026-07-03 19:16:35
 2  0      0    258     82   3023    0    0     0     0 2891 5801  3  1 96  0  0 2026-07-03 19:16:37
 0  0      0    256     82   3023    0    0     0     0 3324 6736  3  2 96  0  0 2026-07-03 19:16:39
procs -----------메모리---------- ---스왑-- ---입출력-- -시스템-- ------CPU----- -----타임스탬프----
 r  b 스왑 가용 버퍼 캐시  입  출   입   출   in   cs us sy id wa st                      KST
 0  0      0    251     82   3023    0    0    54    54 3408 7729  4  2 93  0  0 2026-07-03 19:16:41
 0  0      0    253     82   3023    0    0     0    78 2727 5575  1  1 97  0  0 2026-07-03 19:16:43
 0  0      0    254     82   3024    0    0     0    34 3888 8376  5  3 93  0  0 2026-07-03 19:16:45
 0  0      0    256     82   3024    0    0   106     0 2876 5860  2  1 97  0  0 2026-07-03 19:16:47
 0  0      0    254     82   3024    0    0     0     4 3165 6491  2  2 96  0  0 2026-07-03 19:16:49
 0  0      0    253     82   3024    0    0    48    62 4028 9065  5  3 92  0  0 2026-07-03 19:16:51
 9  0      0    261     82   3024    0    0     0     0 2759 5734  2  1 97  0  0 2026-07-03 19:16:53
 0  0      0    255     82   3024    0    0     0     0 3347 6730  2  2 96  0  0 2026-07-03 19:16:55
 0  0      0    253     82   3024    0    0     0    28 3228 7266  5  2 93  0  0 2026-07-03 19:16:57
 0  0      0    255     82   3024    0    0     0     6 3107 6279  2  1 97  0  0 2026-07-03 19:16:59
 2  0      0    249     82   3024    0    0    80    24 2746 5582  4  2 94  0  0 2026-07-03 19:17:01
 0  0      0    258     82   3024    0    0     0     0 2670 5583  2  1 98  0  0 2026-07-03 19:17:03
 0  0      0    258     82   3024    0    0     0     2 3511 7509  2  2 96  0  0 2026-07-03 19:17:05
 0  0      0    254     82   3024    0    0     0    30 3408 7715  4  2 94  0  0 2026-07-03 19:17:07
 0  0      0    255     82   3024    0    0     0     0 3052 6335  2  1 96  0  0 2026-07-03 19:17:09
 4  0      0    247     82   3024    0    0     0   196 3204 6881  4  1 93  2  0 2026-07-03 19:17:11
 0  0      0    253     82   3024    0    0     0     0 3105 6855  3  2 96  0  0 2026-07-03 19:17:13
 0  0      0    258     82   3024    0    0     0     0 3252 6660  2  2 96  0  0 2026-07-03 19:17:15
 1  0      0    254     82   3024    0    0     0    46 3185 7552  4  2 93  1  0 2026-07-03 19:17:17
 0  0      0    255     82   3024    0    0     0     0 3108 6483  2  1 97  0  0 2026-07-03 19:17:19
 0  0      0    254     82   3024    0    0     0    26 3163 6789  2  1 96  0  0 2026-07-03 19:17:21
procs -----------메모리---------- ---스왑-- ---입출력-- -시스템-- ------CPU----- -----타임스탬프----
 r  b 스왑 가용 버퍼 캐시  입  출   입   출   in   cs us sy id wa st                      KST
 0  0      0    256     82   3024    0    0     6    48 3478 7846  5  2 93  1  0 2026-07-03 19:17:23
 0  0      0    253     82   3024    0    0     0     0 3165 6340  2  2 97  0  0 2026-07-03 19:17:25
 1  0      0    253     82   3024    0    0     0    34 3326 7685  5  2 93  0  0 2026-07-03 19:17:27
 1  0      0    252     82   3024    0    0     0     2 2847 5434  2  2 96  0  0 2026-07-03 19:17:29
 0  0      0    259     82   3024    0    0     0     0 2466 5040  1  1 97  0  0 2026-07-03 19:17:31
 0  0      0    255     82   3024    0    0     0    28 3574 8058  4  3 93  0  0 2026-07-03 19:17:33
 0  0      0    255     82   3024    0    0     0     6 3582 7777  2  2 96  0  0 2026-07-03 19:17:35
 4  0      0    248     82   3024    0    0     0    34 2935 5788  3  1 95  0  0 2026-07-03 19:17:37
 0  0      0    253     82   3024    0    0     0     0 3600 7760  4  2 94  0  0 2026-07-03 19:17:39
 0  0      0    254     82   3024    0    0     0    24 2862 5936  2  1 97  0  0 2026-07-03 19:17:41
 0  0      0    254     82   3024    0    0     0    36 3345 7711  5  3 92  0  0 2026-07-03 19:17:43
 0  0      0    251     82   3024    0    0     0     0 3557 6857  3  2 95  0  0 2026-07-03 19:17:45
 0  0      0    251     82   3024    0    0     0     0 2425 4646  1  1 98  0  0 2026-07-03 19:17:47
 0  0      0    253     82   3024    0    0     0    30 3885 9167  5  3 92  0  0 2026-07-03 19:17:49
 0  0      0    251     82   3024    0    0     0     0 3192 6942  3  2 96  0  0 2026-07-03 19:17:51
 0  0      0    251     82   3024    0    0     0   108 3332 7039  5  2 93  0  0 2026-07-03 19:17:53
 0  0      0    250     82   3024    0    0     0     0 3120 6462  2  2 96  0  0 2026-07-03 19:17:55
 1  0      0    244     82   3024    0    0     0     2 1926 3140  1  1 98  0  0 2026-07-03 19:17:57
 0  0      0    254     82   3024    0    0     0    30 3901 9132  5  3 92  0  0 2026-07-03 19:17:59
 2  0      0    253     82   3024    0    0     0     2 2653 5315  2  1 97  0  0 2026-07-03 19:18:01
 0  0      0    253     82   3024    0    0     0     2 2986 6261  2  1 97  0  0 2026-07-03 19:18:03
procs -----------메모리---------- ---스왑-- ---입출력-- -시스템-- ------CPU----- -----타임스탬프----
 r  b 스왑 가용 버퍼 캐시  입  출   입   출   in   cs us sy id wa st                      KST
 0  0      0    256     82   3024    0    0     0    26 4038 9252  5  2 93  0  0 2026-07-03 19:18:05
 0  0      0    255     82   3024    0    0     0     0 2708 5110  2  1 97  0  0 2026-07-03 19:18:07
 0  0      0    258     82   3024    0    0     0    24 3981 9283  5  2 93  0  0 2026-07-03 19:18:09
 0  0      0    257     82   3024    0    0    70     2 2564 4888  1  1 98  0  0 2026-07-03 19:18:11
 0  0      0    256     82   3024    0    0     0    28 3076 6656  2  1 97  0  0 2026-07-03 19:18:13
 0  0      0    253     82   3024    0    0     0    40 3798 8546  5  2 93  0  0 2026-07-03 19:18:15
 0  0      0    257     82   3024    0    0     0     0 2442 4726  2  1 97  0  0 2026-07-03 19:18:17
 0  0      0    253     82   3024    0    0    28    30 3723 8835  5  3 92  0  0 2026-07-03 19:18:19
 0  0      0    258     82   3024    0    0     0     0 2983 5879  2  2 96  0  0 2026-07-03 19:18:21
 0  0      0    252     82   3024    0    0     0    14 2954 6549  2  1 97  0  0 2026-07-03 19:18:23
 0  0      0    253     82   3024    0    0     0    30 3524 8015  5  3 93  0  0 2026-07-03 19:18:25
 1  0      0    253     82   3024    0    0     0     0 1794 2591  1  1 98  0  0 2026-07-03 19:18:27
 0  0      0    253     82   3024    0    0     0     0 3478 7381  3  2 96  0  0 2026-07-03 19:18:29
 0  0      0    248     82   3024    0    0     0    28 2920 6409  4  2 94  0  0 2026-07-03 19:18:31
 0  0      0    247     82   3024    0    0     0     0 3233 6897  2  1 96  0  0 2026-07-03 19:18:33
 0  0      0   1710     82   3024    0    0    88    32 3915 8939  7  3 89  1  0 2026-07-03 19:18:35
 0  0      0   1708     82   3024    0    0    46     2 2330 4187  1  4 90  4  0 2026-07-03 19:18:37
 0  0      0   1716     82   3024    0    0     0     0 3346 7068  3  1 96  0  0 2026-07-03 19:18:39
 0  0      0   1711     82   3024    0    0     0    80 2316 4479  2  1 95  2  0 2026-07-03 19:18:41
 0  0      0   1715     82   3024    0    0     0   106 2746 6088  2  1 97  0  0 2026-07-03 19:18:43
 0  0      0   1718     82   3024    0    0     0    54 2722 5474  2  1 97  0  0 2026-07-03 19:18:45
procs -----------메모리---------- ---스왑-- ---입출력-- -시스템-- ------CPU----- -----타임스탬프----
 r  b 스왑 가용 버퍼 캐시  입  출   입   출   in   cs us sy id wa st                      KST
 0  0      0   1724     82   3024    0    0     0    10 1942 3922  1  1 99  0  0 2026-07-03 19:18:47
 0  0      0   1720     82   3024    0    0     0     0 3022 6600  2  1 96  0  0 2026-07-03 19:18:49
 1  0      0   2078     82   2651    0    0    84   706 3525 7637  3  2 86  8  0 2026-07-03 19:18:51
 2  0      0   2100     82   2651    0    0     0     4 2735 6148  2  1 97  0  0 2026-07-03 19:18:53
 3  0      0   2084     82   2651    0    0     0    58 2907 6153  2  1 97  0  0 2026-07-03 19:18:55
 0  1      0   2029     82   2664    0    0  6406   186 1884 3205  6  1 88  5  0 2026-07-03 19:18:57
 2  1      0   1870     82   2666    0    0  1102     6 4279 9768 34  2 60  4  0 2026-07-03 19:18:59
 3  0      0   1743     82   2669    0    0  1686     0 3260 5580 32  1 63  3  0 2026-07-03 19:19:01
 4  0      0   1671     82   2670    0    0   440    50 3786 6593 40  2 56  2  0 2026-07-03 19:19:03
 3  0      0   1618     82   2672    0    0  1132     8 4227 9245 30  2 67  1  0 2026-07-03 19:19:05
 1  0      0   1607     82   2674    0    0   702    50 3342 4937 38  1 60  1  0 2026-07-03 19:19:07
 1  0      0   1513     82   2674    0    0    72     2 3758 7632 20  2 77  0  0 2026-07-03 19:19:09
 0  0      0   1532     82   2674    0    0    40     4 2588 5054  5  1 94  0  0 2026-07-03 19:19:11
 0  0      0   1531     82   2674    0    0     0    54 2716 5571  2  1 96  0  0 2026-07-03 19:19:13
 0  0      0   1533     82   2674    0    0     0     0 3581 7630  3  1 95  0  0 2026-07-03 19:19:15
 0  0      0   1524     82   2674    0    0     0     0 2235 4464  3  1 97  0  0 2026-07-03 19:19:17
 0  0      0   1523     82   2674    0    0     0    34 3047 6306  3  1 96  0  0 2026-07-03 19:19:19
 0  0      0   1529     82   2674    0    0     0     0 3144 6881  3  1 96  0  0 2026-07-03 19:19:21
 1  0      0   1521     82   2674    0    0     0     4 2013 3386  2  1 97  0  0 2026-07-03 19:19:23
