1783098486 $SYS/broker/publish/messages/dropped 557062
1783098486 $SYS/broker/clients/total 10
1783098486 $SYS/broker/clients/inactive 0
1783098486 $SYS/broker/clients/disconnected 0
1783098486 $SYS/broker/clients/active 10
1783098486 $SYS/broker/clients/connected 10
1783098486 $SYS/broker/clients/expired 0
1783098486 $SYS/broker/clients/maximum 10005
1783098486 $SYS/broker/messages/stored 51
1783098486 $SYS/broker/messages/received 6439236
1783098486 $SYS/broker/messages/sent 6450051
1783098495 $SYS/broker/clients/total 1287
1783098495 $SYS/broker/clients/active 1287
1783098495 $SYS/broker/clients/connected 1287
1783098495 $SYS/broker/messages/stored 132
1783098495 $SYS/broker/messages/received 6449067
1783098495 $SYS/broker/messages/sent 6460042
1783098506 $SYS/broker/clients/total 6174
1783098506 $SYS/broker/clients/active 6174
1783098506 $SYS/broker/clients/connected 6174
1783098506 $SYS/broker/messages/stored 8371
1783098506 $SYS/broker/messages/received 6569267
1783098506 $SYS/broker/messages/sent 6580441
1783098506 $SYS/broker/publish/messages/dropped 602070
1783098517 $SYS/broker/clients/total 10011
1783098517 $SYS/broker/clients/maximum 10011
1783098517 $SYS/broker/clients/active 10011
1783098517 $SYS/broker/clients/connected 10011
1783098517 $SYS/broker/messages/received 6787193
1783098517 $SYS/broker/messages/sent 6798439
1783098517 $SYS/broker/publish/messages/dropped 765611
1783098528 $SYS/broker/messages/received 7034694
1783098528 $SYS/broker/messages/sent 7046000
1783098528 $SYS/broker/publish/messages/dropped 957950
1783098539 $SYS/broker/messages/received 7293389
1783098539 $SYS/broker/messages/sent 7304755
1783098539 $SYS/broker/publish/messages/dropped 1139379
1783098550 $SYS/broker/messages/stored 8370
1783098550 $SYS/broker/messages/received 7555855
1783098550 $SYS/broker/messages/sent 7567284
1783098550 $SYS/broker/publish/messages/dropped 1317111
1783098561 $SYS/broker/messages/stored 8371
1783098561 $SYS/broker/messages/received 7833481
1783098561 $SYS/broker/messages/sent 7844973
1783098561 $SYS/broker/publish/messages/dropped 1479678
1783098572 $SYS/broker/messages/received 8105283
1783098572 $SYS/broker/messages/sent 8116835
1783098572 $SYS/broker/publish/messages/dropped 1648054
1783098583 $SYS/broker/messages/received 8370500
1783098583 $SYS/broker/messages/sent 8382112
1783098583 $SYS/broker/publish/messages/dropped 1822997
1783098594 $SYS/broker/messages/received 8645892
1783098594 $SYS/broker/messages/sent 8657564
1783098594 $SYS/broker/publish/messages/dropped 1987847
1783098605 $SYS/broker/messages/received 8914044
1783098605 $SYS/broker/messages/sent 8925776
1783098605 $SYS/broker/publish/messages/dropped 2159811
1783098616 $SYS/broker/messages/received 9182531
1783098616 $SYS/broker/messages/sent 9194323
1783098616 $SYS/broker/publish/messages/dropped 2331503
1783098627 $SYS/broker/messages/received 9455349
1783098627 $SYS/broker/messages/sent 9467201
1783098627 $SYS/broker/publish/messages/dropped 2498837
1783098638 $SYS/broker/messages/received 9718513
1783098638 $SYS/broker/messages/sent 9730476
1783098638 $SYS/broker/publish/messages/dropped 2675915
1783098649 $SYS/broker/messages/received 9989744
1783098649 $SYS/broker/messages/sent 10001767
1783098649 $SYS/broker/publish/messages/dropped 2844828
1783098660 $SYS/broker/messages/received 10262934
1783098660 $SYS/broker/messages/sent 10275017
1783098660 $SYS/broker/publish/messages/dropped 3011790
1783098671 $SYS/broker/messages/received 10531704
1783098671 $SYS/broker/messages/sent 10543847
1783098671 $SYS/broker/publish/messages/dropped 3183225
1783098682 $SYS/broker/messages/received 10794191
1783098682 $SYS/broker/messages/sent 10806394
1783098682 $SYS/broker/publish/messages/dropped 3361146
1783098693 $SYS/broker/messages/received 11063983
1783098693 $SYS/broker/messages/sent 11076246
1783098693 $SYS/broker/publish/messages/dropped 3531328
1783098704 $SYS/broker/messages/received 11329489
1783098704 $SYS/broker/messages/sent 11341812
1783098704 $SYS/broker/publish/messages/dropped 3705918
1783098715 $SYS/broker/messages/received 11602442
1783098715 $SYS/broker/messages/sent 11614825
1783098715 $SYS/broker/publish/messages/dropped 3873201
1783098726 $SYS/broker/messages/received 11873619
1783098726 $SYS/broker/messages/sent 11886062
1783098726 $SYS/broker/publish/messages/dropped 4042088
1783098737 $SYS/broker/messages/received 12145034
1783098737 $SYS/broker/messages/sent 12157537
1783098737 $SYS/broker/publish/messages/dropped 4210934
1783098748 $SYS/broker/messages/received 12420620
1783098748 $SYS/broker/messages/sent 12433183
1783098748 $SYS/broker/publish/messages/dropped 4375484
1783098759 $SYS/broker/messages/received 12688650
1783098759 $SYS/broker/messages/sent 12701273
1783098759 $SYS/broker/publish/messages/dropped 4547584
1783098770 $SYS/broker/messages/received 12963061
1783098770 $SYS/broker/messages/sent 12975795
1783098770 $SYS/broker/publish/messages/dropped 4713387
1783098781 $SYS/broker/messages/stored 8370
1783098781 $SYS/broker/messages/received 13244945
1783098781 $SYS/broker/messages/sent 13257742
1783098781 $SYS/broker/publish/messages/dropped 4871860
1783098792 $SYS/broker/messages/stored 8371
1783098792 $SYS/broker/messages/received 13511769
1783098792 $SYS/broker/messages/sent 13524629
1783098792 $SYS/broker/publish/messages/dropped 5045044
1783098803 $SYS/broker/messages/received 13783865
1783098803 $SYS/broker/messages/sent 13796785
1783098803 $SYS/broker/publish/messages/dropped 5217979
1783098814 $SYS/broker/messages/received 14062202
1783098814 $SYS/broker/messages/sent 14075182
1783098814 $SYS/broker/publish/messages/dropped 5384691
1783098825 $SYS/broker/messages/received 14332729
1783098825 $SYS/broker/messages/sent 14345769
1783098825 $SYS/broker/publish/messages/dropped 5554616
1783098836 $SYS/broker/messages/received 14602114
1783098836 $SYS/broker/messages/sent 14615214
1783098836 $SYS/broker/publish/messages/dropped 5725351
1783098847 $SYS/broker/messages/received 14878247
1783098847 $SYS/broker/messages/sent 14891407
1783098847 $SYS/broker/publish/messages/dropped 5889411
