1783073971 $SYS/broker/publish/messages/dropped 3635926
1783073971 $SYS/broker/clients/total 3
1783073971 $SYS/broker/clients/inactive 0
1783073971 $SYS/broker/clients/disconnected 0
1783073971 $SYS/broker/clients/active 3
1783073971 $SYS/broker/clients/connected 3
1783073971 $SYS/broker/clients/expired 0
1783073971 $SYS/broker/clients/maximum 10004
1783073971 $SYS/broker/messages/stored 51
1783073971 $SYS/broker/messages/received 9750288
1783073971 $SYS/broker/messages/sent 9777313
1783073975 $SYS/broker/clients/total 196
1783073975 $SYS/broker/clients/active 196
1783073975 $SYS/broker/clients/connected 196
1783073975 $SYS/broker/messages/stored 149
1783073975 $SYS/broker/messages/received 9750770
1783073975 $SYS/broker/messages/sent 9777894
1783073986 $SYS/broker/clients/total 5084
1783073986 $SYS/broker/clients/active 5084
1783073986 $SYS/broker/clients/connected 5084
1783073986 $SYS/broker/messages/stored 1091
1783073986 $SYS/broker/messages/received 9793953
1783073986 $SYS/broker/messages/sent 9821146
1783073986 $SYS/broker/publish/messages/dropped 3659561
1783073997 $SYS/broker/clients/total 9968
1783073997 $SYS/broker/clients/inactive -2
1783073997 $SYS/broker/clients/disconnected -2
1783073997 $SYS/broker/clients/active 9970
1783073997 $SYS/broker/clients/connected 9970
1783073997 $SYS/broker/messages/received 9895066
1783073997 $SYS/broker/messages/sent 9922334
1783073997 $SYS/broker/publish/messages/dropped 3733709
1783074008 $SYS/broker/clients/total 10004
1783074008 $SYS/broker/clients/inactive 0
1783074008 $SYS/broker/clients/disconnected 0
1783074008 $SYS/broker/clients/active 10004
1783074008 $SYS/broker/clients/connected 10004
1783074008 $SYS/broker/messages/stored 1090
1783074008 $SYS/broker/messages/received 10023409
1783074008 $SYS/broker/messages/sent 10050755
1783074008 $SYS/broker/publish/messages/dropped 3825381
1783074019 $SYS/broker/messages/stored 1088
1783074019 $SYS/broker/messages/received 10163070
1783074019 $SYS/broker/messages/sent 10190479
1783074019 $SYS/broker/publish/messages/dropped 3905725
1783074030 $SYS/broker/messages/stored 1090
1783074030 $SYS/broker/messages/received 10304507
1783074030 $SYS/broker/messages/sent 10331979
1783074030 $SYS/broker/publish/messages/dropped 3984288
1783074041 $SYS/broker/messages/received 10451126
1783074041 $SYS/broker/messages/sent 10478658
1783074041 $SYS/broker/publish/messages/dropped 4057672
1783074052 $SYS/broker/messages/received 10598177
1783074052 $SYS/broker/messages/sent 10625769
1783074052 $SYS/broker/publish/messages/dropped 4130624
1783074063 $SYS/broker/messages/received 10744538
1783074063 $SYS/broker/messages/sent 10772190
1783074063 $SYS/broker/publish/messages/dropped 4204265
1783074074 $SYS/broker/messages/received 10891447
1783074074 $SYS/broker/messages/sent 10919159
1783074074 $SYS/broker/publish/messages/dropped 4277359
1783074085 $SYS/broker/messages/stored 1089
1783074085 $SYS/broker/messages/received 11038693
1783074085 $SYS/broker/messages/sent 11066468
1783074085 $SYS/broker/publish/messages/dropped 4350116
1783074096 $SYS/broker/messages/stored 1091
1783074096 $SYS/broker/messages/received 11185403
1783074096 $SYS/broker/messages/sent 11213292
1783074096 $SYS/broker/publish/messages/dropped 4423421
1783074107 $SYS/broker/messages/received 11332735
1783074107 $SYS/broker/messages/sent 11360684
1783074107 $SYS/broker/publish/messages/dropped 4496082
1783074118 $SYS/broker/messages/stored 1090
1783074118 $SYS/broker/messages/received 11479520
1783074118 $SYS/broker/messages/sent 11507532
1783074118 $SYS/broker/publish/messages/dropped 4569298
1783074129 $SYS/broker/messages/received 11625785
1783074129 $SYS/broker/messages/sent 11653857
1783074129 $SYS/broker/publish/messages/dropped 4643035
1783074140 $SYS/broker/messages/stored 1091
1783074140 $SYS/broker/messages/received 11772524
1783074140 $SYS/broker/messages/sent 11800659
1783074140 $SYS/broker/publish/messages/dropped 4716302
1783074151 $SYS/broker/messages/stored 1089
1783074151 $SYS/broker/messages/received 11918291
1783074151 $SYS/broker/messages/sent 11946489
1783074151 $SYS/broker/publish/messages/dropped 4790536
1783074162 $SYS/broker/messages/stored 1090
1783074162 $SYS/broker/messages/received 12064850
1783074162 $SYS/broker/messages/sent 12093111
1783074162 $SYS/broker/publish/messages/dropped 4863978
1783074173 $SYS/broker/messages/received 12212028
1783074173 $SYS/broker/messages/sent 12240349
1783074173 $SYS/broker/publish/messages/dropped 4936803
1783074184 $SYS/broker/messages/stored 1091
1783074184 $SYS/broker/messages/received 12358757
1783074184 $SYS/broker/messages/sent 12387141
1783074184 $SYS/broker/publish/messages/dropped 5010087
1783074195 $SYS/broker/messages/stored 1090
1783074195 $SYS/broker/messages/received 12505624
1783074195 $SYS/broker/messages/sent 12534071
1783074195 $SYS/broker/publish/messages/dropped 5083212
1783074206 $SYS/broker/messages/stored 1091
1783074206 $SYS/broker/messages/received 12652814
1783074206 $SYS/broker/messages/sent 12681324
1783074206 $SYS/broker/publish/messages/dropped 5156019
1783074217 $SYS/broker/messages/stored 1090
1783074217 $SYS/broker/messages/received 12799217
1783074217 $SYS/broker/messages/sent 12827841
1783074217 $SYS/broker/publish/messages/dropped 5229626
1783074228 $SYS/broker/messages/received 12946489
1783074228 $SYS/broker/messages/sent 12975173
1783074228 $SYS/broker/publish/messages/dropped 5302357
1783074239 $SYS/broker/messages/received 13094454
1783074239 $SYS/broker/messages/sent 13123198
1783074239 $SYS/broker/publish/messages/dropped 5374394
1783074250 $SYS/broker/messages/stored 1091
1783074250 $SYS/broker/messages/received 13240747
1783074250 $SYS/broker/messages/sent 13269554
1783074250 $SYS/broker/publish/messages/dropped 5448114
1783074261 $SYS/broker/messages/stored 1090
1783074261 $SYS/broker/messages/received 13387804
1783074261 $SYS/broker/messages/sent 13416674
1783074261 $SYS/broker/publish/messages/dropped 5521049
1783074272 $SYS/broker/messages/received 13534854
1783074272 $SYS/broker/messages/sent 13563784
1783074272 $SYS/broker/publish/messages/dropped 5594002
1783074283 $SYS/broker/messages/stored 1091
1783074283 $SYS/broker/messages/received 13685538
1783074283 $SYS/broker/messages/sent 13714531
1783074283 $SYS/broker/publish/messages/dropped 5667066
1783074294 $SYS/broker/messages/stored 1090
1783074294 $SYS/broker/messages/received 13837133
1783074294 $SYS/broker/messages/sent 13866189
1783074294 $SYS/broker/publish/messages/dropped 5740356
1783074305 $SYS/broker/messages/received 13985491
1783074305 $SYS/broker/messages/sent 14014607
1783074305 $SYS/broker/publish/messages/dropped 5813372
1783074316 $SYS/broker/messages/received 14132913
1783074316 $SYS/broker/messages/sent 14162089
1783074316 $SYS/broker/publish/messages/dropped 5885953
1783074327 $SYS/broker/messages/received 14280085
1783074327 $SYS/broker/messages/sent 14309321
1783074327 $SYS/broker/publish/messages/dropped 5958783
1783074338 $SYS/broker/clients/total 4
1783074338 $SYS/broker/clients/active 4
1783074338 $SYS/broker/clients/connected 4
1783074338 $SYS/broker/messages/stored 51
1783074338 $SYS/broker/messages/received 14375288
1783074338 $SYS/broker/messages/sent 14404576
1783074338 $SYS/broker/publish/messages/dropped 6005022
